Archive member included to satisfy reference by file (symbol)

/usr/local/segger_embedded_studio_V5.42a/lib/libc_v7em_fpv4_sp_d16_hard_t_le_eabi.a(libc2.o)
                              Output/Common/Obj/dw3000_api/shared_functions.o (abs)
/usr/local/segger_embedded_studio_V5.42a/lib/libc_v7em_fpv4_sp_d16_hard_t_le_eabi.a(libc2_asm.o)
                              Output/Common/Obj/dw3000_api/deca_spi.o (memcpy)
/usr/local/segger_embedded_studio_V5.42a/lib/libc_v7em_fpv4_sp_d16_hard_t_le_eabi.a(libvfprintf.o)
                              (__vfprintf_float_long)
/usr/local/segger_embedded_studio_V5.42a/lib/libc_v7em_fpv4_sp_d16_hard_t_le_eabi.a(libvfscanf.o)
                              (__vfscanf_long)
/usr/local/segger_embedded_studio_V5.42a/lib/libc_v7em_fpv4_sp_d16_hard_t_le_eabi.a(libc.o)
                              /usr/local/segger_embedded_studio_V5.42a/lib/libc_v7em_fpv4_sp_d16_hard_t_le_eabi.a(libc2.o) (__heap_lock)
/usr/local/segger_embedded_studio_V5.42a/lib/libc_v7em_fpv4_sp_d16_hard_t_le_eabi.a(libc_asm.o)
                              /usr/local/segger_embedded_studio_V5.42a/lib/libc_v7em_fpv4_sp_d16_hard_t_le_eabi.a(libc2.o) (__aeabi_uldivmod)
/usr/local/segger_embedded_studio_V5.42a/lib/libdebugio_v7em_fpv4_sp_d16_hard_t_le_eabi.a(libdebugio.o)
                              Output/Common/Obj/dw3000_api/thumb_crt0.o (debug_fopen)
/usr/local/segger_embedded_studio_V5.42a/lib/libdebugio_v7em_fpv4_sp_d16_hard_t_le_eabi.a(do_nv_debug_operation.o)
                              /usr/local/segger_embedded_studio_V5.42a/lib/libdebugio_v7em_fpv4_sp_d16_hard_t_le_eabi.a(libdebugio.o) (__do_nvdebug_operation)
/usr/local/segger_embedded_studio_V5.42a/lib/libdebugio_v7em_fpv4_sp_d16_hard_t_le_eabi.a(mempoll_debug_operations.o)
                              (__do_debug_operation_mempoll)
/usr/local/segger_embedded_studio_V5.42a/lib/libm_v7em_fpv4_sp_d16_hard_t_le_eabi.a(libm_asm.o)
                              /usr/local/segger_embedded_studio_V5.42a/lib/libc_v7em_fpv4_sp_d16_hard_t_le_eabi.a(libc2.o) (__aeabi_dadd)
/usr/local/segger_embedded_studio_V5.42a/lib/libm_v7em_fpv4_sp_d16_hard_t_le_eabi.a(libm2.o)
                              /usr/local/segger_embedded_studio_V5.42a/lib/libc_v7em_fpv4_sp_d16_hard_t_le_eabi.a(libvfprintf.o) (frexp)
Shared/dwt_uwb_driver/lib/libdwt_uwb_driver-m4-hfp-6.0.7.a(deca_interface.c.obj)
                              (--whole-archive)
Shared/dwt_uwb_driver/lib/libdwt_uwb_driver-m4-hfp-6.0.7.a(deca_compat.c.obj)
                              (--whole-archive)
Shared/dwt_uwb_driver/lib/libdwt_uwb_driver-m4-hfp-6.0.7.a(dw3000_device.c.obj)
                              (--whole-archive)
Shared/dwt_uwb_driver/lib/libdwt_uwb_driver-m4-hfp-6.0.7.a(dw3700_device.c.obj)
                              (--whole-archive)
Shared/dwt_uwb_driver/lib/libdwt_uwb_driver-m4-hfp-6.0.7.a(dw3720_device.c.obj)
                              (--whole-archive)

Discarded input sections

 .group         0x0000000000000000        0xc Output/Common/Obj/dw3000_api/deca_mutex.o
 .group         0x0000000000000000        0xc Output/Common/Obj/dw3000_api/deca_mutex.o
 .group         0x0000000000000000        0xc Output/Common/Obj/dw3000_api/deca_mutex.o
 .group         0x0000000000000000        0xc Output/Common/Obj/dw3000_api/deca_mutex.o
 .group         0x0000000000000000        0xc Output/Common/Obj/dw3000_api/deca_mutex.o
 .group         0x0000000000000000        0xc Output/Common/Obj/dw3000_api/deca_mutex.o
 .group         0x0000000000000000        0xc Output/Common/Obj/dw3000_api/deca_mutex.o
 .group         0x0000000000000000        0xc Output/Common/Obj/dw3000_api/deca_mutex.o
 .group         0x0000000000000000        0xc Output/Common/Obj/dw3000_api/deca_mutex.o
 .group         0x0000000000000000        0xc Output/Common/Obj/dw3000_api/deca_mutex.o
 .group         0x0000000000000000        0xc Output/Common/Obj/dw3000_api/deca_mutex.o
 .group         0x0000000000000000        0xc Output/Common/Obj/dw3000_api/deca_mutex.o
 .group         0x0000000000000000        0xc Output/Common/Obj/dw3000_api/deca_mutex.o
 .group         0x0000000000000000        0xc Output/Common/Obj/dw3000_api/deca_mutex.o
 .group         0x0000000000000000        0xc Output/Common/Obj/dw3000_api/deca_mutex.o
 .group         0x0000000000000000        0xc Output/Common/Obj/dw3000_api/deca_mutex.o
 .group         0x0000000000000000        0xc Output/Common/Obj/dw3000_api/deca_mutex.o
 .group         0x0000000000000000        0xc Output/Common/Obj/dw3000_api/deca_mutex.o
 .group         0x0000000000000000        0xc Output/Common/Obj/dw3000_api/deca_mutex.o
 .group         0x0000000000000000        0xc Output/Common/Obj/dw3000_api/deca_mutex.o
 .group         0x0000000000000000        0xc Output/Common/Obj/dw3000_api/deca_mutex.o
 .group         0x0000000000000000        0xc Output/Common/Obj/dw3000_api/deca_mutex.o
 .group         0x0000000000000000        0xc Output/Common/Obj/dw3000_api/deca_mutex.o
[...]
Memory Configuration

Name             Origin             Length             Attributes
UNPLACED_SECTIONS 0x0000000100000000 0x0000000000000000 xw
RAM1             0x0000000020000000 0x0000000000020000 xw
FLASH            0x0000000000000000 0x0000000000080000 xw
*default*        0x0000000000000000 0xffffffffffffffff

Linker script and memory map

                0x0000000000000000                __do_debug_operation = __do_debug_operation_mempoll
                0x0000000000024008                __vfprintf = __vfprintf_float_long
                0x0000000000000000                __vfscanf = __vfscanf_long
                0x0000000020000000                __RAM1_segment_start__ = 0x20000000
                0x0000000020020000                __RAM1_segment_end__ = 0x20020000
                0x0000000000020000                __RAM1_segment_size__ = 0x20000
                0x0000000000000000                __FLASH_segment_start__ = 0x0
                0x0000000000080000                __FLASH_segment_end__ = 0x80000
                0x0000000000080000                __FLASH_segment_size__ = 0x80000
                0x0000000000002000                __HEAPSIZE__ = 0x2000
                0x0000000000000000                __STACKSIZE_PROCESS__ = 0x0
                0x0000000000002000                __STACKSIZE__ = 0x2000
                0x0000000020000000                __vectors_ram_load_start__ = 0x20000000

.vectors_ram    0x0000000020000000        0x0
                0x0000000020000000                __vectors_ram_start__ = .
                0x0000000020000000                __app_ram_start__ = __vectors_ram_start__
 *(.vectors_ram .vectors_ram.*)
                0x0000000020000000                __vectors_ram_end__ = (__vectors_ram_start__ + SIZEOF (.vectors_ram))
                0x0000000000000000                __vectors_ram_size__ = SIZEOF (.vectors_ram)
                0x0000000020000000                __vectors_ram_load_end__ = __vectors_ram_end__
                0x0000000000000001                . = ASSERT (((__vectors_ram_start__ == __vectors_ram_end__) || ((__vectors_ram_end__ - __RAM1_segment_start__) <= __RAM1_segment_size__)), error: .vectors_ram is too large to fit in RAM1 memory segment)
                0x0000000020000000                __nrf_sections_run_load_start__ = ALIGN (__vectors_ram_end__, 0x4)

.nrf_sections_run
                0x0000000020000000        0x0
                0x0000000020000000                __nrf_sections_run_start__ = .
                0x0000000020000000                __start_nrf_sections_run = __nrf_sections_run_start__
 *(.nrf_sections_run .nrf_sections_run.*)
                0x0000000020000000                __nrf_sections_run_end__ = (__nrf_sections_run_start__ + SIZEOF (.nrf_sections_run))
                0x0000000000000000                __nrf_sections_run_size__ = SIZEOF (.nrf_sections_run)
                0x0000000020000000                __nrf_sections_run_load_end__ = __nrf_sections_run_end__
                0x0000000000000001                . = ASSERT (((__nrf_sections_run_start__ == __nrf_sections_run_end__) || ((__nrf_sections_run_end__ - __RAM1_segment_start__) <= __RAM1_segment_size__)), error: .nrf_sections_run is too large to fit in RAM1 memory segment)
                0x0000000000000000                __vectors_load_start__ = 0x0

.vectors        0x0000000000000000      0x200
                0x0000000000000000                __vectors_start__ = .
 *(.vectors .vectors.*)
 .vectors       0x0000000000000000      0x200 Output/Common/Obj/dw3000_api/ses_startup_nrf52833.o
                0x0000000000000000                _vectors
                0x0000000000000200                __vectors_end__ = (__vectors_start__ + SIZEOF (.vectors))
                0x0000000000000200                __vectors_size__ = SIZEOF (.vectors)
                0x0000000000000200                __vectors_load_end__ = __vectors_end__
                0x0000000000000001                . = ASSERT (((__vectors_start__ == __vectors_end__) || ((__vectors_end__ - __FLASH_segment_start__) <= __FLASH_segment_size__)), error: .vectors is too large to fit in FLASH memory segment)
                0x000000000001d000                __default_config_load_start__ = 0x1d000

.default_config
                0x000000000001d000      0x400
                0x000000000001d000                __default_config_start__ = .
 *(.default_config .default_config.*)
                0x000000000001d400                . = ALIGN (MAX ((__default_config_start__ + 0x400), .), 0x100)
 *fill*         0x000000000001d000      0x400 
                0x000000000001d400                __default_config_end__ = (__default_config_start__ + SIZEOF (.default_config))
                0x0000000000000400                __default_config_size__ = SIZEOF (.default_config)
                0x000000000001d400                __default_config_load_end__ = __default_config_end__
                0x0000000000000001                . = ASSERT (((__default_config_start__ == __default_config_end__) || ((__default_config_end__ - __FLASH_segment_start__) <= __FLASH_segment_size__)), error: .default_config is too large to fit in FLASH memory segment)
                0x0000000000000001                . = ASSERT ((__vectors_end__ <= __default_config_start__), error: section .vectors overlaps absolute placed section .default_config)
                0x000000000001e000                __fConfig_load_start__ = 0x1e000

.fConfig        0x000000000001e000     0x1000
                0x000000000001e000                __fConfig_start__ = .
 *(.fConfig .fConfig.*)
                0x000000000001f000                . = ALIGN (MAX ((__fConfig_start__ + 0x1000), .), 0x100)
 *fill*         0x000000000001e000     0x1000 
                0x000000000001f000                __fConfig_end__ = (__fConfig_start__ + SIZEOF (.fConfig))
                0x0000000000001000                __fConfig_size__ = SIZEOF (.fConfig)
                0x000000000001f000                __fConfig_load_end__ = __fConfig_end__
                0x0000000000000001                . = ASSERT (((__fConfig_start__ == __fConfig_end__) || ((__fConfig_end__ - __FLASH_segment_start__) <= __FLASH_segment_size__)), error: .fConfig is too large to fit in FLASH memory segment)
                0x0000000000000001                . = ASSERT ((__default_config_end__ <= __fConfig_start__), error: section .default_config overlaps absolute placed section .fConfig)
                0x000000000001f000                __init_load_start__ = 0x1f000

.init           0x000000000001f000      0x1d0
                0x000000000001f000                __init_start__ = .
 *(.init .init.*)
 .init          0x000000000001f000      0x15c Output/Common/Obj/dw3000_api/thumb_crt0.o
                0x000000000001f000                _start
                0x000000000001f0b4                exit
 .init          0x000000000001f15c       0x18 Output/Common/Obj/dw3000_api/ses_startup_nrf52833.o
                0x000000000001f15c                NMI_Handler
                0x000000000001f15e                HardFault_Handler
                0x000000000001f160                MemoryManagement_Handler
                0x000000000001f162                BusFault_Handler
                0x000000000001f164                UsageFault_Handler
                0x000000000001f166                SVC_Handler
                0x000000000001f168                DebugMon_Handler
                0x000000000001f16a                PendSV_Handler
                0x000000000001f16c                SysTick_Handler
                0x000000000001f16e                TIMER2_IRQHandler
                0x000000000001f16e                RTC0_IRQHandler
                0x000000000001f16e                SWI0_EGU0_IRQHandler
                0x000000000001f16e                SWI2_EGU2_IRQHandler
                0x000000000001f16e                PWM1_IRQHandler
                0x000000000001f16e                POWER_CLOCK_IRQHandler
                0x000000000001f16e                RADIO_IRQHandler
                0x000000000001f16e                PDM_IRQHandler
                0x000000000001f16e                TEMP_IRQHandler
                0x000000000001f16e                QDEC_IRQHandler
                0x000000000001f16e                TIMER3_IRQHandler
                0x000000000001f16e                PWM3_IRQHandler
                0x000000000001f16e                FPU_IRQHandler
                0x000000000001f16e                USBD_IRQHandler
                0x000000000001f16e                TIMER4_IRQHandler
                0x000000000001f16e                I2S_IRQHandler
                0x000000000001f16e                SWI4_EGU4_IRQHandler
                0x000000000001f16e                TIMER0_IRQHandler
                0x000000000001f16e                UARTE1_IRQHandler
                0x000000000001f16e                Dummy_Handler
                0x000000000001f16e                TIMER1_IRQHandler
                0x000000000001f16e                PWM2_IRQHandler
                0x000000000001f16e                ECB_IRQHandler
                0x000000000001f16e                SPIM1_SPIS1_TWIM1_TWIS1_SPI1_TWI1_IRQHandler
                0x000000000001f16e                SAADC_IRQHandler
                0x000000000001f16e                CCM_AAR_IRQHandler
                0x000000000001f16e                WDT_IRQHandler
                0x000000000001f16e                SWI5_EGU5_IRQHandler
                0x000000000001f16e                RNG_IRQHandler
                0x000000000001f16e                RTC2_IRQHandler
                0x000000000001f16e                PWM0_IRQHandler
                0x000000000001f16e                SWI3_EGU3_IRQHandler
                0x000000000001f16e                RTC1_IRQHandler
                0x000000000001f16e                SWI1_EGU1_IRQHandler
                0x000000000001f16e                NFCT_IRQHandler
                0x000000000001f16e                MWU_IRQHandler
                0x000000000001f16e                COMP_LPCOMP_IRQHandler
                0x000000000001f170                nRFInitialize
 .init          0x000000000001f174       0x5c Output/Common/Obj/dw3000_api/ses_startup_nrf_common.o
                0x000000000001f174                Reset_Handler
                0x000000000001f178                afterInitialize
                0x000000000001f19c                InitializeUserMemorySections
                0x000000000001f1d0                __init_end__ = (__init_start__ + SIZEOF (.init))
                0x00000000000001d0                __init_size__ = SIZEOF (.init)
                0x000000000001f1d0                __init_load_end__ = __init_end__
                0x0000000000000001                . = ASSERT (((__init_start__ == __init_end__) || ((__init_end__ - __FLASH_segment_start__) <= __FLASH_segment_size__)), error: .init is too large to fit in FLASH memory segment)
                0x0000000000000001                . = ASSERT ((__fConfig_end__ <= __init_start__), error: section .fConfig overlaps absolute placed section .init)
                0x000000000001f1d0                __init_rodata_load_start__ = ALIGN (__init_end__, 0x4)

.init_rodata    0x000000000001f1d0        0x0
                0x000000000001f1d0                __init_rodata_start__ = .
 *(.init_rodata .init_rodata.*)
                0x000000000001f1d0                __init_rodata_end__ = (__init_rodata_start__ + SIZEOF (.init_rodata))
                0x0000000000000000                __init_rodata_size__ = SIZEOF (.init_rodata)
                0x000000000001f1d0                __init_rodata_load_end__ = __init_rodata_end__
                0x0000000000000001                . = ASSERT (((__init_rodata_start__ == __init_rodata_end__) || ((__init_rodata_end__ - __FLASH_segment_start__) <= __FLASH_segment_size__)), error: .init_rodata is too large to fit in FLASH memory segment)
                0x000000000001f1d0                __text_load_start__ = ALIGN (__init_rodata_end__, 0x4)

.text           0x000000000001f1d0    0x1405c
                0x000000000001f1d0                __text_start__ = .
 *(.text .text.* .glue_7t .glue_7 .gnu.linkonce.t.* .gcc_except_table .ARM.extab* .gnu.linkonce.armextab.*)
 .glue_7        0x000000000001f1d0        0x0 linker stubs
 .glue_7t       0x000000000001f1d0        0x0 linker stubs
 .text.decamutexon
                0x000000000001f1d0       0x30 Output/Common/Obj/dw3000_api/deca_mutex.o
                0x000000000001f1d0                decamutexon
 .text.decamutexoff
                0x000000000001f200       0x24 Output/Common/Obj/dw3000_api/deca_mutex.o
                0x000000000001f200                decamutexoff
 .text.nrfx_coredep_delay_us
                0x000000000001f224       0x30 Output/Common/Obj/dw3000_api/deca_sleep.o
 .text.deca_sleep
                0x000000000001f254       0x14 Output/Common/Obj/dw3000_api/deca_sleep.o
                0x000000000001f254                deca_sleep
 .text.deca_usleep
                0x000000000001f268       0x14 Output/Common/Obj/dw3000_api/deca_sleep.o
                0x000000000001f268                deca_usleep
 .text.dwm3001c_spi_init
                0x000000000001f27c       0xac Output/Common/Obj/dw3000_api/deca_spi.o
                0x000000000001f27c                dwm3001c_spi_init
 .text.nrfx_coredep_delay_us
                0x000000000001f328       0x30 Output/Common/Obj/dw3000_api/port.o
 .text.nrf_gpio_pin_port_decode
                0x000000000001f358       0x2c Output/Common/Obj/dw3000_api/port.o
 .text.nrf_gpio_cfg
                0x000000000001f384       0x62 Output/Common/Obj/dw3000_api/port.o
 .text.nrf_gpio_cfg_output
                0x000000000001f3e6       0x22 Output/Common/Obj/dw3000_api/port.o
 .text.nrf_gpio_pin_read
                0x000000000001f408       0x2a Output/Common/Obj/dw3000_api/port.o
 .text.nrf_gpio_port_in_read
                0x000000000001f432       0x10 Output/Common/Obj/dw3000_api/port.o
 .text.nrf_delay_ms
                0x000000000001f442       0x2a Output/Common/Obj/dw3000_api/port.o
 .text.Sleep    0x000000000001f46c       0x14 Output/Common/Obj/dw3000_api/port.o
                0x000000000001f46c                Sleep
 .text.gpio_init
                0x000000000001f480       0x2c Output/Common/Obj/dw3000_api/port.o
                0x000000000001f480                gpio_init
 .text.deca_irq_handler
                0x000000000001f4ac       0x18 Output/Common/Obj/dw3000_api/port.o
                0x000000000001f4ac                deca_irq_handler
 .text.dw_irq_init
                0x000000000001f4c4       0x60 Output/Common/Obj/dw3000_api/port.o
                0x000000000001f4c4                dw_irq_init
 .text.process_deca_irq
                0x000000000001f524       0x28 Output/Common/Obj/dw3000_api/port.o
                0x000000000001f524                process_deca_irq
 .text.port_CheckEXT_IRQ
                0x000000000001f54c       0x18 Output/Common/Obj/dw3000_api/port.o
                0x000000000001f54c                port_CheckEXT_IRQ
 .text.nrfx_coredep_delay_us
                0x000000000001f564       0x30 Output/Common/Obj/dw3000_api/main.o
 .text.nrf_delay_ms
                0x000000000001f594       0x2a Output/Common/Obj/dw3000_api/main.o
 *fill*         0x000000000001f5be        0x2 
 .text.test_run_info
                0x000000000001f5c0       0x1c Output/Common/Obj/dw3000_api/main.o
                0x000000000001f5c0                test_run_info
 .text.main     0x000000000001f5dc       0x20 Output/Common/Obj/dw3000_api/main.o
                0x000000000001f5dc                main
 .text._DoInit  0x000000000001f5fc       0x9c Output/Common/Obj/dw3000_api/SEGGER_RTT.o
 .text._WriteBlocking
                0x000000000001f698       0xb2 Output/Common/Obj/dw3000_api/SEGGER_RTT.o
 .text._WriteNoCheck
                0x000000000001f74a       0x7e Output/Common/Obj/dw3000_api/SEGGER_RTT.o
 .text._GetAvailWriteSpace
                0x000000000001f7c8       0x3c Output/Common/Obj/dw3000_api/SEGGER_RTT.o
 .text.SEGGER_RTT_WriteNoLock
                0x000000000001f804       0xa0 Output/Common/Obj/dw3000_api/SEGGER_RTT.o
                0x000000000001f804                SEGGER_RTT_WriteNoLock
 .text.SEGGER_RTT_Write
                0x000000000001f8a4       0x44 Output/Common/Obj/dw3000_api/SEGGER_RTT.o
                0x000000000001f8a4                SEGGER_RTT_Write
 .text.printf   0x000000000001f8e8       0x4c Output/Common/Obj/dw3000_api/SEGGER_RTT_Syscalls_SES.o
                0x000000000001f8e8                printf
 .text.nrfx_coredep_delay_us
                0x000000000001f934       0x30 Output/Common/Obj/dw3000_api/uart_example.o
 .text.nrf_delay_ms
                0x000000000001f964       0x2a Output/Common/Obj/dw3000_api/uart_example.o
 .text.uart_event_handler
                0x000000000001f98e        0xa Output/Common/Obj/dw3000_api/uart_example.o
                0x000000000001f98e                uart_event_handler
 .text.uart_put_string
                0x000000000001f998       0x42 Output/Common/Obj/dw3000_api/uart_example.o
                0x000000000001f998                uart_put_string
 *fill*         0x000000000001f9da        0x2 
 .text.uart_example
                0x000000000001f9dc       0x8c Output/Common/Obj/dw3000_api/uart_example.o
                0x000000000001f9dc                uart_example
 .text.app_error_handler
                0x000000000001fa68       0x1c Output/Common/Obj/dw3000_api/app_error_handler_gcc.o
                0x000000000001fa68                app_error_handler
 .text.app_error_fault_handler
                0x000000000001fa84      0x104 Output/Common/Obj/dw3000_api/app_error_weak.o
                0x000000000001fa84                app_error_fault_handler
 .text.nrf_log_backend_put
                0x000000000001fb88       0x1c Output/Common/Obj/dw3000_api/nrf_log_frontend.o
 .text.nrf_log_backend_panic_set
                0x000000000001fba4       0x18 Output/Common/Obj/dw3000_api/nrf_log_frontend.o
 .text.nrf_log_backend_flush
                0x000000000001fbbc       0x18 Output/Common/Obj/dw3000_api/nrf_log_frontend.o
 .text.nrf_log_backend_enable
                0x000000000001fbd4       0x12 Output/Common/Obj/dw3000_api/nrf_log_frontend.o
 .text.nrf_log_backend_is_enabled
                0x000000000001fbe6       0x10 Output/Common/Obj/dw3000_api/nrf_log_frontend.o
 .text.invalid_packets_omit
                0x000000000001fbf6       0x6e Output/Common/Obj/dw3000_api/nrf_log_frontend.o
 .text.log_skip
                0x000000000001fc64      0x108 Output/Common/Obj/dw3000_api/nrf_log_frontend.o
 .text.dropped_sat16_get
                0x000000000001fd6c       0x28 Output/Common/Obj/dw3000_api/nrf_log_frontend.o
 .text.std_header_set
                0x000000000001fd94       0x9c Output/Common/Obj/dw3000_api/nrf_log_frontend.o
 .text.log_pending_hook
                0x000000000001fe30        0x4 Output/Common/Obj/dw3000_api/nrf_log_frontend.o
                0x000000000001fe30                log_pending_hook
 .text.buf_prealloc
                0x000000000001fe34      0x128 Output/Common/Obj/dw3000_api/nrf_log_frontend.o
 .text.std_n    0x000000000001ff5c       0x98 Output/Common/Obj/dw3000_api/nrf_log_frontend.o
 .text.nrf_log_frontend_std_0
                0x000000000001fff4       0x1c Output/Common/Obj/dw3000_api/nrf_log_frontend.o
                0x000000000001fff4                nrf_log_frontend_std_0
 .text.nrf_log_frontend_std_1
                0x0000000000020010       0x22 Output/Common/Obj/dw3000_api/nrf_log_frontend.o
                0x0000000000020010                nrf_log_frontend_std_1
 .text.nrf_log_frontend_std_2
                0x0000000000020032       0x28 Output/Common/Obj/dw3000_api/nrf_log_frontend.o
                0x0000000000020032                nrf_log_frontend_std_2
 .text.nrf_log_frontend_std_5
                0x000000000002005a       0x34 Output/Common/Obj/dw3000_api/nrf_log_frontend.o
                0x000000000002005a                nrf_log_frontend_std_5
 *fill*         0x000000000002008e        0x2 
 .text.buffer_is_empty
                0x0000000000020090       0x1c Output/Common/Obj/dw3000_api/nrf_log_frontend.o
                0x0000000000020090                buffer_is_empty
 .text.nrf_log_frontend_dequeue
                0x00000000000200ac      0x3a0 Output/Common/Obj/dw3000_api/nrf_log_frontend.o
                0x00000000000200ac                nrf_log_frontend_dequeue
 .text.nrf_log_panic
                0x000000000002044c       0x3c Output/Common/Obj/dw3000_api/nrf_log_frontend.o
                0x000000000002044c                nrf_log_panic
 .text.nrf_strerror_get
                0x0000000000020488       0x28 Output/Common/Obj/dw3000_api/nrf_strerror.o
                0x0000000000020488                nrf_strerror_get
 .text.nrf_strerror_find
                0x00000000000204b0       0x68 Output/Common/Obj/dw3000_api/nrf_strerror.o
                0x00000000000204b0                nrf_strerror_find
 .text.app_error_save_and_stop
                0x0000000000020518       0x98 Output/Common/Obj/dw3000_api/app_error.o
                0x0000000000020518                app_error_save_and_stop
 .text.nrf_atomic_u32_fetch_store
                0x00000000000205b0       0x2e Output/Common/Obj/dw3000_api/nrf_atomic.o
                0x00000000000205b0                nrf_atomic_u32_fetch_store
 .text.nrf_atomic_u32_or
                0x00000000000205de       0x30 Output/Common/Obj/dw3000_api/nrf_atomic.o
                0x00000000000205de                nrf_atomic_u32_or
 .text.nrf_atomic_u32_fetch_and
                0x000000000002060e       0x30 Output/Common/Obj/dw3000_api/nrf_atomic.o
                0x000000000002060e                nrf_atomic_u32_fetch_and
 .text.nrf_atomic_u32_add
                0x000000000002063e       0x30 Output/Common/Obj/dw3000_api/nrf_atomic.o
                0x000000000002063e                nrf_atomic_u32_add
 .text.nrf_atomic_u32_sub
                0x000000000002066e       0x30 Output/Common/Obj/dw3000_api/nrf_atomic.o
                0x000000000002066e                nrf_atomic_u32_sub
 .text.nrf_atomic_flag_set
                0x000000000002069e       0x18 Output/Common/Obj/dw3000_api/nrf_atomic.o
                0x000000000002069e                nrf_atomic_flag_set
 .text.nrf_atomic_flag_clear_fetch
                0x00000000000206b6       0x18 Output/Common/Obj/dw3000_api/nrf_atomic.o
                0x00000000000206b6                nrf_atomic_flag_clear_fetch
 *fill*         0x00000000000206ce        0x2 
 .text.app_util_disable_irq
                0x00000000000206d0       0x18 Output/Common/Obj/dw3000_api/app_util_platform.o
                0x00000000000206d0                app_util_disable_irq
 .text.app_util_enable_irq
                0x00000000000206e8       0x20 Output/Common/Obj/dw3000_api/app_util_platform.o
                0x00000000000206e8                app_util_enable_irq
 .text.app_util_critical_region_enter
                0x0000000000020708       0x12 Output/Common/Obj/dw3000_api/app_util_platform.o
                0x0000000000020708                app_util_critical_region_enter
 .text.app_util_critical_region_exit
                0x000000000002071a       0x16 Output/Common/Obj/dw3000_api/app_util_platform.o
                0x000000000002071a                app_util_critical_region_exit
 .text.nrf_memobj_alloc
                0x0000000000020730       0xae Output/Common/Obj/dw3000_api/nrf_memobj.o
                0x0000000000020730                nrf_memobj_alloc
 .text.nrf_memobj_free
                0x00000000000207de       0x74 Output/Common/Obj/dw3000_api/nrf_memobj.o
                0x00000000000207de                nrf_memobj_free
 .text.nrf_memobj_get
                0x0000000000020852       0x1e Output/Common/Obj/dw3000_api/nrf_memobj.o
                0x0000000000020852                nrf_memobj_get
 .text.nrf_memobj_put
                0x0000000000020870       0x34 Output/Common/Obj/dw3000_api/nrf_memobj.o
                0x0000000000020870                nrf_memobj_put
 .text.memobj_op
                0x00000000000208a4      0x102 Output/Common/Obj/dw3000_api/nrf_memobj.o
 .text.nrf_memobj_write
                0x00000000000209a6       0x28 Output/Common/Obj/dw3000_api/nrf_memobj.o
                0x00000000000209a6                nrf_memobj_write
 .text.nrf_balloc_idx2block
                0x00000000000209ce       0x22 Output/Common/Obj/dw3000_api/nrf_balloc.o
 .text.nrf_balloc_block2idx
                0x00000000000209f0       0x1e Output/Common/Obj/dw3000_api/nrf_balloc.o
 .text.nrf_balloc_alloc
                0x0000000000020a0e       0x6e Output/Common/Obj/dw3000_api/nrf_balloc.o
                0x0000000000020a0e                nrf_balloc_alloc
 .text.nrf_balloc_free
                0x0000000000020a7c       0x34 Output/Common/Obj/dw3000_api/nrf_balloc.o
                0x0000000000020a7c                nrf_balloc_free
 .text.nrf_drv_uart_tx
                0x0000000000020ab0       0x64 Output/Common/Obj/dw3000_api/app_uart.o
 .text.nrf_drv_uart_rx
                0x0000000000020b14       0x64 Output/Common/Obj/dw3000_api/app_uart.o
 .text.uart_event_handler
                0x0000000000020b78       0xa0 Output/Common/Obj/dw3000_api/app_uart.o
 .text.app_uart_init
                0x0000000000020c18       0xcc Output/Common/Obj/dw3000_api/app_uart.o
                0x0000000000020c18                app_uart_init
 .text.app_uart_put
                0x0000000000020ce4       0x44 Output/Common/Obj/dw3000_api/app_uart.o
                0x0000000000020ce4                app_uart_put
 .text.__NVIC_SystemReset
                0x0000000000020d28       0x28 Output/Common/Obj/dw3000_api/system_nrf52833.o
 .text.nrf52_errata_36
                0x0000000000020d50       0x50 Output/Common/Obj/dw3000_api/system_nrf52833.o
 .text.nrf52_errata_66
                0x0000000000020da0       0x50 Output/Common/Obj/dw3000_api/system_nrf52833.o
 .text.nrf52_errata_136
                0x0000000000020df0       0x50 Output/Common/Obj/dw3000_api/system_nrf52833.o
 .text.nrf52_errata_249
                0x0000000000020e40       0x50 Output/Common/Obj/dw3000_api/system_nrf52833.o
 .text.nrf52_handle_approtect
                0x0000000000020e90       0x20 Output/Common/Obj/dw3000_api/system_nrf52833.o
 .text.nvmc_wait
                0x0000000000020eb0       0x18 Output/Common/Obj/dw3000_api/system_nrf52833.o
                0x0000000000020eb0                nvmc_wait
 .text.nvmc_config
                0x0000000000020ec8       0x20 Output/Common/Obj/dw3000_api/system_nrf52833.o
                0x0000000000020ec8                nvmc_config
 .text.SystemCoreClockUpdate
                0x0000000000020ee8       0x14 Output/Common/Obj/dw3000_api/system_nrf52833.o
                0x0000000000020ee8                SystemCoreClockUpdate
 .text.SystemInit
                0x0000000000020efc      0x1bc Output/Common/Obj/dw3000_api/system_nrf52833.o
                0x0000000000020efc                SystemInit
 .text.nrf_gpio_pin_port_decode
                0x00000000000210b8       0x2c Output/Common/Obj/dw3000_api/boards.o
 .text.nrf_gpio_cfg
                0x00000000000210e4       0x62 Output/Common/Obj/dw3000_api/boards.o
 .text.nrf_gpio_cfg_output
                0x0000000000021146       0x22 Output/Common/Obj/dw3000_api/boards.o
 .text.nrf_gpio_cfg_input
                0x0000000000021168       0x2a Output/Common/Obj/dw3000_api/boards.o
 .text.nrf_gpio_pin_set
                0x0000000000021192       0x28 Output/Common/Obj/dw3000_api/boards.o
 .text.nrf_gpio_pin_clear
                0x00000000000211ba       0x28 Output/Common/Obj/dw3000_api/boards.o
 .text.nrf_gpio_pin_write
                0x00000000000211e2       0x24 Output/Common/Obj/dw3000_api/boards.o
 .text.nrf_gpio_port_out_set
                0x0000000000021206       0x14 Output/Common/Obj/dw3000_api/boards.o
 .text.nrf_gpio_port_out_clear
                0x000000000002121a       0x14 Output/Common/Obj/dw3000_api/boards.o
 *fill*         0x000000000002122e        0x2 
 .text.bsp_board_led_off
                0x0000000000021230       0x24 Output/Common/Obj/dw3000_api/boards.o
                0x0000000000021230                bsp_board_led_off
 .text.bsp_board_leds_off
                0x0000000000021254       0x26 Output/Common/Obj/dw3000_api/boards.o
                0x0000000000021254                bsp_board_leds_off
 *fill*         0x000000000002127a        0x2 
 .text.bsp_board_leds_init
                0x000000000002127c       0x34 Output/Common/Obj/dw3000_api/boards.o
 .text.bsp_board_buttons_init
                0x00000000000212b0       0x2a Output/Common/Obj/dw3000_api/boards.o
 .text.bsp_board_init
                0x00000000000212da       0x2a Output/Common/Obj/dw3000_api/boards.o
                0x00000000000212da                bsp_board_init
 .text.UARTE0_UART0_IRQHandler
                0x0000000000021304       0x10 Output/Common/Obj/dw3000_api/nrfx_prs.o
                0x0000000000021304                UARTE0_UART0_IRQHandler
 .text.prs_box_get
                0x0000000000021314       0x20 Output/Common/Obj/dw3000_api/nrfx_prs.o
 .text.nrfx_prs_acquire
                0x0000000000021334       0x62 Output/Common/Obj/dw3000_api/nrfx_prs.o
                0x0000000000021334                nrfx_prs_acquire
 .text.nrf_spim_event_clear
                0x0000000000021396       0x2a Output/Common/Obj/dw3000_api/nrfx_spim.o
 .text.nrf_spim_event_check
                0x00000000000213c0       0x24 Output/Common/Obj/dw3000_api/nrfx_spim.o
 .text.nrf_gpio_pin_port_decode
                0x00000000000213e4       0x2c Output/Common/Obj/dw3000_api/nrfx_spim.o
 .text.nrf_gpio_pin_set
                0x0000000000021410       0x28 Output/Common/Obj/dw3000_api/nrfx_spim.o
 .text.nrf_gpio_pin_clear
                0x0000000000021438       0x28 Output/Common/Obj/dw3000_api/nrfx_spim.o
 .text.nrf_gpio_port_out_set
                0x0000000000021460       0x14 Output/Common/Obj/dw3000_api/nrfx_spim.o
 .text.nrf_gpio_port_out_clear
                0x0000000000021474       0x14 Output/Common/Obj/dw3000_api/nrfx_spim.o
 .text.anomaly_198_disable
                0x0000000000021488       0x14 Output/Common/Obj/dw3000_api/nrfx_spim.o
 .text.finish_transfer
                0x000000000002149c       0x52 Output/Common/Obj/dw3000_api/nrfx_spim.o
 *fill*         0x00000000000214ee        0x2 
 .text.irq_handler
                0x00000000000214f0       0x40 Output/Common/Obj/dw3000_api/nrfx_spim.o
 .text.SPIM0_SPIS0_TWIM0_TWIS0_SPI0_TWI0_IRQHandler
                0x0000000000021530       0x18 Output/Common/Obj/dw3000_api/nrfx_spim.o
                0x0000000000021530                SPIM0_SPIS0_TWIM0_TWIS0_SPI0_TWI0_IRQHandler
 .text.SPIM2_SPIS2_SPI2_IRQHandler
                0x0000000000021548       0x18 Output/Common/Obj/dw3000_api/nrfx_spim.o
                0x0000000000021548                SPIM2_SPIS2_SPI2_IRQHandler
 .text.SPIM3_IRQHandler
                0x0000000000021560       0x18 Output/Common/Obj/dw3000_api/nrfx_spim.o
                0x0000000000021560                SPIM3_IRQHandler
 .text.__NVIC_EnableIRQ
                0x0000000000021578       0x34 Output/Common/Obj/dw3000_api/nrfx_gpiote.o
 .text.__NVIC_SetPriority
                0x00000000000215ac       0x50 Output/Common/Obj/dw3000_api/nrfx_gpiote.o
 .text.nrfx_get_irq_number
                0x00000000000215fc       0x10 Output/Common/Obj/dw3000_api/nrfx_gpiote.o
 .text._NRFX_IRQ_PRIORITY_SET
                0x000000000002160c       0x2a Output/Common/Obj/dw3000_api/nrfx_gpiote.o
 .text._NRFX_IRQ_ENABLE
                0x0000000000021636       0x1c Output/Common/Obj/dw3000_api/nrfx_gpiote.o
 .text.nrf_gpiote_event_is_set
                0x0000000000021652       0x2a Output/Common/Obj/dw3000_api/nrfx_gpiote.o
 .text.nrf_gpiote_event_clear
                0x000000000002167c       0x36 Output/Common/Obj/dw3000_api/nrfx_gpiote.o
 .text.nrf_gpiote_event_addr_get
                0x00000000000216b2       0x1a Output/Common/Obj/dw3000_api/nrfx_gpiote.o
 .text.nrf_gpiote_int_enable
                0x00000000000216cc       0x18 Output/Common/Obj/dw3000_api/nrfx_gpiote.o
 .text.nrf_gpiote_int_disable
                0x00000000000216e4       0x18 Output/Common/Obj/dw3000_api/nrfx_gpiote.o
 .text.nrf_gpiote_int_is_enabled
                0x00000000000216fc       0x18 Output/Common/Obj/dw3000_api/nrfx_gpiote.o
 .text.nrf_gpiote_event_enable
                0x0000000000021714       0x2c Output/Common/Obj/dw3000_api/nrfx_gpiote.o
 .text.nrf_gpiote_event_disable
                0x0000000000021740       0x2c Output/Common/Obj/dw3000_api/nrfx_gpiote.o
 .text.nrf_gpiote_event_configure
                0x000000000002176c       0x64 Output/Common/Obj/dw3000_api/nrfx_gpiote.o
 .text.nrf_gpiote_event_pin_get
                0x00000000000217d0       0x20 Output/Common/Obj/dw3000_api/nrfx_gpiote.o
 .text.nrf_gpiote_event_polarity_get
                0x00000000000217f0       0x24 Output/Common/Obj/dw3000_api/nrfx_gpiote.o
 .text.nrf_gpiote_task_configure
                0x0000000000021814       0x7c Output/Common/Obj/dw3000_api/nrfx_gpiote.o
 .text.nrf_gpio_pin_port_decode
                0x0000000000021890       0x2c Output/Common/Obj/dw3000_api/nrfx_gpiote.o
 .text.nrf_gpio_cfg
                0x00000000000218bc       0x62 Output/Common/Obj/dw3000_api/nrfx_gpiote.o
 .text.nrf_gpio_cfg_output
                0x000000000002191e       0x22 Output/Common/Obj/dw3000_api/nrfx_gpiote.o
 .text.nrf_gpio_cfg_input
                0x0000000000021940       0x2a Output/Common/Obj/dw3000_api/nrfx_gpiote.o
 .text.nrf_gpio_cfg_watcher
                0x000000000002196a       0x38 Output/Common/Obj/dw3000_api/nrfx_gpiote.o
 .text.nrf_gpio_cfg_sense_set
                0x00000000000219a2       0x5c Output/Common/Obj/dw3000_api/nrfx_gpiote.o
 .text.nrf_gpio_pin_set
                0x00000000000219fe       0x28 Output/Common/Obj/dw3000_api/nrfx_gpiote.o
 .text.nrf_gpio_pin_clear
                0x0000000000021a26       0x28 Output/Common/Obj/dw3000_api/nrfx_gpiote.o
 .text.nrf_gpio_pin_read
                0x0000000000021a4e       0x2a Output/Common/Obj/dw3000_api/nrfx_gpiote.o
 .text.nrf_gpio_pin_sense_get
                0x0000000000021a78       0x2c Output/Common/Obj/dw3000_api/nrfx_gpiote.o
 .text.nrf_gpio_port_in_read
                0x0000000000021aa4       0x10 Output/Common/Obj/dw3000_api/nrfx_gpiote.o
 .text.nrf_gpio_port_out_set
                0x0000000000021ab4       0x14 Output/Common/Obj/dw3000_api/nrfx_gpiote.o
 .text.nrf_gpio_port_out_clear
                0x0000000000021ac8       0x14 Output/Common/Obj/dw3000_api/nrfx_gpiote.o
 .text.nrf_gpio_latches_read_and_clear
                0x0000000000021adc       0x68 Output/Common/Obj/dw3000_api/nrfx_gpiote.o
 .text.nrf_gpio_pin_latch_clear
                0x0000000000021b44       0x28 Output/Common/Obj/dw3000_api/nrfx_gpiote.o
 .text.nrf_gpio_pin_present_check
                0x0000000000021b6c       0x50 Output/Common/Obj/dw3000_api/nrfx_gpiote.o
 .text.nrf_bitmask_bit_is_set
                0x0000000000021bbc       0x30 Output/Common/Obj/dw3000_api/nrfx_gpiote.o
 .text.nrf_bitmask_bit_set
                0x0000000000021bec       0x40 Output/Common/Obj/dw3000_api/nrfx_gpiote.o
 .text.pin_in_use
                0x0000000000021c2c       0x28 Output/Common/Obj/dw3000_api/nrfx_gpiote.o
 .text.pin_in_use_by_te
                0x0000000000021c54       0x3c Output/Common/Obj/dw3000_api/nrfx_gpiote.o
 .text.pin_in_use_by_port
                0x0000000000021c90       0x24 Output/Common/Obj/dw3000_api/nrfx_gpiote.o
 .text.pin_in_use_by_gpiote
                0x0000000000021cb4       0x24 Output/Common/Obj/dw3000_api/nrfx_gpiote.o
 .text.pin_in_use_by_te_set
                0x0000000000021cd8       0x50 Output/Common/Obj/dw3000_api/nrfx_gpiote.o
 .text.pin_in_use_set
                0x0000000000021d28       0x1c Output/Common/Obj/dw3000_api/nrfx_gpiote.o
 .text.pin_in_use_clear
                0x0000000000021d44       0x1c Output/Common/Obj/dw3000_api/nrfx_gpiote.o
 .text.pin_configured_set
                0x0000000000021d60       0x1c Output/Common/Obj/dw3000_api/nrfx_gpiote.o
 .text.channel_port_get
                0x0000000000021d7c       0x1c Output/Common/Obj/dw3000_api/nrfx_gpiote.o
 .text.channel_handler_get
                0x0000000000021d98       0x18 Output/Common/Obj/dw3000_api/nrfx_gpiote.o
 .text.port_handler_pin_get
                0x0000000000021db0       0x28 Output/Common/Obj/dw3000_api/nrfx_gpiote.o
 .text.port_handler_polarity_get
                0x0000000000021dd8       0x28 Output/Common/Obj/dw3000_api/nrfx_gpiote.o
 .text.channel_port_alloc
                0x0000000000021e00       0x7c Output/Common/Obj/dw3000_api/nrfx_gpiote.o
 .text.channel_free
                0x0000000000021e7c       0x38 Output/Common/Obj/dw3000_api/nrfx_gpiote.o
 .text.nrfx_gpiote_init
                0x0000000000021eb4       0xc8 Output/Common/Obj/dw3000_api/nrfx_gpiote.o
                0x0000000000021eb4                nrfx_gpiote_init
 .text.nrfx_gpiote_out_init
                0x0000000000021f7c       0x92 Output/Common/Obj/dw3000_api/nrfx_gpiote.o
                0x0000000000021f7c                nrfx_gpiote_out_init
 *fill*         0x000000000002200e        0x2 
 .text.nrfx_gpiote_in_init
                0x0000000000022010       0xe0 Output/Common/Obj/dw3000_api/nrfx_gpiote.o
                0x0000000000022010                nrfx_gpiote_in_init
 .text.nrfx_gpiote_in_event_enable
                0x00000000000220f0       0xd8 Output/Common/Obj/dw3000_api/nrfx_gpiote.o
                0x00000000000220f0                nrfx_gpiote_in_event_enable
 .text.nrfx_gpiote_in_event_disable
                0x00000000000221c8       0x50 Output/Common/Obj/dw3000_api/nrfx_gpiote.o
                0x00000000000221c8                nrfx_gpiote_in_event_disable
 .text.nrfx_gpiote_in_is_set
                0x0000000000022218       0x20 Output/Common/Obj/dw3000_api/nrfx_gpiote.o
                0x0000000000022218                nrfx_gpiote_in_is_set
 .text.latch_pending_read_and_check
                0x0000000000022238       0x3e Output/Common/Obj/dw3000_api/nrfx_gpiote.o
 *fill*         0x0000000000022276        0x2 
 .text.port_event_handle
                0x0000000000022278       0xe4 Output/Common/Obj/dw3000_api/nrfx_gpiote.o
 .text.GPIOTE_IRQHandler
                0x000000000002235c      0x108 Output/Common/Obj/dw3000_api/nrfx_gpiote.o
                0x000000000002235c                GPIOTE_IRQHandler
 .text.__NVIC_EnableIRQ
                0x0000000000022464       0x34 Output/Common/Obj/dw3000_api/nrfx_uarte.o
 .text.__NVIC_SetPriority
                0x0000000000022498       0x50 Output/Common/Obj/dw3000_api/nrfx_uarte.o
 .text.nrfx_is_in_ram
                0x00000000000224e8       0x1c Output/Common/Obj/dw3000_api/nrfx_uarte.o
 .text.nrfx_get_irq_number
                0x0000000000022504       0x10 Output/Common/Obj/dw3000_api/nrfx_uarte.o
 .text._NRFX_IRQ_PRIORITY_SET
                0x0000000000022514       0x2a Output/Common/Obj/dw3000_api/nrfx_uarte.o
 .text._NRFX_IRQ_ENABLE
                0x000000000002253e       0x1c Output/Common/Obj/dw3000_api/nrfx_uarte.o
 .text.nrf_uarte_event_clear
                0x000000000002255a       0x2a Output/Common/Obj/dw3000_api/nrfx_uarte.o
 .text.nrf_uarte_event_check
                0x0000000000022584       0x24 Output/Common/Obj/dw3000_api/nrfx_uarte.o
 .text.nrf_uarte_shorts_enable
                0x00000000000225a8       0x1c Output/Common/Obj/dw3000_api/nrfx_uarte.o
 .text.nrf_uarte_shorts_disable
                0x00000000000225c4       0x1e Output/Common/Obj/dw3000_api/nrfx_uarte.o
 .text.nrf_uarte_int_enable
                0x00000000000225e2       0x14 Output/Common/Obj/dw3000_api/nrfx_uarte.o
 .text.nrf_uarte_int_disable
                0x00000000000225f6       0x14 Output/Common/Obj/dw3000_api/nrfx_uarte.o
 .text.nrf_uarte_errorsrc_get_and_clear
                0x000000000002260a       0x1c Output/Common/Obj/dw3000_api/nrfx_uarte.o
 .text.nrf_uarte_enable
                0x0000000000022626       0x12 Output/Common/Obj/dw3000_api/nrfx_uarte.o
 .text.nrf_uarte_txrx_pins_set
                0x0000000000022638       0x1e Output/Common/Obj/dw3000_api/nrfx_uarte.o
 .text.nrf_uarte_hwfc_pins_set
                0x0000000000022656       0x1e Output/Common/Obj/dw3000_api/nrfx_uarte.o
 .text.nrf_uarte_task_trigger
                0x0000000000022674       0x1c Output/Common/Obj/dw3000_api/nrfx_uarte.o
 .text.nrf_uarte_configure
                0x0000000000022690       0x2a Output/Common/Obj/dw3000_api/nrfx_uarte.o
 .text.nrf_uarte_baudrate_set
                0x00000000000226ba       0x14 Output/Common/Obj/dw3000_api/nrfx_uarte.o
 .text.nrf_uarte_tx_buffer_set
                0x00000000000226ce       0x1e Output/Common/Obj/dw3000_api/nrfx_uarte.o
 .text.nrf_uarte_tx_amount_get
                0x00000000000226ec       0x10 Output/Common/Obj/dw3000_api/nrfx_uarte.o
 .text.nrf_uarte_rx_buffer_set
                0x00000000000226fc       0x1e Output/Common/Obj/dw3000_api/nrfx_uarte.o
 .text.nrf_uarte_rx_amount_get
                0x000000000002271a       0x10 Output/Common/Obj/dw3000_api/nrfx_uarte.o
 *fill*         0x000000000002272a        0x2 
 .text.nrf_gpio_pin_port_decode
                0x000000000002272c       0x2c Output/Common/Obj/dw3000_api/nrfx_uarte.o
 .text.nrf_gpio_cfg
                0x0000000000022758       0x62 Output/Common/Obj/dw3000_api/nrfx_uarte.o
 .text.nrf_gpio_cfg_output
                0x00000000000227ba       0x22 Output/Common/Obj/dw3000_api/nrfx_uarte.o
 .text.nrf_gpio_cfg_input
                0x00000000000227dc       0x2a Output/Common/Obj/dw3000_api/nrfx_uarte.o
 .text.nrf_gpio_pin_set
                0x0000000000022806       0x28 Output/Common/Obj/dw3000_api/nrfx_uarte.o
 .text.nrf_gpio_port_out_set
                0x000000000002282e       0x14 Output/Common/Obj/dw3000_api/nrfx_uarte.o
 .text.apply_config
                0x0000000000022842       0xc6 Output/Common/Obj/dw3000_api/nrfx_uarte.o
 .text.interrupts_enable
                0x0000000000022908       0x98 Output/Common/Obj/dw3000_api/nrfx_uarte.o
 .text.nrfx_uarte_init
                0x00000000000229a0       0xbc Output/Common/Obj/dw3000_api/nrfx_uarte.o
                0x00000000000229a0                nrfx_uarte_init
 .text.nrfx_uarte_tx
                0x0000000000022a5c      0x12c Output/Common/Obj/dw3000_api/nrfx_uarte.o
                0x0000000000022a5c                nrfx_uarte_tx
 .text.nrfx_uarte_tx_in_progress
                0x0000000000022b88       0x30 Output/Common/Obj/dw3000_api/nrfx_uarte.o
                0x0000000000022b88                nrfx_uarte_tx_in_progress
 .text.nrfx_uarte_rx
                0x0000000000022bb8      0x1dc Output/Common/Obj/dw3000_api/nrfx_uarte.o
                0x0000000000022bb8                nrfx_uarte_rx
 .text.rx_done_event
                0x0000000000022d94       0x2e Output/Common/Obj/dw3000_api/nrfx_uarte.o
 .text.tx_done_event
                0x0000000000022dc2       0x34 Output/Common/Obj/dw3000_api/nrfx_uarte.o
 .text.uarte_irq_handler
                0x0000000000022df6      0x18c Output/Common/Obj/dw3000_api/nrfx_uarte.o
 *fill*         0x0000000000022f82        0x2 
 .text.nrfx_uarte_0_irq_handler
                0x0000000000022f84       0x18 Output/Common/Obj/dw3000_api/nrfx_uarte.o
                0x0000000000022f84                nrfx_uarte_0_irq_handler
 .text.__NVIC_EnableIRQ
                0x0000000000022f9c       0x34 Output/Common/Obj/dw3000_api/nrfx_uart.o
 .text.__NVIC_SetPriority
                0x0000000000022fd0       0x50 Output/Common/Obj/dw3000_api/nrfx_uart.o
 .text.nrfx_get_irq_number
                0x0000000000023020       0x10 Output/Common/Obj/dw3000_api/nrfx_uart.o
 .text._NRFX_IRQ_PRIORITY_SET
                0x0000000000023030       0x2a Output/Common/Obj/dw3000_api/nrfx_uart.o
 .text._NRFX_IRQ_ENABLE
                0x000000000002305a       0x1c Output/Common/Obj/dw3000_api/nrfx_uart.o
 .text.nrf_uart_event_clear
                0x0000000000023076       0x2a Output/Common/Obj/dw3000_api/nrfx_uart.o
 .text.nrf_uart_event_check
                0x00000000000230a0       0x24 Output/Common/Obj/dw3000_api/nrfx_uart.o
 .text.nrf_uart_int_enable
                0x00000000000230c4       0x14 Output/Common/Obj/dw3000_api/nrfx_uart.o
 .text.nrf_uart_int_enable_check
                0x00000000000230d8       0x20 Output/Common/Obj/dw3000_api/nrfx_uart.o
 .text.nrf_uart_int_disable
                0x00000000000230f8       0x14 Output/Common/Obj/dw3000_api/nrfx_uart.o
 .text.nrf_uart_errorsrc_get_and_clear
                0x000000000002310c       0x1c Output/Common/Obj/dw3000_api/nrfx_uart.o
 .text.nrf_uart_enable
                0x0000000000023128       0x12 Output/Common/Obj/dw3000_api/nrfx_uart.o
 .text.nrf_uart_txrx_pins_set
                0x000000000002313a       0x1e Output/Common/Obj/dw3000_api/nrfx_uart.o
 .text.nrf_uart_hwfc_pins_set
                0x0000000000023158       0x1e Output/Common/Obj/dw3000_api/nrfx_uart.o
 .text.nrf_uart_rxd_get
                0x0000000000023176       0x12 Output/Common/Obj/dw3000_api/nrfx_uart.o
 .text.nrf_uart_txd_set
                0x0000000000023188       0x1a Output/Common/Obj/dw3000_api/nrfx_uart.o
 .text.nrf_uart_task_trigger
                0x00000000000231a2       0x1c Output/Common/Obj/dw3000_api/nrfx_uart.o
 .text.nrf_uart_configure
                0x00000000000231be       0x2a Output/Common/Obj/dw3000_api/nrfx_uart.o
 .text.nrf_uart_baudrate_set
                0x00000000000231e8       0x14 Output/Common/Obj/dw3000_api/nrfx_uart.o
 .text.nrf_gpio_pin_port_decode
                0x00000000000231fc       0x2c Output/Common/Obj/dw3000_api/nrfx_uart.o
 .text.nrf_gpio_cfg
                0x0000000000023228       0x62 Output/Common/Obj/dw3000_api/nrfx_uart.o
 .text.nrf_gpio_cfg_output
                0x000000000002328a       0x22 Output/Common/Obj/dw3000_api/nrfx_uart.o
 .text.nrf_gpio_cfg_input
                0x00000000000232ac       0x2a Output/Common/Obj/dw3000_api/nrfx_uart.o
 .text.nrf_gpio_pin_set
                0x00000000000232d6       0x28 Output/Common/Obj/dw3000_api/nrfx_uart.o
 .text.nrf_gpio_port_out_set
                0x00000000000232fe       0x14 Output/Common/Obj/dw3000_api/nrfx_uart.o
 .text.apply_config
                0x0000000000023312       0xc6 Output/Common/Obj/dw3000_api/nrfx_uart.o
 .text.interrupts_enable
                0x00000000000233d8       0x6c Output/Common/Obj/dw3000_api/nrfx_uart.o
 .text.nrfx_uart_init
                0x0000000000023444       0xc0 Output/Common/Obj/dw3000_api/nrfx_uart.o
                0x0000000000023444                nrfx_uart_init
 .text.tx_byte  0x0000000000023504       0x40 Output/Common/Obj/dw3000_api/nrfx_uart.o
 .text.tx_blocking
                0x0000000000023544       0x52 Output/Common/Obj/dw3000_api/nrfx_uart.o
 *fill*         0x0000000000023596        0x2 
 .text.nrfx_uart_tx
                0x0000000000023598       0xd8 Output/Common/Obj/dw3000_api/nrfx_uart.o
                0x0000000000023598                nrfx_uart_tx
 .text.nrfx_uart_tx_in_progress
                0x0000000000023670       0x2c Output/Common/Obj/dw3000_api/nrfx_uart.o
                0x0000000000023670                nrfx_uart_tx_in_progress
 .text.rx_enable
                0x000000000002369c       0x36 Output/Common/Obj/dw3000_api/nrfx_uart.o
 .text.rx_byte  0x00000000000236d2       0x4e Output/Common/Obj/dw3000_api/nrfx_uart.o
 .text.nrfx_uart_rx
                0x0000000000023720      0x1d4 Output/Common/Obj/dw3000_api/nrfx_uart.o
                0x0000000000023720                nrfx_uart_rx
 .text.rx_done_event
                0x00000000000238f4       0x2e Output/Common/Obj/dw3000_api/nrfx_uart.o
 .text.tx_done_event
                0x0000000000023922       0x34 Output/Common/Obj/dw3000_api/nrfx_uart.o
 .text.uart_irq_handler
                0x0000000000023956      0x1de Output/Common/Obj/dw3000_api/nrfx_uart.o
 .text.nrfx_uart_0_irq_handler
                0x0000000000023b34       0x18 Output/Common/Obj/dw3000_api/nrfx_uart.o
                0x0000000000023b34                nrfx_uart_0_irq_handler
 .text.uarte_evt_handler
                0x0000000000023b4c       0x50 Output/Common/Obj/dw3000_api/nrf_drv_uart.o
 .text.uart_evt_handler
                0x0000000000023b9c       0x50 Output/Common/Obj/dw3000_api/nrf_drv_uart.o
 .text.nrf_drv_uart_init
                0x0000000000023bec       0xc0 Output/Common/Obj/dw3000_api/nrf_drv_uart.o
                0x0000000000023bec                nrf_drv_uart_init
 .text.__aeabi_read_tp
                0x0000000000023cac        0x8 Output/Common/Obj/dw3000_api/thumb_crt0.o
                0x0000000000023cac                __aeabi_read_tp
 .text.libc.__RAL_pow10
                0x0000000000023cb4       0x54 /usr/local/segger_embedded_studio_V5.42a/lib/libc_v7em_fpv4_sp_d16_hard_t_le_eabi.a(libc2.o)
                0x0000000000023cb4                __RAL_pow10
 .text.libc.__putc
                0x0000000000023d08       0x36 /usr/local/segger_embedded_studio_V5.42a/lib/libc_v7em_fpv4_sp_d16_hard_t_le_eabi.a(libc2.o)
                0x0000000000023d08                __putc
 .text.libc.__RAL_print_padding
                0x0000000000023d3e       0x1c /usr/local/segger_embedded_studio_V5.42a/lib/libc_v7em_fpv4_sp_d16_hard_t_le_eabi.a(libc2.o)
                0x0000000000023d3e                __RAL_print_padding
 .text.libc.__RAL_pre_padding
                0x0000000000023d5a       0x1a /usr/local/segger_embedded_studio_V5.42a/lib/libc_v7em_fpv4_sp_d16_hard_t_le_eabi.a(libc2.o)
                0x0000000000023d5a                __RAL_pre_padding
 .text.libc.abs
                0x0000000000023d74        0x8 /usr/local/segger_embedded_studio_V5.42a/lib/libc_v7em_fpv4_sp_d16_hard_t_le_eabi.a(libc2.o)
                0x0000000000023d74                abs
 .text.libc.__aeabi_errno_addr
                0x0000000000023d7c       0x14 /usr/local/segger_embedded_studio_V5.42a/lib/libc_v7em_fpv4_sp_d16_hard_t_le_eabi.a(libc2.o)
                0x0000000000023d7c                __aeabi_errno_addr
 .text.libc.malloc
                0x0000000000023d90       0x90 /usr/local/segger_embedded_studio_V5.42a/lib/libc_v7em_fpv4_sp_d16_hard_t_le_eabi.a(libc2.o)
                0x0000000000023d90                malloc
 .text.libc.rand
                0x0000000000023e20       0x20 /usr/local/segger_embedded_studio_V5.42a/lib/libc_v7em_fpv4_sp_d16_hard_t_le_eabi.a(libc2.o)
                0x0000000000023e20                rand
 .text.libc.snprintf
                0x0000000000023e40       0x28 /usr/local/segger_embedded_studio_V5.42a/lib/libc_v7em_fpv4_sp_d16_hard_t_le_eabi.a(libc2.o)
                0x0000000000023e40                snprintf
 .text.libc.strnlen
                0x0000000000023e68       0x22 /usr/local/segger_embedded_studio_V5.42a/lib/libc_v7em_fpv4_sp_d16_hard_t_le_eabi.a(libc2.o)
                0x0000000000023e68                strnlen
 .text.libc.vsnprintf
                0x0000000000023e8a       0x1c /usr/local/segger_embedded_studio_V5.42a/lib/libc_v7em_fpv4_sp_d16_hard_t_le_eabi.a(libc2.o)
                0x0000000000023e8a                vsnprintf
 .text.libc.memcpy
                0x0000000000023ea6       0x52 /usr/local/segger_embedded_studio_V5.42a/lib/libc_v7em_fpv4_sp_d16_hard_t_le_eabi.a(libc2_asm.o)
                0x0000000000023ea6                memcpy
                0x0000000000023ea6                __aeabi_memcpy
                0x0000000000023eb2                __aeabi_memcpy4
                0x0000000000023eb2                __aeabi_memcpy8
 .text.libc.memset
                0x0000000000023ef8       0x66 /usr/local/segger_embedded_studio_V5.42a/lib/libc_v7em_fpv4_sp_d16_hard_t_le_eabi.a(libc2_asm.o)
                0x0000000000023ef8                memset
 .text.libc.strcpy
                0x0000000000023f5e       0x44 /usr/local/segger_embedded_studio_V5.42a/lib/libc_v7em_fpv4_sp_d16_hard_t_le_eabi.a(libc2_asm.o)
                0x0000000000023f5e                strcpy
 .text.libc.strlen
                0x0000000000023fa2       0x60 /usr/local/segger_embedded_studio_V5.42a/lib/libc_v7em_fpv4_sp_d16_hard_t_le_eabi.a(libc2_asm.o)
                0x0000000000023fa2                strlen
 *fill*         0x0000000000024002        0x6 
 .text.libc.__vfprintf_float_long
                0x0000000000024008     0x10e8 /usr/local/segger_embedded_studio_V5.42a/lib/libc_v7em_fpv4_sp_d16_hard_t_le_eabi.a(libvfprintf.o)
                0x0000000000024008                __vfprintf_float_long
 .text.libc.__heap_lock
                0x00000000000250f0        0x2 /usr/local/segger_embedded_studio_V5.42a/lib/libc_v7em_fpv4_sp_d16_hard_t_le_eabi.a(libc.o)
                0x00000000000250f0                __heap_lock
 .text.libc.__heap_unlock
                0x00000000000250f2        0x2 /usr/local/segger_embedded_studio_V5.42a/lib/libc_v7em_fpv4_sp_d16_hard_t_le_eabi.a(libc.o)
                0x00000000000250f2                __heap_unlock
 .text.libc.__int64_udivmod
                0x00000000000250f4       0xce /usr/local/segger_embedded_studio_V5.42a/lib/libc_v7em_fpv4_sp_d16_hard_t_le_eabi.a(libc_asm.o)
                0x00000000000250f4                __int64_udivmod
                0x00000000000250f4                __aeabi_uldivmod
                0x00000000000250f4                __int64_udiv
                0x00000000000250f4                __udivdi3
 *fill*         0x00000000000251c2        0x2 
 .text.__aeabi_dadd
                0x00000000000251c4      0x244 /usr/local/segger_embedded_studio_V5.42a/lib/libm_v7em_fpv4_sp_d16_hard_t_le_eabi.a(libm_asm.o)
                0x00000000000251c4                __aeabi_dadd
 .text.__aeabi_dsub
                0x0000000000025408        0x8 /usr/local/segger_embedded_studio_V5.42a/lib/libm_v7em_fpv4_sp_d16_hard_t_le_eabi.a(libm_asm.o)
                0x0000000000025408                __aeabi_dsub
 .text.__aeabi_dmul
                0x0000000000025410      0x138 /usr/local/segger_embedded_studio_V5.42a/lib/libm_v7em_fpv4_sp_d16_hard_t_le_eabi.a(libm_asm.o)
                0x0000000000025410                __aeabi_dmul
 .text.__aeabi_ddiv
                0x0000000000025548      0x1cc /usr/local/segger_embedded_studio_V5.42a/lib/libm_v7em_fpv4_sp_d16_hard_t_le_eabi.a(libm_asm.o)
                0x0000000000025548                __aeabi_ddiv
 .text.__aeabi_dcmple
                0x0000000000025714       0x3c /usr/local/segger_embedded_studio_V5.42a/lib/libm_v7em_fpv4_sp_d16_hard_t_le_eabi.a(libm_asm.o)
                0x0000000000025714                __aeabi_dcmple
 .text.__aeabi_dcmpeq
                0x0000000000025750       0x34 /usr/local/segger_embedded_studio_V5.42a/lib/libm_v7em_fpv4_sp_d16_hard_t_le_eabi.a(libm_asm.o)
                0x0000000000025750                __aeabi_dcmpeq
 .text.__aeabi_dcmpge
                0x0000000000025784       0x3c /usr/local/segger_embedded_studio_V5.42a/lib/libm_v7em_fpv4_sp_d16_hard_t_le_eabi.a(libm_asm.o)
                0x0000000000025784                __aeabi_dcmpge
 .text.__aeabi_dcmpgt
                0x00000000000257c0       0x38 /usr/local/segger_embedded_studio_V5.42a/lib/libm_v7em_fpv4_sp_d16_hard_t_le_eabi.a(libm_asm.o)
                0x00000000000257c0                __aeabi_dcmpgt
 .text.__aeabi_dcmplt
                0x00000000000257f8       0x38 /usr/local/segger_embedded_studio_V5.42a/lib/libm_v7em_fpv4_sp_d16_hard_t_le_eabi.a(libm_asm.o)
                0x00000000000257f8                __aeabi_dcmplt
 .text.__aeabi_d2ulz
                0x0000000000025830       0x40 /usr/local/segger_embedded_studio_V5.42a/lib/libm_v7em_fpv4_sp_d16_hard_t_le_eabi.a(libm_asm.o)
                0x0000000000025830                __aeabi_d2ulz
 .text.__aeabi_ul2d
                0x0000000000025870       0x5c /usr/local/segger_embedded_studio_V5.42a/lib/libm_v7em_fpv4_sp_d16_hard_t_le_eabi.a(libm_asm.o)
                0x0000000000025870                __aeabi_ul2d
 .text.__float64_isinf
                0x00000000000258cc       0x14 /usr/local/segger_embedded_studio_V5.42a/lib/libm_v7em_fpv4_sp_d16_hard_t_le_eabi.a(libm_asm.o)
                0x00000000000258cc                __float64_isinf
 .text.__float64_isnan
                0x00000000000258e0       0x14 /usr/local/segger_embedded_studio_V5.42a/lib/libm_v7em_fpv4_sp_d16_hard_t_le_eabi.a(libm_asm.o)
                0x00000000000258e0                __float64_isnan
 .text.__float64_signbit
                0x00000000000258f4        0xc /usr/local/segger_embedded_studio_V5.42a/lib/libm_v7em_fpv4_sp_d16_hard_t_le_eabi.a(libm_asm.o)
                0x00000000000258f4                __float64_signbit
 .text.fabs     0x0000000000025900       0x10 /usr/local/segger_embedded_studio_V5.42a/lib/libm_v7em_fpv4_sp_d16_hard_t_le_eabi.a(libm_asm.o)
                0x0000000000025900                fabs
                0x0000000000025900                fabs(double)
 .text.libc.frexp
                0x0000000000025910       0x50 /usr/local/segger_embedded_studio_V5.42a/lib/libm_v7em_fpv4_sp_d16_hard_t_le_eabi.a(libm2.o)
                0x0000000000025910                frexp(double, int*)
                0x0000000000025910                frexpl(long double, int*)
                0x0000000000025910                frexpl
                0x0000000000025910                frexp
 .text.libc.ldexp
                0x0000000000025960       0x7c /usr/local/segger_embedded_studio_V5.42a/lib/libm_v7em_fpv4_sp_d16_hard_t_le_eabi.a(libm2.o)
                0x0000000000025960                ldexp(double, int)
                0x0000000000025960                ldexpl(long double, int)
                0x0000000000025960                ldexp
                0x0000000000025960                ldexpl
 .text.libc.modf
                0x00000000000259dc       0x94 /usr/local/segger_embedded_studio_V5.42a/lib/libm_v7em_fpv4_sp_d16_hard_t_le_eabi.a(libm2.o)
                0x00000000000259dc                modfl
                0x00000000000259dc                modf
                0x00000000000259dc                modf(double, double*)
                0x00000000000259dc                modfl(long double, long double*)
 .text.libc.floor
                0x0000000000025a70       0xa8 /usr/local/segger_embedded_studio_V5.42a/lib/libm_v7em_fpv4_sp_d16_hard_t_le_eabi.a(libm2.o)
                0x0000000000025a70                floor
                0x0000000000025a70                floorl
                0x0000000000025a70                floorl(long double)
                0x0000000000025a70                floor(double)
 .text.libc.fmod
                0x0000000000025b18      0x1a4 /usr/local/segger_embedded_studio_V5.42a/lib/libm_v7em_fpv4_sp_d16_hard_t_le_eabi.a(libm2.o)
                0x0000000000025b18                fmod(double, double)
                0x0000000000025b18                fmod
                0x0000000000025b18                fmodl
                0x0000000000025b18                fmodl(long double, long double)
 .text.interface_tx_frame
                0x0000000000025cbc       0x92 Shared/dwt_uwb_driver/lib/libdwt_uwb_driver-m4-hfp-6.0.7.a(deca_interface.c.obj)
                0x0000000000025cbc                interface_tx_frame
 .text.interface_get_timestamp
                0x0000000000025d4e       0x22 Shared/dwt_uwb_driver/lib/libdwt_uwb_driver-m4-hfp-6.0.7.a(deca_interface.c.obj)
                0x0000000000025d4e                interface_get_timestamp
 .text.interface_rx_disable
                0x0000000000025d70       0x12 Shared/dwt_uwb_driver/lib/libdwt_uwb_driver-m4-hfp-6.0.7.a(deca_interface.c.obj)
                0x0000000000025d70                interface_rx_disable
 *fill*         0x0000000000025d82        0x2 
 .text.interface_rx_enable
                0x0000000000025d84      0x1d8 Shared/dwt_uwb_driver/lib/libdwt_uwb_driver-m4-hfp-6.0.7.a(deca_interface.c.obj)
                0x0000000000025d84                interface_rx_enable
 .text.interface_read_rx_frame
                0x0000000000025f5c       0x20 Shared/dwt_uwb_driver/lib/libdwt_uwb_driver-m4-hfp-6.0.7.a(deca_interface.c.obj)
                0x0000000000025f5c                interface_read_rx_frame
 .text.dwt_forcetrxoff
                0x0000000000025f7c       0x1c Shared/dwt_uwb_driver/lib/libdwt_uwb_driver-m4-hfp-6.0.7.a(deca_compat.c.obj)
                0x0000000000025f7c                dwt_forcetrxoff
 .text.dwt_rxenable
                0x0000000000025f98       0x18 Shared/dwt_uwb_driver/lib/libdwt_uwb_driver-m4-hfp-6.0.7.a(deca_compat.c.obj)
                0x0000000000025f98                dwt_rxenable
 .text.dwt_generatecrc8
                0x0000000000025fb0       0x28 Shared/dwt_uwb_driver/lib/libdwt_uwb_driver-m4-hfp-6.0.7.a(deca_compat.c.obj)
                0x0000000000025fb0                dwt_generatecrc8
 .text.dwt_dbg_fn
                0x0000000000025fd8       0x10 Shared/dwt_uwb_driver/lib/libdwt_uwb_driver-m4-hfp-6.0.7.a(dw3000_device.c.obj)
 .text._deinit  0x0000000000025fe8        0x2 Shared/dwt_uwb_driver/lib/libdwt_uwb_driver-m4-hfp-6.0.7.a(dw3000_device.c.obj)
 .text.dwt_xfer3xxx
                0x0000000000025fea      0x106 Shared/dwt_uwb_driver/lib/libdwt_uwb_driver-m4-hfp-6.0.7.a(dw3000_device.c.obj)
 .text.dwt_readfromdevice
                0x00000000000260f0       0x14 Shared/dwt_uwb_driver/lib/libdwt_uwb_driver-m4-hfp-6.0.7.a(dw3000_device.c.obj)
 .text.dwt_read32bitoffsetreg
                0x0000000000026104       0x2c Shared/dwt_uwb_driver/lib/libdwt_uwb_driver-m4-hfp-6.0.7.a(dw3000_device.c.obj)
 .text.dwt_read16bitoffsetreg
                0x0000000000026130       0x24 Shared/dwt_uwb_driver/lib/libdwt_uwb_driver-m4-hfp-6.0.7.a(dw3000_device.c.obj)
 .text.dwt_read8bitoffsetreg
                0x0000000000026154       0x1c Shared/dwt_uwb_driver/lib/libdwt_uwb_driver-m4-hfp-6.0.7.a(dw3000_device.c.obj)
 .text.ull_readdiagnostics
                0x0000000000026170      0x718 Shared/dwt_uwb_driver/lib/libdwt_uwb_driver-m4-hfp-6.0.7.a(dw3000_device.c.obj)
 .text.ull_readrxtimestamp
                0x0000000000026888       0x44 Shared/dwt_uwb_driver/lib/libdwt_uwb_driver-m4-hfp-6.0.7.a(dw3000_device.c.obj)
 .text.dwt_writetodevice
                0x00000000000268cc       0x16 Shared/dwt_uwb_driver/lib/libdwt_uwb_driver-m4-hfp-6.0.7.a(dw3000_device.c.obj)
 .text.dwt_write8bitoffsetreg
                0x00000000000268e2       0x18 Shared/dwt_uwb_driver/lib/libdwt_uwb_driver-m4-hfp-6.0.7.a(dw3000_device.c.obj)
 *fill*         0x00000000000268fa        0x2 
 .text.ull_getframelength
                0x00000000000268fc       0x64 Shared/dwt_uwb_driver/lib/libdwt_uwb_driver-m4-hfp-6.0.7.a(dw3000_device.c.obj)
 .text.ull_configeventcounters
                0x0000000000026960       0x26 Shared/dwt_uwb_driver/lib/libdwt_uwb_driver-m4-hfp-6.0.7.a(dw3000_device.c.obj)
 .text.dwt_write16bitoffsetreg
                0x0000000000026986       0x20 Shared/dwt_uwb_driver/lib/libdwt_uwb_driver-m4-hfp-6.0.7.a(dw3000_device.c.obj)
 *fill*         0x00000000000269a6        0x2 
 .text.ull_clearaonconfig
                0x00000000000269a8       0x40 Shared/dwt_uwb_driver/lib/libdwt_uwb_driver-m4-hfp-6.0.7.a(dw3000_device.c.obj)
 .text.ull_force_clocks
                0x00000000000269e8       0x2c Shared/dwt_uwb_driver/lib/libdwt_uwb_driver-m4-hfp-6.0.7.a(dw3000_device.c.obj)
 .text.__dwt_otp_write_wdata_id_reg
                0x0000000000026a14       0x26 Shared/dwt_uwb_driver/lib/libdwt_uwb_driver-m4-hfp-6.0.7.a(dw3000_device.c.obj)
 *fill*         0x0000000000026a3a        0x2 
 .text._dwt_otpread
                0x0000000000026a3c       0x44 Shared/dwt_uwb_driver/lib/libdwt_uwb_driver-m4-hfp-6.0.7.a(dw3000_device.c.obj)
 .text.ull_aon_read
                0x0000000000026a80       0x40 Shared/dwt_uwb_driver/lib/libdwt_uwb_driver-m4-hfp-6.0.7.a(dw3000_device.c.obj)
 .text.ull_aon_write
                0x0000000000026ac0       0x50 Shared/dwt_uwb_driver/lib/libdwt_uwb_driver-m4-hfp-6.0.7.a(dw3000_device.c.obj)
 .text.ull_configuresleep
                0x0000000000026b10       0x54 Shared/dwt_uwb_driver/lib/libdwt_uwb_driver-m4-hfp-6.0.7.a(dw3000_device.c.obj)
 .text.ull_signal_rx_buff_free
                0x0000000000026b64       0x24 Shared/dwt_uwb_driver/lib/libdwt_uwb_driver-m4-hfp-6.0.7.a(dw3000_device.c.obj)
 .text.dwt_write32bitoffsetreg
                0x0000000000026b88       0x2a Shared/dwt_uwb_driver/lib/libdwt_uwb_driver-m4-hfp-6.0.7.a(dw3000_device.c.obj)
 *fill*         0x0000000000026bb2        0x2 
 .text.ull_isr  0x0000000000026bb4      0x2bc Shared/dwt_uwb_driver/lib/libdwt_uwb_driver-m4-hfp-6.0.7.a(dw3000_device.c.obj)
 .text._dwt_adjust_delaytime
                0x0000000000026e70       0x50 Shared/dwt_uwb_driver/lib/libdwt_uwb_driver-m4-hfp-6.0.7.a(dw3000_device.c.obj)
 .text.ull_setrxaftertxdelay
                0x0000000000026ec0       0x2c Shared/dwt_uwb_driver/lib/libdwt_uwb_driver-m4-hfp-6.0.7.a(dw3000_device.c.obj)
 .text.ull_setlnapamode
                0x0000000000026eec       0x44 Shared/dwt_uwb_driver/lib/libdwt_uwb_driver-m4-hfp-6.0.7.a(dw3000_device.c.obj)
 .text.ull_configurestskey
                0x0000000000026f30       0x48 Shared/dwt_uwb_driver/lib/libdwt_uwb_driver-m4-hfp-6.0.7.a(dw3000_device.c.obj)
 .text.ull_configurestsiv
                0x0000000000026f78       0x48 Shared/dwt_uwb_driver/lib/libdwt_uwb_driver-m4-hfp-6.0.7.a(dw3000_device.c.obj)
 .text.ull_configmrxlut
                0x0000000000026fc0      0x104 Shared/dwt_uwb_driver/lib/libdwt_uwb_driver-m4-hfp-6.0.7.a(dw3000_device.c.obj)
 .text.ull_disable_rftx_blocks
                0x00000000000270c4       0x14 Shared/dwt_uwb_driver/lib/libdwt_uwb_driver-m4-hfp-6.0.7.a(dw3000_device.c.obj)
 .text.ull_disable_rf_tx
                0x00000000000270d8       0x3c Shared/dwt_uwb_driver/lib/libdwt_uwb_driver-m4-hfp-6.0.7.a(dw3000_device.c.obj)
 .text.ull_readrxdata
                0x0000000000027114       0x6c Shared/dwt_uwb_driver/lib/libdwt_uwb_driver-m4-hfp-6.0.7.a(dw3000_device.c.obj)
 .text.ull_rxenable
                0x0000000000027180       0xc8 Shared/dwt_uwb_driver/lib/libdwt_uwb_driver-m4-hfp-6.0.7.a(dw3000_device.c.obj)
 .text.ull_writetxdata
                0x0000000000027248       0x64 Shared/dwt_uwb_driver/lib/libdwt_uwb_driver-m4-hfp-6.0.7.a(dw3000_device.c.obj)
 .text.dwt_modify32bitoffsetreg
                0x00000000000272ac       0x48 Shared/dwt_uwb_driver/lib/libdwt_uwb_driver-m4-hfp-6.0.7.a(dw3000_device.c.obj)
 .text._dwt_kick_dgc_on_wakeup
                0x00000000000272f4       0x3c Shared/dwt_uwb_driver/lib/libdwt_uwb_driver-m4-hfp-6.0.7.a(dw3000_device.c.obj)
 .text.ull_enable_rf_tx
                0x0000000000027330       0x68 Shared/dwt_uwb_driver/lib/libdwt_uwb_driver-m4-hfp-6.0.7.a(dw3000_device.c.obj)
 .text.ull_enable_rftx_blocks
                0x0000000000027398       0x24 Shared/dwt_uwb_driver/lib/libdwt_uwb_driver-m4-hfp-6.0.7.a(dw3000_device.c.obj)
 .text._dwt_otpprogword32
                0x00000000000273bc      0x170 Shared/dwt_uwb_driver/lib/libdwt_uwb_driver-m4-hfp-6.0.7.a(dw3000_device.c.obj)
 .text.ull_setgpiomode
                0x000000000002752c       0x3c Shared/dwt_uwb_driver/lib/libdwt_uwb_driver-m4-hfp-6.0.7.a(dw3000_device.c.obj)
 .text.ull_setinterrupt
                0x0000000000027568       0xb2 Shared/dwt_uwb_driver/lib/libdwt_uwb_driver-m4-hfp-6.0.7.a(dw3000_device.c.obj)
 *fill*         0x000000000002761a        0x2 
 .text.ull_writetxfctrl
                0x000000000002761c       0x4c Shared/dwt_uwb_driver/lib/libdwt_uwb_driver-m4-hfp-6.0.7.a(dw3000_device.c.obj)
 .text.prs_sys_status_and_or
                0x0000000000027668       0x18 Shared/dwt_uwb_driver/lib/libdwt_uwb_driver-m4-hfp-6.0.7.a(dw3000_device.c.obj)
 .text.dwt_modify8bitoffsetreg
                0x0000000000027680       0x28 Shared/dwt_uwb_driver/lib/libdwt_uwb_driver-m4-hfp-6.0.7.a(dw3000_device.c.obj)
 .text.ull_configciadiag
                0x00000000000276a8       0x6c Shared/dwt_uwb_driver/lib/libdwt_uwb_driver-m4-hfp-6.0.7.a(dw3000_device.c.obj)
 .text.ull_calcbandwidthadj
                0x0000000000027714       0x84 Shared/dwt_uwb_driver/lib/libdwt_uwb_driver-m4-hfp-6.0.7.a(dw3000_device.c.obj)
 .text.ull_configuretxrf
                0x0000000000027798       0x34 Shared/dwt_uwb_driver/lib/libdwt_uwb_driver-m4-hfp-6.0.7.a(dw3000_device.c.obj)
 .text.ull_repeated_frames
                0x00000000000277cc       0x30 Shared/dwt_uwb_driver/lib/libdwt_uwb_driver-m4-hfp-6.0.7.a(dw3000_device.c.obj)
 .text.ull_setdwstate
                0x00000000000277fc       0xbc Shared/dwt_uwb_driver/lib/libdwt_uwb_driver-m4-hfp-6.0.7.a(dw3000_device.c.obj)
 .text.ull_configureframefilter
                0x00000000000278b8       0x46 Shared/dwt_uwb_driver/lib/libdwt_uwb_driver-m4-hfp-6.0.7.a(dw3000_device.c.obj)
 *fill*         0x00000000000278fe        0x2 
 .text.ull_run_pgfcal
                0x0000000000027900       0xc4 Shared/dwt_uwb_driver/lib/libdwt_uwb_driver-m4-hfp-6.0.7.a(dw3000_device.c.obj)
 .text.prs_ack_enable
                0x00000000000279c4       0x20 Shared/dwt_uwb_driver/lib/libdwt_uwb_driver-m4-hfp-6.0.7.a(dw3000_device.c.obj)
 .text.dwt_modify16bitoffsetreg
                0x00000000000279e4       0x32 Shared/dwt_uwb_driver/lib/libdwt_uwb_driver-m4-hfp-6.0.7.a(dw3000_device.c.obj)
 *fill*         0x0000000000027a16        0x2 
 .text._dwt_prog_ldo_and_bias_tune
                0x0000000000027a18       0x38 Shared/dwt_uwb_driver/lib/libdwt_uwb_driver-m4-hfp-6.0.7.a(dw3000_device.c.obj)
 .text.ull_setleds
                0x0000000000027a50       0x9c Shared/dwt_uwb_driver/lib/libdwt_uwb_driver-m4-hfp-6.0.7.a(dw3000_device.c.obj)
 .text.ull_pgf_cal
                0x0000000000027aec       0x60 Shared/dwt_uwb_driver/lib/libdwt_uwb_driver-m4-hfp-6.0.7.a(dw3000_device.c.obj)
 .text.ull_setgpiovalue
                0x0000000000027b4c       0x30 Shared/dwt_uwb_driver/lib/libdwt_uwb_driver-m4-hfp-6.0.7.a(dw3000_device.c.obj)
 .text.ull_readaccdata
                0x0000000000027b7c       0x88 Shared/dwt_uwb_driver/lib/libdwt_uwb_driver-m4-hfp-6.0.7.a(dw3000_device.c.obj)
 .text.ull_repeated_cw
                0x0000000000027c04       0x54 Shared/dwt_uwb_driver/lib/libdwt_uwb_driver-m4-hfp-6.0.7.a(dw3000_device.c.obj)
 .text.ull_configure
                0x0000000000027c58      0x454 Shared/dwt_uwb_driver/lib/libdwt_uwb_driver-m4-hfp-6.0.7.a(dw3000_device.c.obj)
 .text.dwt_ioctl
                0x00000000000280ac     0x1f00 Shared/dwt_uwb_driver/lib/libdwt_uwb_driver-m4-hfp-6.0.7.a(dw3000_device.c.obj)
 .text.ull_initialise
                0x0000000000029fac      0x124 Shared/dwt_uwb_driver/lib/libdwt_uwb_driver-m4-hfp-6.0.7.a(dw3000_device.c.obj)
 .text._init    0x000000000002a0d0      0x1b0 Shared/dwt_uwb_driver/lib/libdwt_uwb_driver-m4-hfp-6.0.7.a(dw3000_device.c.obj)
 .text.dwt_dbg_fn
                0x000000000002a280       0x10 Shared/dwt_uwb_driver/lib/libdwt_uwb_driver-m4-hfp-6.0.7.a(dw3700_device.c.obj)
 .text._deinit  0x000000000002a290        0x2 Shared/dwt_uwb_driver/lib/libdwt_uwb_driver-m4-hfp-6.0.7.a(dw3700_device.c.obj)
 .text.dwt_xfer3xxx
                0x000000000002a292       0xfc Shared/dwt_uwb_driver/lib/libdwt_uwb_driver-m4-hfp-6.0.7.a(dw3700_device.c.obj)
 .text.dwt_readfromdevice
                0x000000000002a38e       0x14 Shared/dwt_uwb_driver/lib/libdwt_uwb_driver-m4-hfp-6.0.7.a(dw3700_device.c.obj)
 .text.dwt_read32bitoffsetreg
                0x000000000002a3a2       0x2c Shared/dwt_uwb_driver/lib/libdwt_uwb_driver-m4-hfp-6.0.7.a(dw3700_device.c.obj)
 .text.dwt_read16bitoffsetreg
                0x000000000002a3ce       0x24 Shared/dwt_uwb_driver/lib/libdwt_uwb_driver-m4-hfp-6.0.7.a(dw3700_device.c.obj)
 .text.dwt_read8bitoffsetreg
                0x000000000002a3f2       0x1c Shared/dwt_uwb_driver/lib/libdwt_uwb_driver-m4-hfp-6.0.7.a(dw3700_device.c.obj)
 .text.ull_readdiagnostics
                0x000000000002a40e      0x768 Shared/dwt_uwb_driver/lib/libdwt_uwb_driver-m4-hfp-6.0.7.a(dw3700_device.c.obj)
 *fill*         0x000000000002ab76        0x2 
 .text.ull_readrxtimestamp
                0x000000000002ab78       0x44 Shared/dwt_uwb_driver/lib/libdwt_uwb_driver-m4-hfp-6.0.7.a(dw3700_device.c.obj)
 .text.dwt_writetodevice
                0x000000000002abbc       0x16 Shared/dwt_uwb_driver/lib/libdwt_uwb_driver-m4-hfp-6.0.7.a(dw3700_device.c.obj)
 .text.dwt_write16bitoffsetreg
                0x000000000002abd2       0x20 Shared/dwt_uwb_driver/lib/libdwt_uwb_driver-m4-hfp-6.0.7.a(dw3700_device.c.obj)
 *fill*         0x000000000002abf2        0x2 
 .text.ull_force_clocks
                0x000000000002abf4       0x2c Shared/dwt_uwb_driver/lib/libdwt_uwb_driver-m4-hfp-6.0.7.a(dw3700_device.c.obj)
 .text.__dwt_otp_write_wdata_id_reg
                0x000000000002ac20       0x26 Shared/dwt_uwb_driver/lib/libdwt_uwb_driver-m4-hfp-6.0.7.a(dw3700_device.c.obj)
 *fill*         0x000000000002ac46        0x2 
 .text._dwt_otpread
                0x000000000002ac48       0x44 Shared/dwt_uwb_driver/lib/libdwt_uwb_driver-m4-hfp-6.0.7.a(dw3700_device.c.obj)
 .text.dwt_write32bitoffsetreg
                0x000000000002ac8c       0x2a Shared/dwt_uwb_driver/lib/libdwt_uwb_driver-m4-hfp-6.0.7.a(dw3700_device.c.obj)
 .text._dwt_adjust_delaytime
                0x000000000002acb6       0x4c Shared/dwt_uwb_driver/lib/libdwt_uwb_driver-m4-hfp-6.0.7.a(dw3700_device.c.obj)
 .text.ull_setrxaftertxdelay
                0x000000000002ad02       0x28 Shared/dwt_uwb_driver/lib/libdwt_uwb_driver-m4-hfp-6.0.7.a(dw3700_device.c.obj)
 .text.ull_setlnapamode
                0x000000000002ad2a       0x40 Shared/dwt_uwb_driver/lib/libdwt_uwb_driver-m4-hfp-6.0.7.a(dw3700_device.c.obj)
 *fill*         0x000000000002ad6a        0x2 
 .text.ull_configurestskey
                0x000000000002ad6c       0x48 Shared/dwt_uwb_driver/lib/libdwt_uwb_driver-m4-hfp-6.0.7.a(dw3700_device.c.obj)
 .text.ull_configurestsiv
                0x000000000002adb4       0x48 Shared/dwt_uwb_driver/lib/libdwt_uwb_driver-m4-hfp-6.0.7.a(dw3700_device.c.obj)
 .text.ull_configmrxlut
                0x000000000002adfc       0xf0 Shared/dwt_uwb_driver/lib/libdwt_uwb_driver-m4-hfp-6.0.7.a(dw3700_device.c.obj)
 .text.ull_disable_rftx_blocks
                0x000000000002aeec       0x14 Shared/dwt_uwb_driver/lib/libdwt_uwb_driver-m4-hfp-6.0.7.a(dw3700_device.c.obj)
 .text.ull_disable_rf_tx
                0x000000000002af00       0x3c Shared/dwt_uwb_driver/lib/libdwt_uwb_driver-m4-hfp-6.0.7.a(dw3700_device.c.obj)
 .text.ull_readrxdata
                0x000000000002af3c       0x6c Shared/dwt_uwb_driver/lib/libdwt_uwb_driver-m4-hfp-6.0.7.a(dw3700_device.c.obj)
 .text.dwt_write8bitoffsetreg
                0x000000000002afa8       0x18 Shared/dwt_uwb_driver/lib/libdwt_uwb_driver-m4-hfp-6.0.7.a(dw3700_device.c.obj)
 .text.ull_getframelength
                0x000000000002afc0       0x64 Shared/dwt_uwb_driver/lib/libdwt_uwb_driver-m4-hfp-6.0.7.a(dw3700_device.c.obj)
 .text._dwt_clear_db_events
                0x000000000002b024       0x34 Shared/dwt_uwb_driver/lib/libdwt_uwb_driver-m4-hfp-6.0.7.a(dw3700_device.c.obj)
 .text.ull_clearaonconfig
                0x000000000002b058       0x40 Shared/dwt_uwb_driver/lib/libdwt_uwb_driver-m4-hfp-6.0.7.a(dw3700_device.c.obj)
 .text.ull_configeventcounters
                0x000000000002b098       0x26 Shared/dwt_uwb_driver/lib/libdwt_uwb_driver-m4-hfp-6.0.7.a(dw3700_device.c.obj)
 *fill*         0x000000000002b0be        0x2 
 .text.ull_aon_read
                0x000000000002b0c0       0x40 Shared/dwt_uwb_driver/lib/libdwt_uwb_driver-m4-hfp-6.0.7.a(dw3700_device.c.obj)
 .text.ull_aon_write
                0x000000000002b100       0x50 Shared/dwt_uwb_driver/lib/libdwt_uwb_driver-m4-hfp-6.0.7.a(dw3700_device.c.obj)
 .text.ull_configuresleep
                0x000000000002b150       0x54 Shared/dwt_uwb_driver/lib/libdwt_uwb_driver-m4-hfp-6.0.7.a(dw3700_device.c.obj)
 .text.ull_writetxdata
                0x000000000002b1a4       0x64 Shared/dwt_uwb_driver/lib/libdwt_uwb_driver-m4-hfp-6.0.7.a(dw3700_device.c.obj)
 .text.ull_signal_rx_buff_free
                0x000000000002b208       0x28 Shared/dwt_uwb_driver/lib/libdwt_uwb_driver-m4-hfp-6.0.7.a(dw3700_device.c.obj)
 .text.ull_isr  0x000000000002b230      0x300 Shared/dwt_uwb_driver/lib/libdwt_uwb_driver-m4-hfp-6.0.7.a(dw3700_device.c.obj)
 .text.dwt_modify32bitoffsetreg
                0x000000000002b530       0x48 Shared/dwt_uwb_driver/lib/libdwt_uwb_driver-m4-hfp-6.0.7.a(dw3700_device.c.obj)
 .text.ull_enable_rf_tx
                0x000000000002b578       0x68 Shared/dwt_uwb_driver/lib/libdwt_uwb_driver-m4-hfp-6.0.7.a(dw3700_device.c.obj)
 .text.ull_enable_rftx_blocks
                0x000000000002b5e0       0x24 Shared/dwt_uwb_driver/lib/libdwt_uwb_driver-m4-hfp-6.0.7.a(dw3700_device.c.obj)
 .text._dwt_otpprogword32
                0x000000000002b604      0x170 Shared/dwt_uwb_driver/lib/libdwt_uwb_driver-m4-hfp-6.0.7.a(dw3700_device.c.obj)
 .text.ull_setgpiomode
                0x000000000002b774       0x3c Shared/dwt_uwb_driver/lib/libdwt_uwb_driver-m4-hfp-6.0.7.a(dw3700_device.c.obj)
 .text.ull_writetxfctrl
                0x000000000002b7b0       0x4c Shared/dwt_uwb_driver/lib/libdwt_uwb_driver-m4-hfp-6.0.7.a(dw3700_device.c.obj)
 .text.prs_sys_status_and_or
                0x000000000002b7fc       0x18 Shared/dwt_uwb_driver/lib/libdwt_uwb_driver-m4-hfp-6.0.7.a(dw3700_device.c.obj)
 .text.dwt_modify8bitoffsetreg
                0x000000000002b814       0x28 Shared/dwt_uwb_driver/lib/libdwt_uwb_driver-m4-hfp-6.0.7.a(dw3700_device.c.obj)
 .text.ull_configciadiag
                0x000000000002b83c       0x6c Shared/dwt_uwb_driver/lib/libdwt_uwb_driver-m4-hfp-6.0.7.a(dw3700_device.c.obj)
 .text.ull_calcbandwidthadj
                0x000000000002b8a8       0x84 Shared/dwt_uwb_driver/lib/libdwt_uwb_driver-m4-hfp-6.0.7.a(dw3700_device.c.obj)
 .text.ull_configuretxrf
                0x000000000002b92c       0x34 Shared/dwt_uwb_driver/lib/libdwt_uwb_driver-m4-hfp-6.0.7.a(dw3700_device.c.obj)
 .text.ull_repeated_frames
                0x000000000002b960       0x30 Shared/dwt_uwb_driver/lib/libdwt_uwb_driver-m4-hfp-6.0.7.a(dw3700_device.c.obj)
 .text.ull_setdwstate
                0x000000000002b990       0xb8 Shared/dwt_uwb_driver/lib/libdwt_uwb_driver-m4-hfp-6.0.7.a(dw3700_device.c.obj)
 .text.ull_configureframefilter
                0x000000000002ba48       0x46 Shared/dwt_uwb_driver/lib/libdwt_uwb_driver-m4-hfp-6.0.7.a(dw3700_device.c.obj)
 *fill*         0x000000000002ba8e        0x2 
 .text.ull_run_pgfcal
                0x000000000002ba90       0xc4 Shared/dwt_uwb_driver/lib/libdwt_uwb_driver-m4-hfp-6.0.7.a(dw3700_device.c.obj)
 .text.ull_setinterrupt
                0x000000000002bb54       0xd8 Shared/dwt_uwb_driver/lib/libdwt_uwb_driver-m4-hfp-6.0.7.a(dw3700_device.c.obj)
 .text.prs_ack_enable
                0x000000000002bc2c       0x20 Shared/dwt_uwb_driver/lib/libdwt_uwb_driver-m4-hfp-6.0.7.a(dw3700_device.c.obj)
 .text.dwt_modify16bitoffsetreg
                0x000000000002bc4c       0x32 Shared/dwt_uwb_driver/lib/libdwt_uwb_driver-m4-hfp-6.0.7.a(dw3700_device.c.obj)
 *fill*         0x000000000002bc7e        0x2 
 .text.ull_setleds
                0x000000000002bc80       0x9c Shared/dwt_uwb_driver/lib/libdwt_uwb_driver-m4-hfp-6.0.7.a(dw3700_device.c.obj)
 .text.ull_pgf_cal
                0x000000000002bd1c       0x60 Shared/dwt_uwb_driver/lib/libdwt_uwb_driver-m4-hfp-6.0.7.a(dw3700_device.c.obj)
 .text.ull_setgpiovalue
                0x000000000002bd7c       0x30 Shared/dwt_uwb_driver/lib/libdwt_uwb_driver-m4-hfp-6.0.7.a(dw3700_device.c.obj)
 .text.ull_readaccdata
                0x000000000002bdac       0x88 Shared/dwt_uwb_driver/lib/libdwt_uwb_driver-m4-hfp-6.0.7.a(dw3700_device.c.obj)
 .text.ull_repeated_cw
                0x000000000002be34       0x54 Shared/dwt_uwb_driver/lib/libdwt_uwb_driver-m4-hfp-6.0.7.a(dw3700_device.c.obj)
 .text.ull_configure
                0x000000000002be88      0x480 Shared/dwt_uwb_driver/lib/libdwt_uwb_driver-m4-hfp-6.0.7.a(dw3700_device.c.obj)
 .text.ull_initialise
                0x000000000002c308      0x128 Shared/dwt_uwb_driver/lib/libdwt_uwb_driver-m4-hfp-6.0.7.a(dw3700_device.c.obj)
 .text.ull_rxenable
                0x000000000002c430       0xe0 Shared/dwt_uwb_driver/lib/libdwt_uwb_driver-m4-hfp-6.0.7.a(dw3700_device.c.obj)
 .text.ull_softreset_no_sema_fcmd
                0x000000000002c510       0x28 Shared/dwt_uwb_driver/lib/libdwt_uwb_driver-m4-hfp-6.0.7.a(dw3700_device.c.obj)
 .text.ull_softreset_fcmd
                0x000000000002c538       0x28 Shared/dwt_uwb_driver/lib/libdwt_uwb_driver-m4-hfp-6.0.7.a(dw3700_device.c.obj)
 .text.dwt_ioctl
                0x000000000002c560     0x20ec Shared/dwt_uwb_driver/lib/libdwt_uwb_driver-m4-hfp-6.0.7.a(dw3700_device.c.obj)
 .text._init    0x000000000002e64c      0x1b0 Shared/dwt_uwb_driver/lib/libdwt_uwb_driver-m4-hfp-6.0.7.a(dw3700_device.c.obj)
 .text.ull_wakeup_ic
                0x000000000002e7fc        0x8 Shared/dwt_uwb_driver/lib/libdwt_uwb_driver-m4-hfp-6.0.7.a(dw3720_device.c.obj)
 .text.get_sts_mnth
                0x000000000002e804       0x28 Shared/dwt_uwb_driver/lib/libdwt_uwb_driver-m4-hfp-6.0.7.a(dw3720_device.c.obj)
 .text.dwt_dbg_fn
                0x000000000002e82c       0x10 Shared/dwt_uwb_driver/lib/libdwt_uwb_driver-m4-hfp-6.0.7.a(dw3720_device.c.obj)
 .text._deinit  0x000000000002e83c        0x2 Shared/dwt_uwb_driver/lib/libdwt_uwb_driver-m4-hfp-6.0.7.a(dw3720_device.c.obj)
 .text.dwt_xfer3xxx
                0x000000000002e83e       0xfc Shared/dwt_uwb_driver/lib/libdwt_uwb_driver-m4-hfp-6.0.7.a(dw3720_device.c.obj)
 .text.dwt_readfromdevice
                0x000000000002e93a       0x14 Shared/dwt_uwb_driver/lib/libdwt_uwb_driver-m4-hfp-6.0.7.a(dw3720_device.c.obj)
 .text.dwt_read32bitoffsetreg
                0x000000000002e94e       0x2c Shared/dwt_uwb_driver/lib/libdwt_uwb_driver-m4-hfp-6.0.7.a(dw3720_device.c.obj)
 .text.dwt_read16bitoffsetreg
                0x000000000002e97a       0x24 Shared/dwt_uwb_driver/lib/libdwt_uwb_driver-m4-hfp-6.0.7.a(dw3720_device.c.obj)
 .text.ull_getrxantennadelay
                0x000000000002e99e        0xe Shared/dwt_uwb_driver/lib/libdwt_uwb_driver-m4-hfp-6.0.7.a(dw3720_device.c.obj)
 .text.ull_gettxantennadelay
                0x000000000002e9ac        0xc Shared/dwt_uwb_driver/lib/libdwt_uwb_driver-m4-hfp-6.0.7.a(dw3720_device.c.obj)
 .text.ull_readclockoffset
                0x000000000002e9b8       0x40 Shared/dwt_uwb_driver/lib/libdwt_uwb_driver-m4-hfp-6.0.7.a(dw3720_device.c.obj)
 .text.dwt_read8bitoffsetreg
                0x000000000002e9f8       0x1c Shared/dwt_uwb_driver/lib/libdwt_uwb_driver-m4-hfp-6.0.7.a(dw3720_device.c.obj)
 .text.ull_readcarrierintegrator
                0x000000000002ea14       0x40 Shared/dwt_uwb_driver/lib/libdwt_uwb_driver-m4-hfp-6.0.7.a(dw3720_device.c.obj)
 .text.ull_readdiagnostics
                0x000000000002ea54      0x786 Shared/dwt_uwb_driver/lib/libdwt_uwb_driver-m4-hfp-6.0.7.a(dw3720_device.c.obj)
 *fill*         0x000000000002f1da        0x2 
 .text.ull_readrxtimestamp
                0x000000000002f1dc       0x44 Shared/dwt_uwb_driver/lib/libdwt_uwb_driver-m4-hfp-6.0.7.a(dw3720_device.c.obj)
 .text.dwt_writetodevice
                0x000000000002f220       0x16 Shared/dwt_uwb_driver/lib/libdwt_uwb_driver-m4-hfp-6.0.7.a(dw3720_device.c.obj)
 .text.dwt_write16bitoffsetreg
                0x000000000002f236       0x20 Shared/dwt_uwb_driver/lib/libdwt_uwb_driver-m4-hfp-6.0.7.a(dw3720_device.c.obj)
 .text.ull_setrxantennadelay
                0x000000000002f256       0x10 Shared/dwt_uwb_driver/lib/libdwt_uwb_driver-m4-hfp-6.0.7.a(dw3720_device.c.obj)
 .text.ull_settxantennadelay
                0x000000000002f266        0xe Shared/dwt_uwb_driver/lib/libdwt_uwb_driver-m4-hfp-6.0.7.a(dw3720_device.c.obj)
 .text.ull_force_clocks
                0x000000000002f274       0x2c Shared/dwt_uwb_driver/lib/libdwt_uwb_driver-m4-hfp-6.0.7.a(dw3720_device.c.obj)
 .text.__dwt_otp_write_wdata_id_reg
                0x000000000002f2a0       0x26 Shared/dwt_uwb_driver/lib/libdwt_uwb_driver-m4-hfp-6.0.7.a(dw3720_device.c.obj)
 *fill*         0x000000000002f2c6        0x2 
 .text._dwt_otpread
                0x000000000002f2c8       0x44 Shared/dwt_uwb_driver/lib/libdwt_uwb_driver-m4-hfp-6.0.7.a(dw3720_device.c.obj)
 .text.dwt_write32bitoffsetreg
                0x000000000002f30c       0x2a Shared/dwt_uwb_driver/lib/libdwt_uwb_driver-m4-hfp-6.0.7.a(dw3720_device.c.obj)
 .text._dwt_adjust_delaytime
                0x000000000002f336       0x4c Shared/dwt_uwb_driver/lib/libdwt_uwb_driver-m4-hfp-6.0.7.a(dw3720_device.c.obj)
 .text.ull_setrxaftertxdelay
                0x000000000002f382       0x28 Shared/dwt_uwb_driver/lib/libdwt_uwb_driver-m4-hfp-6.0.7.a(dw3720_device.c.obj)
 *fill*         0x000000000002f3aa        0x2 
 .text.ull_setfinegraintxseq
                0x000000000002f3ac       0x28 Shared/dwt_uwb_driver/lib/libdwt_uwb_driver-m4-hfp-6.0.7.a(dw3720_device.c.obj)
 .text.ull_setlnapamode
                0x000000000002f3d4       0x40 Shared/dwt_uwb_driver/lib/libdwt_uwb_driver-m4-hfp-6.0.7.a(dw3720_device.c.obj)
 .text.ull_configurestskey
                0x000000000002f414       0x48 Shared/dwt_uwb_driver/lib/libdwt_uwb_driver-m4-hfp-6.0.7.a(dw3720_device.c.obj)
 .text.ull_configurestsiv
                0x000000000002f45c       0x48 Shared/dwt_uwb_driver/lib/libdwt_uwb_driver-m4-hfp-6.0.7.a(dw3720_device.c.obj)
 .text.ull_configmrxlut
                0x000000000002f4a4      0x12c Shared/dwt_uwb_driver/lib/libdwt_uwb_driver-m4-hfp-6.0.7.a(dw3720_device.c.obj)
 .text.ull_disable_rftx_blocks
                0x000000000002f5d0       0x14 Shared/dwt_uwb_driver/lib/libdwt_uwb_driver-m4-hfp-6.0.7.a(dw3720_device.c.obj)
 .text.ull_disable_rf_tx
                0x000000000002f5e4       0x3c Shared/dwt_uwb_driver/lib/libdwt_uwb_driver-m4-hfp-6.0.7.a(dw3720_device.c.obj)
 .text.ull_repeated_cw
                0x000000000002f620       0x48 Shared/dwt_uwb_driver/lib/libdwt_uwb_driver-m4-hfp-6.0.7.a(dw3720_device.c.obj)
 .text.ull_readrxdata
                0x000000000002f668       0x6c Shared/dwt_uwb_driver/lib/libdwt_uwb_driver-m4-hfp-6.0.7.a(dw3720_device.c.obj)
 .text.dwt_write8bitoffsetreg
                0x000000000002f6d4       0x18 Shared/dwt_uwb_driver/lib/libdwt_uwb_driver-m4-hfp-6.0.7.a(dw3720_device.c.obj)
 .text.ull_getframelength
                0x000000000002f6ec       0x64 Shared/dwt_uwb_driver/lib/libdwt_uwb_driver-m4-hfp-6.0.7.a(dw3720_device.c.obj)
 .text._dwt_clear_db_events
                0x000000000002f750       0x34 Shared/dwt_uwb_driver/lib/libdwt_uwb_driver-m4-hfp-6.0.7.a(dw3720_device.c.obj)
 .text.ull_clearaonconfig
                0x000000000002f784       0x40 Shared/dwt_uwb_driver/lib/libdwt_uwb_driver-m4-hfp-6.0.7.a(dw3720_device.c.obj)
 .text.ull_configeventcounters
                0x000000000002f7c4       0x26 Shared/dwt_uwb_driver/lib/libdwt_uwb_driver-m4-hfp-6.0.7.a(dw3720_device.c.obj)
 *fill*         0x000000000002f7ea        0x2 
 .text.ull_aon_read
                0x000000000002f7ec       0x40 Shared/dwt_uwb_driver/lib/libdwt_uwb_driver-m4-hfp-6.0.7.a(dw3720_device.c.obj)
 .text.ull_aon_write
                0x000000000002f82c       0x50 Shared/dwt_uwb_driver/lib/libdwt_uwb_driver-m4-hfp-6.0.7.a(dw3720_device.c.obj)
 .text.ull_configuresleep
                0x000000000002f87c       0x64 Shared/dwt_uwb_driver/lib/libdwt_uwb_driver-m4-hfp-6.0.7.a(dw3720_device.c.obj)
 .text.ull_setplenfine
                0x000000000002f8e0        0xe Shared/dwt_uwb_driver/lib/libdwt_uwb_driver-m4-hfp-6.0.7.a(dw3720_device.c.obj)
 *fill*         0x000000000002f8ee        0x2 
 .text.ull_update_nonce_GCM
                0x000000000002f8f0       0x1c Shared/dwt_uwb_driver/lib/libdwt_uwb_driver-m4-hfp-6.0.7.a(dw3720_device.c.obj)
 .text.ull_update_nonce_CCM
                0x000000000002f90c       0x7c Shared/dwt_uwb_driver/lib/libdwt_uwb_driver-m4-hfp-6.0.7.a(dw3720_device.c.obj)
 .text.ull_writetxdata
                0x000000000002f988       0x64 Shared/dwt_uwb_driver/lib/libdwt_uwb_driver-m4-hfp-6.0.7.a(dw3720_device.c.obj)
 .text.ull_signal_rx_buff_free
                0x000000000002f9ec       0x28 Shared/dwt_uwb_driver/lib/libdwt_uwb_driver-m4-hfp-6.0.7.a(dw3720_device.c.obj)
 .text.ull_isr  0x000000000002fa14      0x304 Shared/dwt_uwb_driver/lib/libdwt_uwb_driver-m4-hfp-6.0.7.a(dw3720_device.c.obj)
 .text.dwt_modify32bitoffsetreg
                0x000000000002fd18       0x48 Shared/dwt_uwb_driver/lib/libdwt_uwb_driver-m4-hfp-6.0.7.a(dw3720_device.c.obj)
 .text.ull_enablegpioclocks
                0x000000000002fd60       0x20 Shared/dwt_uwb_driver/lib/libdwt_uwb_driver-m4-hfp-6.0.7.a(dw3720_device.c.obj)
 .text.ull_enable_rf_tx
                0x000000000002fd80       0x68 Shared/dwt_uwb_driver/lib/libdwt_uwb_driver-m4-hfp-6.0.7.a(dw3720_device.c.obj)
 .text.ull_enable_rftx_blocks
                0x000000000002fde8       0x24 Shared/dwt_uwb_driver/lib/libdwt_uwb_driver-m4-hfp-6.0.7.a(dw3720_device.c.obj)
 .text._dwt_otpprogword32
                0x000000000002fe0c      0x170 Shared/dwt_uwb_driver/lib/libdwt_uwb_driver-m4-hfp-6.0.7.a(dw3720_device.c.obj)
 .text.ull_setgpiomode
                0x000000000002ff7c       0x3c Shared/dwt_uwb_driver/lib/libdwt_uwb_driver-m4-hfp-6.0.7.a(dw3720_device.c.obj)
 .text.ull_writetxfctrl
                0x000000000002ffb8       0x28 Shared/dwt_uwb_driver/lib/libdwt_uwb_driver-m4-hfp-6.0.7.a(dw3720_device.c.obj)
 .text.prs_sys_status_and_or
                0x000000000002ffe0       0x18 Shared/dwt_uwb_driver/lib/libdwt_uwb_driver-m4-hfp-6.0.7.a(dw3720_device.c.obj)
 .text.dwt_modify8bitoffsetreg
                0x000000000002fff8       0x28 Shared/dwt_uwb_driver/lib/libdwt_uwb_driver-m4-hfp-6.0.7.a(dw3720_device.c.obj)
 .text.ull_enablespicrccheck
                0x0000000000030020       0x36 Shared/dwt_uwb_driver/lib/libdwt_uwb_driver-m4-hfp-6.0.7.a(dw3720_device.c.obj)
 *fill*         0x0000000000030056        0x2 
 .text.ull_configciadiag
                0x0000000000030058       0x6c Shared/dwt_uwb_driver/lib/libdwt_uwb_driver-m4-hfp-6.0.7.a(dw3720_device.c.obj)
 .text.ull_configurestsloadiv
                0x00000000000300c4       0x1c Shared/dwt_uwb_driver/lib/libdwt_uwb_driver-m4-hfp-6.0.7.a(dw3720_device.c.obj)
 .text.ull_adcoffsetscalibration
                0x00000000000300e0      0x230 Shared/dwt_uwb_driver/lib/libdwt_uwb_driver-m4-hfp-6.0.7.a(dw3720_device.c.obj)
 .text.ull_restoreconfig
                0x0000000000030310       0x60 Shared/dwt_uwb_driver/lib/libdwt_uwb_driver-m4-hfp-6.0.7.a(dw3720_device.c.obj)
 .text.ull_calcbandwidthadj
                0x0000000000030370       0x84 Shared/dwt_uwb_driver/lib/libdwt_uwb_driver-m4-hfp-6.0.7.a(dw3720_device.c.obj)
 .text.ull_configuretxrf
                0x00000000000303f4       0x34 Shared/dwt_uwb_driver/lib/libdwt_uwb_driver-m4-hfp-6.0.7.a(dw3720_device.c.obj)
 .text.ull_repeated_frames
                0x0000000000030428       0x30 Shared/dwt_uwb_driver/lib/libdwt_uwb_driver-m4-hfp-6.0.7.a(dw3720_device.c.obj)
 .text.ull_setdwstate
                0x0000000000030458       0xbc Shared/dwt_uwb_driver/lib/libdwt_uwb_driver-m4-hfp-6.0.7.a(dw3720_device.c.obj)
 .text.ull_configureframefilter
                0x0000000000030514       0x46 Shared/dwt_uwb_driver/lib/libdwt_uwb_driver-m4-hfp-6.0.7.a(dw3720_device.c.obj)
 *fill*         0x000000000003055a        0x2 
 .text.ull_run_pgfcal
                0x000000000003055c       0xc4 Shared/dwt_uwb_driver/lib/libdwt_uwb_driver-m4-hfp-6.0.7.a(dw3720_device.c.obj)
 .text.ull_setinterrupt
                0x0000000000030620       0xd8 Shared/dwt_uwb_driver/lib/libdwt_uwb_driver-m4-hfp-6.0.7.a(dw3720_device.c.obj)
 .text.prs_ack_enable
                0x00000000000306f8       0x20 Shared/dwt_uwb_driver/lib/libdwt_uwb_driver-m4-hfp-6.0.7.a(dw3720_device.c.obj)
 .text.dwt_modify16bitoffsetreg
                0x0000000000030718       0x32 Shared/dwt_uwb_driver/lib/libdwt_uwb_driver-m4-hfp-6.0.7.a(dw3720_device.c.obj)
 *fill*         0x000000000003074a        0x2 
 .text.ull_configurestsmode
                0x000000000003074c       0x48 Shared/dwt_uwb_driver/lib/libdwt_uwb_driver-m4-hfp-6.0.7.a(dw3720_device.c.obj)
 .text.ull_setleds
                0x0000000000030794       0x9c Shared/dwt_uwb_driver/lib/libdwt_uwb_driver-m4-hfp-6.0.7.a(dw3720_device.c.obj)
 .text.ull_pgf_cal
                0x0000000000030830       0x60 Shared/dwt_uwb_driver/lib/libdwt_uwb_driver-m4-hfp-6.0.7.a(dw3720_device.c.obj)
 .text.ull_setgpiovalue
                0x0000000000030890       0x30 Shared/dwt_uwb_driver/lib/libdwt_uwb_driver-m4-hfp-6.0.7.a(dw3720_device.c.obj)
 .text.ull_readaccdata
                0x00000000000308c0       0x88 Shared/dwt_uwb_driver/lib/libdwt_uwb_driver-m4-hfp-6.0.7.a(dw3720_device.c.obj)
 .text.ull_configure
                0x0000000000030948      0x49c Shared/dwt_uwb_driver/lib/libdwt_uwb_driver-m4-hfp-6.0.7.a(dw3720_device.c.obj)
 .text.ull_initialise
                0x0000000000030de4      0x13c Shared/dwt_uwb_driver/lib/libdwt_uwb_driver-m4-hfp-6.0.7.a(dw3720_device.c.obj)
 .text.ull_rxenable
                0x0000000000030f20       0xe0 Shared/dwt_uwb_driver/lib/libdwt_uwb_driver-m4-hfp-6.0.7.a(dw3720_device.c.obj)
 .text.ull_softreset_no_sema_fcmd
                0x0000000000031000       0x28 Shared/dwt_uwb_driver/lib/libdwt_uwb_driver-m4-hfp-6.0.7.a(dw3720_device.c.obj)
 .text.ull_softreset_fcmd
                0x0000000000031028       0x28 Shared/dwt_uwb_driver/lib/libdwt_uwb_driver-m4-hfp-6.0.7.a(dw3720_device.c.obj)
 .text.dwt_ioctl
                0x0000000000031050     0x2044 Shared/dwt_uwb_driver/lib/libdwt_uwb_driver-m4-hfp-6.0.7.a(dw3720_device.c.obj)
 .text._init    0x0000000000033094      0x198 Shared/dwt_uwb_driver/lib/libdwt_uwb_driver-m4-hfp-6.0.7.a(dw3720_device.c.obj)
                0x000000000003322c                __text_end__ = (__text_start__ + SIZEOF (.text))
                0x000000000001405c                __text_size__ = SIZEOF (.text)
                0x000000000003322c                __text_load_end__ = __text_end__

.vfp11_veneer   0x0000000100000000        0x0
 .vfp11_veneer  0x0000000100000000        0x0 linker stubs

.v4_bx          0x0000000100000000        0x0
 .v4_bx         0x0000000100000000        0x0 linker stubs

.iplt           0x0000000100000000        0x0
 .iplt          0x0000000100000000        0x0 Output/Common/Obj/dw3000_api/deca_mutex.o
                0x0000000000000001                . = ASSERT (((__text_start__ == __text_end__) || ((__text_end__ - __FLASH_segment_start__) <= __FLASH_segment_size__)), error: .text is too large to fit in FLASH memory segment)
                0x000000000003322c                __dw_drivers_load_start__ = ALIGN (__text_end__, 0x4)
