Archive member included to satisfy reference by file (symbol)

/usr/local/segger_embedded_studio_V5.42a/lib/libc_v7em_fpv4_sp_d16_hard_t_le_eabi.a(libc2.o)
                              Output/Common/Obj/dw3000_api/shared_functions.o (abs)
/usr/local/segger_embedded_studio_V5.42a/lib/libc_v7em_fpv4_sp_d16_hard_t_le_eabi.a(libc2_asm.o)
                              Output/Common/Obj/dw3000_api/deca_spi.o (memcpy)
/usr/local/segger_embedded_studio_V5.42a/lib/libc_v7em_fpv4_sp_d16_hard_t_le_eabi.a(libvfprintf.o)
                              (__vfprintf_float_long)
/usr/local/segger_embedded_studio_V5.42a/lib/libc_v7em_fpv4_sp_d16_hard_t_le_eabi.a(libvfscanf.o)
                              (__vfscanf_long)
/usr/local/segger_embedded_studio_V5.42a/lib/libc_v7em_fpv4_sp_d16_hard_t_le_eabi.a(libc.o)
                              /usr/local/segger_embedded_studio_V5.42a/lib/libc_v7em_fpv4_sp_d16_hard_t_le_eabi.a(libc2.o) (__heap_lock)
/usr/local/segger_embedded_studio_V5.42a/lib/libc_v7em_fpv4_sp_d16_hard_t_le_eabi.a(libc_asm.o)
                              /usr/local/segger_embedded_studio_V5.42a/lib/libc_v7em_fpv4_sp_d16_hard_t_le_eabi.a(libc2.o) (__aeabi_uldivmod)
/usr/local/segger_embedded_studio_V5.42a/lib/libdebugio_v7em_fpv4_sp_d16_hard_t_le_eabi.a(libdebugio.o)
                              Output/Common/Obj/dw3000_api/thumb_crt0.o (debug_fopen)
/usr/local/segger_embedded_studio_V5.42a/lib/libdebugio_v7em_fpv4_sp_d16_hard_t_le_eabi.a(do_nv_debug_operation.o)
                              /usr/local/segger_embedded_studio_V5.42a/lib/libdebugio_v7em_fpv4_sp_d16_hard_t_le_eabi.a(libdebugio.o) (__do_nvdebug_operation)
/usr/local/segger_embedded_studio_V5.42a/lib/libdebugio_v7em_fpv4_sp_d16_hard_t_le_eabi.a(mempoll_debug_operations.o)
                              (__do_debug_operation_mempoll)
/usr/local/segger_embedded_studio_V5.42a/lib/libm_v7em_fpv4_sp_d16_hard_t_le_eabi.a(libm_asm.o)
                              /usr/local/segger_embedded_studio_V5.42a/lib/libc_v7em_fpv4_sp_d16_hard_t_le_eabi.a(libc2.o) (__aeabi_dadd)
/usr/local/segger_embedded_studio_V5.42a/lib/libm_v7em_fpv4_sp_d16_hard_t_le_eabi.a(libm2.o)
                              /usr/local/segger_embedded_studio_V5.42a/lib/libc_v7em_fpv4_sp_d16_hard_t_le_eabi.a(libvfprintf.o) (frexp)
Shared/dwt_uwb_driver/lib/libdwt_uwb_driver-m4-hfp-6.0.7.a(deca_interface.c.obj)
                              (--whole-archive)
Shared/dwt_uwb_driver/lib/libdwt_uwb_driver-m4-hfp-6.0.7.a(deca_compat.c.obj)
                              (--whole-archive)
Shared/dwt_uwb_driver/lib/libdwt_uwb_driver-m4-hfp-6.0.7.a(dw3000_device.c.obj)
                              (--whole-archive)
Shared/dwt_uwb_driver/lib/libdwt_uwb_driver-m4-hfp-6.0.7.a(dw3700_device.c.obj)
                              (--whole-archive)
Shared/dwt_uwb_driver/lib/libdwt_uwb_driver-m4-hfp-6.0.7.a(dw3720_device.c.obj)
                              (--whole-archive)

Discarded input sections

 .group         0x0000000000000000        0xc Output/Common/Obj/dw3000_api/deca_mutex.o
 .group         0x0000000000000000        0xc Output/Common/Obj/dw3000_api/deca_mutex.o
 .group         0x0000000000000000        0xc Output/Common/Obj/dw3000_api/deca_mutex.o
 .group         0x0000000000000000        0xc Output/Common/Obj/dw3000_api/deca_mutex.o
 .group         0x0000000000000000        0xc Output/Common/Obj/dw3000_api/deca_mutex.o
 .group         0x0000000000000000        0xc Output/Common/Obj/dw3000_api/deca_mutex.o
 .group         0x0000000000000000        0xc Output/Common/Obj/dw3000_api/deca_mutex.o
 .group         0x0000000000000000        0xc Output/Common/Obj/dw3000_api/deca_mutex.o
 .group         0x0000000000000000        0xc Output/Common/Obj/dw3000_api/deca_mutex.o
 .group         0x0000000000000000        0xc Output/Common/Obj/dw3000_api/deca_mutex.o
 .group         0x0000000000000000        0xc Output/Common/Obj/dw3000_api/deca_mutex.o
 .group         0x0000000000000000        0xc Output/Common/Obj/dw3000_api/deca_mutex.o
 .group         0x0000000000000000        0xc Output/Common/Obj/dw3000_api/deca_mutex.o
 .group         0x0000000000000000        0xc Output/Common/Obj/dw3000_api/deca_mutex.o
 .group         0x0000000000000000        0xc Output/Common/Obj/dw3000_api/deca_mutex.o
 .group         0x0000000000000000        0xc Output/Common/Obj/dw3000_api/deca_mutex.o
 .group         0x0000000000000000        0xc Output/Common/Obj/dw3000_api/deca_mutex.o
 .group         0x0000000000000000        0xc Output/Common/Obj/dw3000_api/deca_mutex.o
 .group         0x0000000000000000        0xc Output/Common/Obj/dw3000_api/deca_mutex.o
 .group         0x0000000000000000        0xc Output/Common/Obj/dw3000_api/deca_mutex.o
 .group         0x0000000000000000        0xc Output/Common/Obj/dw3000_api/deca_mutex.o
 .group         0x0000000000000000        0xc Output/Common/Obj/dw3000_api/deca_mutex.o
 .group         0x0000000000000000        0xc Output/Common/Obj/dw3000_api/deca_mutex.o
[...]
Memory Configuration

Name             Origin             Length             Attributes
UNPLACED_SECTIONS 0x0000000100000000 0x0000000000000000 xw
RAM1             0x0000000020000000 0x0000000000020000 xw
FLASH            0x0000000000000000 0x0000000000080000 xw
*default*        0x0000000000000000 0xffffffffffffffff

Linker script and memory map

                0x0000000000000000                __do_debug_operation = __do_debug_operation_mempoll
                0x0000000000024188                __vfprintf = __vfprintf_float_long
                0x0000000000000000                __vfscanf = __vfscanf_long
                0x0000000020000000                __RAM1_segment_start__ = 0x20000000
                0x0000000020020000                __RAM1_segment_end__ = 0x20020000
                0x0000000000020000                __RAM1_segment_size__ = 0x20000
                0x0000000000000000                __FLASH_segment_start__ = 0x0
                0x0000000000080000                __FLASH_segment_end__ = 0x80000
                0x0000000000080000                __FLASH_segment_size__ = 0x80000
                0x0000000000002000                __HEAPSIZE__ = 0x2000
                0x0000000000000000                __STACKSIZE_PROCESS__ = 0x0
                0x0000000000002000                __STACKSIZE__ = 0x2000
                0x0000000020000000                __vectors_ram_load_start__ = 0x20000000

.vectors_ram    0x0000000020000000        0x0
                0x0000000020000000                __vectors_ram_start__ = .
                0x0000000020000000                __app_ram_start__ = __vectors_ram_start__
 *(.vectors_ram .vectors_ram.*)
                0x0000000020000000                __vectors_ram_end__ = (__vectors_ram_start__ + SIZEOF (.vectors_ram))
                0x0000000000000000                __vectors_ram_size__ = SIZEOF (.vectors_ram)
                0x0000000020000000                __vectors_ram_load_end__ = __vectors_ram_end__
                0x0000000000000001                . = ASSERT (((__vectors_ram_start__ == __vectors_ram_end__) || ((__vectors_ram_end__ - __RAM1_segment_start__) <= __RAM1_segment_size__)), error: .vectors_ram is too large to fit in RAM1 memory segment)
                0x0000000020000000                __nrf_sections_run_load_start__ = ALIGN (__vectors_ram_end__, 0x4)

.nrf_sections_run
                0x0000000020000000        0x0
                0x0000000020000000                __nrf_sections_run_start__ = .
                0x0000000020000000                __start_nrf_sections_run = __nrf_sections_run_start__
 *(.nrf_sections_run .nrf_sections_run.*)
                0x0000000020000000                __nrf_sections_run_end__ = (__nrf_sections_run_start__ + SIZEOF (.nrf_sections_run))
                0x0000000000000000                __nrf_sections_run_size__ = SIZEOF (.nrf_sections_run)
                0x0000000020000000                __nrf_sections_run_load_end__ = __nrf_sections_run_end__
                0x0000000000000001                . = ASSERT (((__nrf_sections_run_start__ == __nrf_sections_run_end__) || ((__nrf_sections_run_end__ - __RAM1_segment_start__) <= __RAM1_segment_size__)), error: .nrf_sections_run is too large to fit in RAM1 memory segment)
                0x0000000000000000                __vectors_load_start__ = 0x0

.vectors        0x0000000000000000      0x200
                0x0000000000000000                __vectors_start__ = .
 *(.vectors .vectors.*)
 .vectors       0x0000000000000000      0x200 Output/Common/Obj/dw3000_api/ses_startup_nrf52833.o
                0x0000000000000000                _vectors
                0x0000000000000200                __vectors_end__ = (__vectors_start__ + SIZEOF (.vectors))
                0x0000000000000200                __vectors_size__ = SIZEOF (.vectors)
                0x0000000000000200                __vectors_load_end__ = __vectors_end__
                0x0000000000000001                . = ASSERT (((__vectors_start__ == __vectors_end__) || ((__vectors_end__ - __FLASH_segment_start__) <= __FLASH_segment_size__)), error: .vectors is too large to fit in FLASH memory segment)
                0x000000000001d000                __default_config_load_start__ = 0x1d000

.default_config
                0x000000000001d000      0x400
                0x000000000001d000                __default_config_start__ = .
 *(.default_config .default_config.*)
                0x000000000001d400                . = ALIGN (MAX ((__default_config_start__ + 0x400), .), 0x100)
 *fill*         0x000000000001d000      0x400 
                0x000000000001d400                __default_config_end__ = (__default_config_start__ + SIZEOF (.default_config))
                0x0000000000000400                __default_config_size__ = SIZEOF (.default_config)
                0x000000000001d400                __default_config_load_end__ = __default_config_end__
                0x0000000000000001                . = ASSERT (((__default_config_start__ == __default_config_end__) || ((__default_config_end__ - __FLASH_segment_start__) <= __FLASH_segment_size__)), error: .default_config is too large to fit in FLASH memory segment)
                0x0000000000000001                . = ASSERT ((__vectors_end__ <= __default_config_start__), error: section .vectors overlaps absolute placed section .default_config)
                0x000000000001e000                __fConfig_load_start__ = 0x1e000

.fConfig        0x000000000001e000     0x1000
                0x000000000001e000                __fConfig_start__ = .
 *(.fConfig .fConfig.*)
                0x000000000001f000                . = ALIGN (MAX ((__fConfig_start__ + 0x1000), .), 0x100)
 *fill*         0x000000000001e000     0x1000 
                0x000000000001f000                __fConfig_end__ = (__fConfig_start__ + SIZEOF (.fConfig))
                0x0000000000001000                __fConfig_size__ = SIZEOF (.fConfig)
                0x000000000001f000                __fConfig_load_end__ = __fConfig_end__
                0x0000000000000001                . = ASSERT (((__fConfig_start__ == __fConfig_end__) || ((__fConfig_end__ - __FLASH_segment_start__) <= __FLASH_segment_size__)), error: .fConfig is too large to fit in FLASH memory segment)
                0x0000000000000001                . = ASSERT ((__default_config_end__ <= __fConfig_start__), error: section .default_config overlaps absolute placed section .fConfig)
                0x000000000001f000                __init_load_start__ = 0x1f000

.init           0x000000000001f000      0x1d0
                0x000000000001f000                __init_start__ = .
 *(.init .init.*)
 .init          0x000000000001f000      0x15c Output/Common/Obj/dw3000_api/thumb_crt0.o
                0x000000000001f000                _start
                0x000000000001f0b4                exit
 .init          0x000000000001f15c       0x18 Output/Common/Obj/dw3000_api/ses_startup_nrf52833.o
                0x000000000001f15c                NMI_Handler
                0x000000000001f15e                HardFault_Handler
                0x000000000001f160                MemoryManagement_Handler
                0x000000000001f162                BusFault_Handler
                0x000000000001f164                UsageFault_Handler
                0x000000000001f166                SVC_Handler
                0x000000000001f168                DebugMon_Handler
                0x000000000001f16a                PendSV_Handler
                0x000000000001f16c                SysTick_Handler
                0x000000000001f16e                TIMER2_IRQHandler
                0x000000000001f16e                RTC0_IRQHandler
                0x000000000001f16e                SWI0_EGU0_IRQHandler
                0x000000000001f16e                SWI2_EGU2_IRQHandler
                0x000000000001f16e                PWM1_IRQHandler
                0x000000000001f16e                POWER_CLOCK_IRQHandler
                0x000000000001f16e                RADIO_IRQHandler
                0x000000000001f16e                PDM_IRQHandler
                0x000000000001f16e                TEMP_IRQHandler
                0x000000000001f16e                QDEC_IRQHandler
                0x000000000001f16e                TIMER3_IRQHandler
                0x000000000001f16e                PWM3_IRQHandler
                0x000000000001f16e                FPU_IRQHandler
                0x000000000001f16e                USBD_IRQHandler
                0x000000000001f16e                TIMER4_IRQHandler
                0x000000000001f16e                I2S_IRQHandler
                0x000000000001f16e                SWI4_EGU4_IRQHandler
                0x000000000001f16e                TIMER0_IRQHandler
                0x000000000001f16e                UARTE1_IRQHandler
                0x000000000001f16e                Dummy_Handler
                0x000000000001f16e                TIMER1_IRQHandler
                0x000000000001f16e                PWM2_IRQHandler
                0x000000000001f16e                ECB_IRQHandler
                0x000000000001f16e                SPIM1_SPIS1_TWIM1_TWIS1_SPI1_TWI1_IRQHandler
                0x000000000001f16e                SAADC_IRQHandler
                0x000000000001f16e                CCM_AAR_IRQHandler
                0x000000000001f16e                WDT_IRQHandler
                0x000000000001f16e                SWI5_EGU5_IRQHandler
                0x000000000001f16e                RNG_IRQHandler
                0x000000000001f16e                RTC2_IRQHandler
                0x000000000001f16e                PWM0_IRQHandler
                0x000000000001f16e                SWI3_EGU3_IRQHandler
                0x000000000001f16e                RTC1_IRQHandler
                0x000000000001f16e                SWI1_EGU1_IRQHandler
                0x000000000001f16e                NFCT_IRQHandler
                0x000000000001f16e                MWU_IRQHandler
                0x000000000001f16e                COMP_LPCOMP_IRQHandler
                0x000000000001f170                nRFInitialize
 .init          0x000000000001f174       0x5c Output/Common/Obj/dw3000_api/ses_startup_nrf_common.o
                0x000000000001f174                Reset_Handler
                0x000000000001f178                afterInitialize
                0x000000000001f19c                InitializeUserMemorySections
                0x000000000001f1d0                __init_end__ = (__init_start__ + SIZEOF (.init))
                0x00000000000001d0                __init_size__ = SIZEOF (.init)
                0x000000000001f1d0                __init_load_end__ = __init_end__
                0x0000000000000001                . = ASSERT (((__init_start__ == __init_end__) || ((__init_end__ - __FLASH_segment_start__) <= __FLASH_segment_size__)), error: .init is too large to fit in FLASH memory segment)
                0x0000000000000001                . = ASSERT ((__fConfig_end__ <= __init_start__), error: section .fConfig overlaps absolute placed section .init)
                0x000000000001f1d0                __init_rodata_load_start__ = ALIGN (__init_end__, 0x4)

.init_rodata    0x000000000001f1d0        0x0
                0x000000000001f1d0                __init_rodata_start__ = .
 *(.init_rodata .init_rodata.*)
                0x000000000001f1d0                __init_rodata_end__ = (__init_rodata_start__ + SIZEOF (.init_rodata))
                0x0000000000000000                __init_rodata_size__ = SIZEOF (.init_rodata)
                0x000000000001f1d0                __init_rodata_load_end__ = __init_rodata_end__
                0x0000000000000001                . = ASSERT (((__init_rodata_start__ == __init_rodata_end__) || ((__init_rodata_end__ - __FLASH_segment_start__) <= __FLASH_segment_size__)), error: .init_rodata is too large to fit in FLASH memory segment)
                0x000000000001f1d0                __text_load_start__ = ALIGN (__init_rodata_end__, 0x4)

.text           0x000000000001f1d0    0x141dc
                0x000000000001f1d0                __text_start__ = .
 *(.text .text.* .glue_7t .glue_7 .gnu.linkonce.t.* .gcc_except_table .ARM.extab* .gnu.linkonce.armextab.*)
 .glue_7        0x000000000001f1d0        0x0 linker stubs
 .glue_7t       0x000000000001f1d0        0x0 linker stubs
 .text.decamutexon
                0x000000000001f1d0       0x30 Output/Common/Obj/dw3000_api/deca_mutex.o
                0x000000000001f1d0                decamutexon
 .text.decamutexoff
                0x000000000001f200       0x24 Output/Common/Obj/dw3000_api/deca_mutex.o
                0x000000000001f200                decamutexoff
 .text.nrfx_coredep_delay_us
                0x000000000001f224       0x30 Output/Common/Obj/dw3000_api/deca_sleep.o
 .text.deca_sleep
                0x000000000001f254       0x14 Output/Common/Obj/dw3000_api/deca_sleep.o
                0x000000000001f254                deca_sleep
 .text.deca_usleep
                0x000000000001f268       0x14 Output/Common/Obj/dw3000_api/deca_sleep.o
                0x000000000001f268                deca_usleep
 .text.dwm3001c_spi_init
                0x000000000001f27c       0xac Output/Common/Obj/dw3000_api/deca_spi.o
                0x000000000001f27c                dwm3001c_spi_init
 .text.nrfx_coredep_delay_us
                0x000000000001f328       0x30 Output/Common/Obj/dw3000_api/port.o
 .text.nrf_gpio_pin_port_decode
                0x000000000001f358       0x2c Output/Common/Obj/dw3000_api/port.o
 .text.nrf_gpio_cfg
                0x000000000001f384       0x62 Output/Common/Obj/dw3000_api/port.o
 .text.nrf_gpio_cfg_output
                0x000000000001f3e6       0x22 Output/Common/Obj/dw3000_api/port.o
 .text.nrf_gpio_pin_read
                0x000000000001f408       0x2a Output/Common/Obj/dw3000_api/port.o
 .text.nrf_gpio_port_in_read
                0x000000000001f432       0x10 Output/Common/Obj/dw3000_api/port.o
 .text.nrf_delay_ms
                0x000000000001f442       0x2a Output/Common/Obj/dw3000_api/port.o
 .text.Sleep    0x000000000001f46c       0x14 Output/Common/Obj/dw3000_api/port.o
                0x000000000001f46c                Sleep
 .text.gpio_init
                0x000000000001f480       0x2c Output/Common/Obj/dw3000_api/port.o
                0x000000000001f480                gpio_init
 .text.deca_irq_handler
                0x000000000001f4ac       0x18 Output/Common/Obj/dw3000_api/port.o
                0x000000000001f4ac                deca_irq_handler
 .text.dw_irq_init
                0x000000000001f4c4       0x60 Output/Common/Obj/dw3000_api/port.o
                0x000000000001f4c4                dw_irq_init
 .text.process_deca_irq
                0x000000000001f524       0x28 Output/Common/Obj/dw3000_api/port.o
                0x000000000001f524                process_deca_irq
 .text.port_CheckEXT_IRQ
                0x000000000001f54c       0x18 Output/Common/Obj/dw3000_api/port.o
                0x000000000001f54c                port_CheckEXT_IRQ
 .text.nrfx_coredep_delay_us
                0x000000000001f564       0x30 Output/Common/Obj/dw3000_api/main.o
 .text.nrf_delay_ms
                0x000000000001f594       0x2a Output/Common/Obj/dw3000_api/main.o
 *fill*         0x000000000001f5be        0x2 
 .text.test_run_info
                0x000000000001f5c0       0x1c Output/Common/Obj/dw3000_api/main.o
                0x000000000001f5c0                test_run_info
 .text.main     0x000000000001f5dc       0x20 Output/Common/Obj/dw3000_api/main.o
                0x000000000001f5dc                main
 .text._DoInit  0x000000000001f5fc       0x9c Output/Common/Obj/dw3000_api/SEGGER_RTT.o
 .text._WriteBlocking
                0x000000000001f698       0xb2 Output/Common/Obj/dw3000_api/SEGGER_RTT.o
 .text._WriteNoCheck
                0x000000000001f74a       0x7e Output/Common/Obj/dw3000_api/SEGGER_RTT.o
 .text._GetAvailWriteSpace
                0x000000000001f7c8       0x3c Output/Common/Obj/dw3000_api/SEGGER_RTT.o
 .text.SEGGER_RTT_WriteNoLock
                0x000000000001f804       0xa0 Output/Common/Obj/dw3000_api/SEGGER_RTT.o
                0x000000000001f804                SEGGER_RTT_WriteNoLock
 .text.SEGGER_RTT_Write
                0x000000000001f8a4       0x44 Output/Common/Obj/dw3000_api/SEGGER_RTT.o
                0x000000000001f8a4                SEGGER_RTT_Write
 .text.printf   0x000000000001f8e8       0x4c Output/Common/Obj/dw3000_api/SEGGER_RTT_Syscalls_SES.o
                0x000000000001f8e8                printf
 .text.nrfx_coredep_delay_us
                0x000000000001f934       0x30 Output/Common/Obj/dw3000_api/uart_example.o
 .text.nrf_delay_ms
                0x000000000001f964       0x2a Output/Common/Obj/dw3000_api/uart_example.o
 *fill*         0x000000000001f98e        0x2 
 .text.uart_event_handler
                0x000000000001f990      0x130 Output/Common/Obj/dw3000_api/uart_example.o
                0x000000000001f990                uart_event_handler
 .text.uart_put_string
                0x000000000001fac0       0x42 Output/Common/Obj/dw3000_api/uart_example.o
                0x000000000001fac0                uart_put_string
 *fill*         0x000000000001fb02        0x2 
 .text.uart_example
                0x000000000001fb04       0x7c Output/Common/Obj/dw3000_api/uart_example.o
                0x000000000001fb04                uart_example
 .text.app_error_handler
                0x000000000001fb80       0x1c Output/Common/Obj/dw3000_api/app_error_handler_gcc.o
                0x000000000001fb80                app_error_handler
 .text.app_error_fault_handler
                0x000000000001fb9c      0x104 Output/Common/Obj/dw3000_api/app_error_weak.o
                0x000000000001fb9c                app_error_fault_handler
 .text.nrf_log_backend_put
                0x000000000001fca0       0x1c Output/Common/Obj/dw3000_api/nrf_log_frontend.o
 .text.nrf_log_backend_panic_set
                0x000000000001fcbc       0x18 Output/Common/Obj/dw3000_api/nrf_log_frontend.o
 .text.nrf_log_backend_flush
                0x000000000001fcd4       0x18 Output/Common/Obj/dw3000_api/nrf_log_frontend.o
 .text.nrf_log_backend_enable
                0x000000000001fcec       0x12 Output/Common/Obj/dw3000_api/nrf_log_frontend.o
 .text.nrf_log_backend_is_enabled
                0x000000000001fcfe       0x10 Output/Common/Obj/dw3000_api/nrf_log_frontend.o
 .text.invalid_packets_omit
                0x000000000001fd0e       0x6e Output/Common/Obj/dw3000_api/nrf_log_frontend.o
 .text.log_skip
                0x000000000001fd7c      0x108 Output/Common/Obj/dw3000_api/nrf_log_frontend.o
 .text.dropped_sat16_get
                0x000000000001fe84       0x28 Output/Common/Obj/dw3000_api/nrf_log_frontend.o
 .text.std_header_set
                0x000000000001feac       0x9c Output/Common/Obj/dw3000_api/nrf_log_frontend.o
 .text.log_pending_hook
                0x000000000001ff48        0x4 Output/Common/Obj/dw3000_api/nrf_log_frontend.o
                0x000000000001ff48                log_pending_hook
 .text.buf_prealloc
                0x000000000001ff4c      0x128 Output/Common/Obj/dw3000_api/nrf_log_frontend.o
 .text.std_n    0x0000000000020074       0x98 Output/Common/Obj/dw3000_api/nrf_log_frontend.o
 .text.nrf_log_frontend_std_0
                0x000000000002010c       0x1c Output/Common/Obj/dw3000_api/nrf_log_frontend.o
                0x000000000002010c                nrf_log_frontend_std_0
 .text.nrf_log_frontend_std_1
                0x0000000000020128       0x22 Output/Common/Obj/dw3000_api/nrf_log_frontend.o
                0x0000000000020128                nrf_log_frontend_std_1
 .text.nrf_log_frontend_std_2
                0x000000000002014a       0x28 Output/Common/Obj/dw3000_api/nrf_log_frontend.o
                0x000000000002014a                nrf_log_frontend_std_2
 .text.nrf_log_frontend_std_5
                0x0000000000020172       0x34 Output/Common/Obj/dw3000_api/nrf_log_frontend.o
                0x0000000000020172                nrf_log_frontend_std_5
 *fill*         0x00000000000201a6        0x2 
 .text.buffer_is_empty
                0x00000000000201a8       0x1c Output/Common/Obj/dw3000_api/nrf_log_frontend.o
                0x00000000000201a8                buffer_is_empty
 .text.nrf_log_frontend_dequeue
                0x00000000000201c4      0x3a0 Output/Common/Obj/dw3000_api/nrf_log_frontend.o
                0x00000000000201c4                nrf_log_frontend_dequeue
 .text.nrf_log_panic
                0x0000000000020564       0x3c Output/Common/Obj/dw3000_api/nrf_log_frontend.o
                0x0000000000020564                nrf_log_panic
 .text.nrf_strerror_get
                0x00000000000205a0       0x28 Output/Common/Obj/dw3000_api/nrf_strerror.o
                0x00000000000205a0                nrf_strerror_get
 .text.nrf_strerror_find
                0x00000000000205c8       0x68 Output/Common/Obj/dw3000_api/nrf_strerror.o
                0x00000000000205c8                nrf_strerror_find
 .text.app_error_save_and_stop
                0x0000000000020630       0x98 Output/Common/Obj/dw3000_api/app_error.o
                0x0000000000020630                app_error_save_and_stop
 .text.nrf_atomic_u32_fetch_store
                0x00000000000206c8       0x2e Output/Common/Obj/dw3000_api/nrf_atomic.o
                0x00000000000206c8                nrf_atomic_u32_fetch_store
 .text.nrf_atomic_u32_or
                0x00000000000206f6       0x30 Output/Common/Obj/dw3000_api/nrf_atomic.o
                0x00000000000206f6                nrf_atomic_u32_or
 .text.nrf_atomic_u32_fetch_and
                0x0000000000020726       0x30 Output/Common/Obj/dw3000_api/nrf_atomic.o
                0x0000000000020726                nrf_atomic_u32_fetch_and
 .text.nrf_atomic_u32_add
                0x0000000000020756       0x30 Output/Common/Obj/dw3000_api/nrf_atomic.o
                0x0000000000020756                nrf_atomic_u32_add
 .text.nrf_atomic_u32_sub
                0x0000000000020786       0x30 Output/Common/Obj/dw3000_api/nrf_atomic.o
                0x0000000000020786                nrf_atomic_u32_sub
 .text.nrf_atomic_flag_set
                0x00000000000207b6       0x18 Output/Common/Obj/dw3000_api/nrf_atomic.o
                0x00000000000207b6                nrf_atomic_flag_set
 .text.nrf_atomic_flag_clear_fetch
                0x00000000000207ce       0x18 Output/Common/Obj/dw3000_api/nrf_atomic.o
                0x00000000000207ce                nrf_atomic_flag_clear_fetch
 *fill*         0x00000000000207e6        0x2 
 .text.app_util_disable_irq
                0x00000000000207e8       0x18 Output/Common/Obj/dw3000_api/app_util_platform.o
                0x00000000000207e8                app_util_disable_irq
 .text.app_util_enable_irq
                0x0000000000020800       0x20 Output/Common/Obj/dw3000_api/app_util_platform.o
                0x0000000000020800                app_util_enable_irq
 .text.app_util_critical_region_enter
                0x0000000000020820       0x12 Output/Common/Obj/dw3000_api/app_util_platform.o
                0x0000000000020820                app_util_critical_region_enter
 .text.app_util_critical_region_exit
                0x0000000000020832       0x16 Output/Common/Obj/dw3000_api/app_util_platform.o
                0x0000000000020832                app_util_critical_region_exit
 .text.nrf_memobj_alloc
                0x0000000000020848       0xae Output/Common/Obj/dw3000_api/nrf_memobj.o
                0x0000000000020848                nrf_memobj_alloc
 .text.nrf_memobj_free
                0x00000000000208f6       0x74 Output/Common/Obj/dw3000_api/nrf_memobj.o
                0x00000000000208f6                nrf_memobj_free
 .text.nrf_memobj_get
                0x000000000002096a       0x1e Output/Common/Obj/dw3000_api/nrf_memobj.o
                0x000000000002096a                nrf_memobj_get
 .text.nrf_memobj_put
                0x0000000000020988       0x34 Output/Common/Obj/dw3000_api/nrf_memobj.o
                0x0000000000020988                nrf_memobj_put
 .text.memobj_op
                0x00000000000209bc      0x102 Output/Common/Obj/dw3000_api/nrf_memobj.o
 .text.nrf_memobj_write
                0x0000000000020abe       0x28 Output/Common/Obj/dw3000_api/nrf_memobj.o
                0x0000000000020abe                nrf_memobj_write
 .text.nrf_balloc_idx2block
                0x0000000000020ae6       0x22 Output/Common/Obj/dw3000_api/nrf_balloc.o
 .text.nrf_balloc_block2idx
                0x0000000000020b08       0x1e Output/Common/Obj/dw3000_api/nrf_balloc.o
 .text.nrf_balloc_alloc
                0x0000000000020b26       0x6e Output/Common/Obj/dw3000_api/nrf_balloc.o
                0x0000000000020b26                nrf_balloc_alloc
 .text.nrf_balloc_free
                0x0000000000020b94       0x34 Output/Common/Obj/dw3000_api/nrf_balloc.o
                0x0000000000020b94                nrf_balloc_free
 .text.nrf_drv_uart_tx
                0x0000000000020bc8       0x64 Output/Common/Obj/dw3000_api/app_uart.o
 .text.nrf_drv_uart_rx
                0x0000000000020c2c       0x64 Output/Common/Obj/dw3000_api/app_uart.o
 .text.uart_event_handler
                0x0000000000020c90       0xa0 Output/Common/Obj/dw3000_api/app_uart.o
 .text.app_uart_init
                0x0000000000020d30       0xcc Output/Common/Obj/dw3000_api/app_uart.o
                0x0000000000020d30                app_uart_init
 .text.app_uart_get
                0x0000000000020dfc       0x38 Output/Common/Obj/dw3000_api/app_uart.o
                0x0000000000020dfc                app_uart_get
 .text.app_uart_put
                0x0000000000020e34       0x44 Output/Common/Obj/dw3000_api/app_uart.o
                0x0000000000020e34                app_uart_put
 .text.__NVIC_SystemReset
                0x0000000000020e78       0x28 Output/Common/Obj/dw3000_api/system_nrf52833.o
 .text.nrf52_errata_36
                0x0000000000020ea0       0x50 Output/Common/Obj/dw3000_api/system_nrf52833.o
 .text.nrf52_errata_66
                0x0000000000020ef0       0x50 Output/Common/Obj/dw3000_api/system_nrf52833.o
 .text.nrf52_errata_136
                0x0000000000020f40       0x50 Output/Common/Obj/dw3000_api/system_nrf52833.o
 .text.nrf52_errata_249
                0x0000000000020f90       0x50 Output/Common/Obj/dw3000_api/system_nrf52833.o
 .text.nrf52_handle_approtect
                0x0000000000020fe0       0x20 Output/Common/Obj/dw3000_api/system_nrf52833.o
 .text.nvmc_wait
                0x0000000000021000       0x18 Output/Common/Obj/dw3000_api/system_nrf52833.o
                0x0000000000021000                nvmc_wait
 .text.nvmc_config
                0x0000000000021018       0x20 Output/Common/Obj/dw3000_api/system_nrf52833.o
                0x0000000000021018                nvmc_config
 .text.SystemCoreClockUpdate
                0x0000000000021038       0x14 Output/Common/Obj/dw3000_api/system_nrf52833.o
                0x0000000000021038                SystemCoreClockUpdate
 .text.SystemInit
                0x000000000002104c      0x1bc Output/Common/Obj/dw3000_api/system_nrf52833.o
                0x000000000002104c                SystemInit
 .text.nrf_gpio_pin_port_decode
                0x0000000000021208       0x2c Output/Common/Obj/dw3000_api/boards.o
 .text.nrf_gpio_cfg
                0x0000000000021234       0x62 Output/Common/Obj/dw3000_api/boards.o
 .text.nrf_gpio_cfg_output
                0x0000000000021296       0x22 Output/Common/Obj/dw3000_api/boards.o
 .text.nrf_gpio_cfg_input
                0x00000000000212b8       0x2a Output/Common/Obj/dw3000_api/boards.o
 .text.nrf_gpio_pin_set
                0x00000000000212e2       0x28 Output/Common/Obj/dw3000_api/boards.o
 .text.nrf_gpio_pin_clear
                0x000000000002130a       0x28 Output/Common/Obj/dw3000_api/boards.o
 .text.nrf_gpio_pin_write
                0x0000000000021332       0x24 Output/Common/Obj/dw3000_api/boards.o
 .text.nrf_gpio_port_out_set
                0x0000000000021356       0x14 Output/Common/Obj/dw3000_api/boards.o
 .text.nrf_gpio_port_out_clear
                0x000000000002136a       0x14 Output/Common/Obj/dw3000_api/boards.o
 *fill*         0x000000000002137e        0x2 
 .text.bsp_board_led_off
                0x0000000000021380       0x24 Output/Common/Obj/dw3000_api/boards.o
                0x0000000000021380                bsp_board_led_off
 .text.bsp_board_leds_off
                0x00000000000213a4       0x26 Output/Common/Obj/dw3000_api/boards.o
                0x00000000000213a4                bsp_board_leds_off
 *fill*         0x00000000000213ca        0x2 
 .text.bsp_board_leds_init
                0x00000000000213cc       0x34 Output/Common/Obj/dw3000_api/boards.o
 .text.bsp_board_buttons_init
                0x0000000000021400       0x2a Output/Common/Obj/dw3000_api/boards.o
 .text.bsp_board_init
                0x000000000002142a       0x2a Output/Common/Obj/dw3000_api/boards.o
                0x000000000002142a                bsp_board_init
 .text.UARTE0_UART0_IRQHandler
                0x0000000000021454       0x10 Output/Common/Obj/dw3000_api/nrfx_prs.o
                0x0000000000021454                UARTE0_UART0_IRQHandler
 .text.prs_box_get
                0x0000000000021464       0x20 Output/Common/Obj/dw3000_api/nrfx_prs.o
 .text.nrfx_prs_acquire
                0x0000000000021484       0x62 Output/Common/Obj/dw3000_api/nrfx_prs.o
                0x0000000000021484                nrfx_prs_acquire
 .text.nrf_spim_event_clear
                0x00000000000214e6       0x2a Output/Common/Obj/dw3000_api/nrfx_spim.o
 .text.nrf_spim_event_check
                0x0000000000021510       0x24 Output/Common/Obj/dw3000_api/nrfx_spim.o
 .text.nrf_gpio_pin_port_decode
                0x0000000000021534       0x2c Output/Common/Obj/dw3000_api/nrfx_spim.o
 .text.nrf_gpio_pin_set
                0x0000000000021560       0x28 Output/Common/Obj/dw3000_api/nrfx_spim.o
 .text.nrf_gpio_pin_clear
                0x0000000000021588       0x28 Output/Common/Obj/dw3000_api/nrfx_spim.o
 .text.nrf_gpio_port_out_set
                0x00000000000215b0       0x14 Output/Common/Obj/dw3000_api/nrfx_spim.o
 .text.nrf_gpio_port_out_clear
                0x00000000000215c4       0x14 Output/Common/Obj/dw3000_api/nrfx_spim.o
 .text.anomaly_198_disable
                0x00000000000215d8       0x14 Output/Common/Obj/dw3000_api/nrfx_spim.o
 .text.finish_transfer
                0x00000000000215ec       0x52 Output/Common/Obj/dw3000_api/nrfx_spim.o
 *fill*         0x000000000002163e        0x2 
 .text.irq_handler
                0x0000000000021640       0x40 Output/Common/Obj/dw3000_api/nrfx_spim.o
 .text.SPIM0_SPIS0_TWIM0_TWIS0_SPI0_TWI0_IRQHandler
                0x0000000000021680       0x18 Output/Common/Obj/dw3000_api/nrfx_spim.o
                0x0000000000021680                SPIM0_SPIS0_TWIM0_TWIS0_SPI0_TWI0_IRQHandler
 .text.SPIM2_SPIS2_SPI2_IRQHandler
                0x0000000000021698       0x18 Output/Common/Obj/dw3000_api/nrfx_spim.o
                0x0000000000021698                SPIM2_SPIS2_SPI2_IRQHandler
 .text.SPIM3_IRQHandler
                0x00000000000216b0       0x18 Output/Common/Obj/dw3000_api/nrfx_spim.o
                0x00000000000216b0                SPIM3_IRQHandler
 .text.__NVIC_EnableIRQ
                0x00000000000216c8       0x34 Output/Common/Obj/dw3000_api/nrfx_gpiote.o
 .text.__NVIC_SetPriority
                0x00000000000216fc       0x50 Output/Common/Obj/dw3000_api/nrfx_gpiote.o
 .text.nrfx_get_irq_number
                0x000000000002174c       0x10 Output/Common/Obj/dw3000_api/nrfx_gpiote.o
 .text._NRFX_IRQ_PRIORITY_SET
                0x000000000002175c       0x2a Output/Common/Obj/dw3000_api/nrfx_gpiote.o
 .text._NRFX_IRQ_ENABLE
                0x0000000000021786       0x1c Output/Common/Obj/dw3000_api/nrfx_gpiote.o
 .text.nrf_gpiote_event_is_set
                0x00000000000217a2       0x2a Output/Common/Obj/dw3000_api/nrfx_gpiote.o
 .text.nrf_gpiote_event_clear
                0x00000000000217cc       0x36 Output/Common/Obj/dw3000_api/nrfx_gpiote.o
 .text.nrf_gpiote_event_addr_get
                0x0000000000021802       0x1a Output/Common/Obj/dw3000_api/nrfx_gpiote.o
 .text.nrf_gpiote_int_enable
                0x000000000002181c       0x18 Output/Common/Obj/dw3000_api/nrfx_gpiote.o
 .text.nrf_gpiote_int_disable
                0x0000000000021834       0x18 Output/Common/Obj/dw3000_api/nrfx_gpiote.o
 .text.nrf_gpiote_int_is_enabled
                0x000000000002184c       0x18 Output/Common/Obj/dw3000_api/nrfx_gpiote.o
 .text.nrf_gpiote_event_enable
                0x0000000000021864       0x2c Output/Common/Obj/dw3000_api/nrfx_gpiote.o
 .text.nrf_gpiote_event_disable
                0x0000000000021890       0x2c Output/Common/Obj/dw3000_api/nrfx_gpiote.o
 .text.nrf_gpiote_event_configure
                0x00000000000218bc       0x64 Output/Common/Obj/dw3000_api/nrfx_gpiote.o
 .text.nrf_gpiote_event_pin_get
                0x0000000000021920       0x20 Output/Common/Obj/dw3000_api/nrfx_gpiote.o
 .text.nrf_gpiote_event_polarity_get
                0x0000000000021940       0x24 Output/Common/Obj/dw3000_api/nrfx_gpiote.o
 .text.nrf_gpiote_task_configure
                0x0000000000021964       0x7c Output/Common/Obj/dw3000_api/nrfx_gpiote.o
 .text.nrf_gpio_pin_port_decode
                0x00000000000219e0       0x2c Output/Common/Obj/dw3000_api/nrfx_gpiote.o
 .text.nrf_gpio_cfg
                0x0000000000021a0c       0x62 Output/Common/Obj/dw3000_api/nrfx_gpiote.o
 .text.nrf_gpio_cfg_output
                0x0000000000021a6e       0x22 Output/Common/Obj/dw3000_api/nrfx_gpiote.o
 .text.nrf_gpio_cfg_input
                0x0000000000021a90       0x2a Output/Common/Obj/dw3000_api/nrfx_gpiote.o
 .text.nrf_gpio_cfg_watcher
                0x0000000000021aba       0x38 Output/Common/Obj/dw3000_api/nrfx_gpiote.o
 .text.nrf_gpio_cfg_sense_set
                0x0000000000021af2       0x5c Output/Common/Obj/dw3000_api/nrfx_gpiote.o
 .text.nrf_gpio_pin_set
                0x0000000000021b4e       0x28 Output/Common/Obj/dw3000_api/nrfx_gpiote.o
 .text.nrf_gpio_pin_clear
                0x0000000000021b76       0x28 Output/Common/Obj/dw3000_api/nrfx_gpiote.o
 .text.nrf_gpio_pin_read
                0x0000000000021b9e       0x2a Output/Common/Obj/dw3000_api/nrfx_gpiote.o
 .text.nrf_gpio_pin_sense_get
                0x0000000000021bc8       0x2c Output/Common/Obj/dw3000_api/nrfx_gpiote.o
 .text.nrf_gpio_port_in_read
                0x0000000000021bf4       0x10 Output/Common/Obj/dw3000_api/nrfx_gpiote.o
 .text.nrf_gpio_port_out_set
                0x0000000000021c04       0x14 Output/Common/Obj/dw3000_api/nrfx_gpiote.o
 .text.nrf_gpio_port_out_clear
                0x0000000000021c18       0x14 Output/Common/Obj/dw3000_api/nrfx_gpiote.o
 .text.nrf_gpio_latches_read_and_clear
                0x0000000000021c2c       0x68 Output/Common/Obj/dw3000_api/nrfx_gpiote.o
 .text.nrf_gpio_pin_latch_clear
                0x0000000000021c94       0x28 Output/Common/Obj/dw3000_api/nrfx_gpiote.o
 .text.nrf_gpio_pin_present_check
                0x0000000000021cbc       0x50 Output/Common/Obj/dw3000_api/nrfx_gpiote.o
 .text.nrf_bitmask_bit_is_set
                0x0000000000021d0c       0x30 Output/Common/Obj/dw3000_api/nrfx_gpiote.o
 .text.nrf_bitmask_bit_set
                0x0000000000021d3c       0x40 Output/Common/Obj/dw3000_api/nrfx_gpiote.o
 .text.pin_in_use
                0x0000000000021d7c       0x28 Output/Common/Obj/dw3000_api/nrfx_gpiote.o
 .text.pin_in_use_by_te
                0x0000000000021da4       0x3c Output/Common/Obj/dw3000_api/nrfx_gpiote.o
 .text.pin_in_use_by_port
                0x0000000000021de0       0x24 Output/Common/Obj/dw3000_api/nrfx_gpiote.o
 .text.pin_in_use_by_gpiote
                0x0000000000021e04       0x24 Output/Common/Obj/dw3000_api/nrfx_gpiote.o
 .text.pin_in_use_by_te_set
                0x0000000000021e28       0x50 Output/Common/Obj/dw3000_api/nrfx_gpiote.o
 .text.pin_in_use_set
                0x0000000000021e78       0x1c Output/Common/Obj/dw3000_api/nrfx_gpiote.o
 .text.pin_in_use_clear
                0x0000000000021e94       0x1c Output/Common/Obj/dw3000_api/nrfx_gpiote.o
 .text.pin_configured_set
                0x0000000000021eb0       0x1c Output/Common/Obj/dw3000_api/nrfx_gpiote.o
 .text.channel_port_get
                0x0000000000021ecc       0x1c Output/Common/Obj/dw3000_api/nrfx_gpiote.o
 .text.channel_handler_get
                0x0000000000021ee8       0x18 Output/Common/Obj/dw3000_api/nrfx_gpiote.o
 .text.port_handler_pin_get
                0x0000000000021f00       0x28 Output/Common/Obj/dw3000_api/nrfx_gpiote.o
 .text.port_handler_polarity_get
                0x0000000000021f28       0x28 Output/Common/Obj/dw3000_api/nrfx_gpiote.o
 .text.channel_port_alloc
                0x0000000000021f50       0x7c Output/Common/Obj/dw3000_api/nrfx_gpiote.o
 .text.channel_free
                0x0000000000021fcc       0x38 Output/Common/Obj/dw3000_api/nrfx_gpiote.o
 .text.nrfx_gpiote_init
                0x0000000000022004       0xc8 Output/Common/Obj/dw3000_api/nrfx_gpiote.o
                0x0000000000022004                nrfx_gpiote_init
 .text.nrfx_gpiote_out_init
                0x00000000000220cc       0x92 Output/Common/Obj/dw3000_api/nrfx_gpiote.o
                0x00000000000220cc                nrfx_gpiote_out_init
 *fill*         0x000000000002215e        0x2 
 .text.nrfx_gpiote_in_init
                0x0000000000022160       0xe0 Output/Common/Obj/dw3000_api/nrfx_gpiote.o
                0x0000000000022160                nrfx_gpiote_in_init
 .text.nrfx_gpiote_in_event_enable
                0x0000000000022240       0xd8 Output/Common/Obj/dw3000_api/nrfx_gpiote.o
                0x0000000000022240                nrfx_gpiote_in_event_enable
 .text.nrfx_gpiote_in_event_disable
                0x0000000000022318       0x50 Output/Common/Obj/dw3000_api/nrfx_gpiote.o
                0x0000000000022318                nrfx_gpiote_in_event_disable
 .text.nrfx_gpiote_in_is_set
                0x0000000000022368       0x20 Output/Common/Obj/dw3000_api/nrfx_gpiote.o
                0x0000000000022368                nrfx_gpiote_in_is_set
 .text.latch_pending_read_and_check
                0x0000000000022388       0x3e Output/Common/Obj/dw3000_api/nrfx_gpiote.o
 *fill*         0x00000000000223c6        0x2 
 .text.port_event_handle
                0x00000000000223c8       0xe4 Output/Common/Obj/dw3000_api/nrfx_gpiote.o
 .text.GPIOTE_IRQHandler
                0x00000000000224ac      0x108 Output/Common/Obj/dw3000_api/nrfx_gpiote.o
                0x00000000000224ac                GPIOTE_IRQHandler
 .text.__NVIC_EnableIRQ
                0x00000000000225b4       0x34 Output/Common/Obj/dw3000_api/nrfx_uarte.o
 .text.__NVIC_SetPriority
                0x00000000000225e8       0x50 Output/Common/Obj/dw3000_api/nrfx_uarte.o
 .text.nrfx_is_in_ram
                0x0000000000022638       0x1c Output/Common/Obj/dw3000_api/nrfx_uarte.o
 .text.nrfx_get_irq_number
                0x0000000000022654       0x10 Output/Common/Obj/dw3000_api/nrfx_uarte.o
 .text._NRFX_IRQ_PRIORITY_SET
                0x0000000000022664       0x2a Output/Common/Obj/dw3000_api/nrfx_uarte.o
 .text._NRFX_IRQ_ENABLE
                0x000000000002268e       0x1c Output/Common/Obj/dw3000_api/nrfx_uarte.o
 .text.nrf_uarte_event_clear
                0x00000000000226aa       0x2a Output/Common/Obj/dw3000_api/nrfx_uarte.o
 .text.nrf_uarte_event_check
                0x00000000000226d4       0x24 Output/Common/Obj/dw3000_api/nrfx_uarte.o
 .text.nrf_uarte_shorts_enable
                0x00000000000226f8       0x1c Output/Common/Obj/dw3000_api/nrfx_uarte.o
 .text.nrf_uarte_shorts_disable
                0x0000000000022714       0x1e Output/Common/Obj/dw3000_api/nrfx_uarte.o
 .text.nrf_uarte_int_enable
                0x0000000000022732       0x14 Output/Common/Obj/dw3000_api/nrfx_uarte.o
 .text.nrf_uarte_int_disable
                0x0000000000022746       0x14 Output/Common/Obj/dw3000_api/nrfx_uarte.o
 .text.nrf_uarte_errorsrc_get_and_clear
                0x000000000002275a       0x1c Output/Common/Obj/dw3000_api/nrfx_uarte.o
 .text.nrf_uarte_enable
                0x0000000000022776       0x12 Output/Common/Obj/dw3000_api/nrfx_uarte.o
 .text.nrf_uarte_txrx_pins_set
                0x0000000000022788       0x1e Output/Common/Obj/dw3000_api/nrfx_uarte.o
 .text.nrf_uarte_hwfc_pins_set
                0x00000000000227a6       0x1e Output/Common/Obj/dw3000_api/nrfx_uarte.o
 .text.nrf_uarte_task_trigger
                0x00000000000227c4       0x1c Output/Common/Obj/dw3000_api/nrfx_uarte.o
 .text.nrf_uarte_configure
                0x00000000000227e0       0x2a Output/Common/Obj/dw3000_api/nrfx_uarte.o
 .text.nrf_uarte_baudrate_set
                0x000000000002280a       0x14 Output/Common/Obj/dw3000_api/nrfx_uarte.o
 .text.nrf_uarte_tx_buffer_set
                0x000000000002281e       0x1e Output/Common/Obj/dw3000_api/nrfx_uarte.o
 .text.nrf_uarte_tx_amount_get
                0x000000000002283c       0x10 Output/Common/Obj/dw3000_api/nrfx_uarte.o
 .text.nrf_uarte_rx_buffer_set
                0x000000000002284c       0x1e Output/Common/Obj/dw3000_api/nrfx_uarte.o
 .text.nrf_uarte_rx_amount_get
                0x000000000002286a       0x10 Output/Common/Obj/dw3000_api/nrfx_uarte.o
 *fill*         0x000000000002287a        0x2 
 .text.nrf_gpio_pin_port_decode
                0x000000000002287c       0x2c Output/Common/Obj/dw3000_api/nrfx_uarte.o
 .text.nrf_gpio_cfg
                0x00000000000228a8       0x62 Output/Common/Obj/dw3000_api/nrfx_uarte.o
 .text.nrf_gpio_cfg_output
                0x000000000002290a       0x22 Output/Common/Obj/dw3000_api/nrfx_uarte.o
 .text.nrf_gpio_cfg_input
                0x000000000002292c       0x2a Output/Common/Obj/dw3000_api/nrfx_uarte.o
 .text.nrf_gpio_pin_set
                0x0000000000022956       0x28 Output/Common/Obj/dw3000_api/nrfx_uarte.o
 .text.nrf_gpio_port_out_set
                0x000000000002297e       0x14 Output/Common/Obj/dw3000_api/nrfx_uarte.o
 .text.apply_config
                0x0000000000022992       0xc6 Output/Common/Obj/dw3000_api/nrfx_uarte.o
 .text.interrupts_enable
                0x0000000000022a58       0x98 Output/Common/Obj/dw3000_api/nrfx_uarte.o
 .text.nrfx_uarte_init
                0x0000000000022af0       0xbc Output/Common/Obj/dw3000_api/nrfx_uarte.o
                0x0000000000022af0                nrfx_uarte_init
 .text.nrfx_uarte_tx
                0x0000000000022bac      0x12c Output/Common/Obj/dw3000_api/nrfx_uarte.o
                0x0000000000022bac                nrfx_uarte_tx
 .text.nrfx_uarte_tx_in_progress
                0x0000000000022cd8       0x30 Output/Common/Obj/dw3000_api/nrfx_uarte.o
                0x0000000000022cd8                nrfx_uarte_tx_in_progress
 .text.nrfx_uarte_rx
                0x0000000000022d08      0x1dc Output/Common/Obj/dw3000_api/nrfx_uarte.o
                0x0000000000022d08                nrfx_uarte_rx
 .text.rx_done_event
                0x0000000000022ee4       0x2e Output/Common/Obj/dw3000_api/nrfx_uarte.o
 .text.tx_done_event
                0x0000000000022f12       0x34 Output/Common/Obj/dw3000_api/nrfx_uarte.o
 .text.uarte_irq_handler
                0x0000000000022f46      0x18c Output/Common/Obj/dw3000_api/nrfx_uarte.o
 *fill*         0x00000000000230d2        0x2 
 .text.nrfx_uarte_0_irq_handler
                0x00000000000230d4       0x18 Output/Common/Obj/dw3000_api/nrfx_uarte.o
                0x00000000000230d4                nrfx_uarte_0_irq_handler
 .text.__NVIC_EnableIRQ
                0x00000000000230ec       0x34 Output/Common/Obj/dw3000_api/nrfx_uart.o
 .text.__NVIC_SetPriority
                0x0000000000023120       0x50 Output/Common/Obj/dw3000_api/nrfx_uart.o
 .text.nrfx_get_irq_number
                0x0000000000023170       0x10 Output/Common/Obj/dw3000_api/nrfx_uart.o
 .text._NRFX_IRQ_PRIORITY_SET
                0x0000000000023180       0x2a Output/Common/Obj/dw3000_api/nrfx_uart.o
 .text._NRFX_IRQ_ENABLE
                0x00000000000231aa       0x1c Output/Common/Obj/dw3000_api/nrfx_uart.o
 .text.nrf_uart_event_clear
                0x00000000000231c6       0x2a Output/Common/Obj/dw3000_api/nrfx_uart.o
 .text.nrf_uart_event_check
                0x00000000000231f0       0x24 Output/Common/Obj/dw3000_api/nrfx_uart.o
 .text.nrf_uart_int_enable
                0x0000000000023214       0x14 Output/Common/Obj/dw3000_api/nrfx_uart.o
 .text.nrf_uart_int_enable_check
                0x0000000000023228       0x20 Output/Common/Obj/dw3000_api/nrfx_uart.o
 .text.nrf_uart_int_disable
                0x0000000000023248       0x14 Output/Common/Obj/dw3000_api/nrfx_uart.o
 .text.nrf_uart_errorsrc_get_and_clear
                0x000000000002325c       0x1c Output/Common/Obj/dw3000_api/nrfx_uart.o
 .text.nrf_uart_enable
                0x0000000000023278       0x12 Output/Common/Obj/dw3000_api/nrfx_uart.o
 .text.nrf_uart_txrx_pins_set
                0x000000000002328a       0x1e Output/Common/Obj/dw3000_api/nrfx_uart.o
 .text.nrf_uart_hwfc_pins_set
                0x00000000000232a8       0x1e Output/Common/Obj/dw3000_api/nrfx_uart.o
 .text.nrf_uart_rxd_get
                0x00000000000232c6       0x12 Output/Common/Obj/dw3000_api/nrfx_uart.o
 .text.nrf_uart_txd_set
                0x00000000000232d8       0x1a Output/Common/Obj/dw3000_api/nrfx_uart.o
 .text.nrf_uart_task_trigger
                0x00000000000232f2       0x1c Output/Common/Obj/dw3000_api/nrfx_uart.o
 .text.nrf_uart_configure
                0x000000000002330e       0x2a Output/Common/Obj/dw3000_api/nrfx_uart.o
 .text.nrf_uart_baudrate_set
                0x0000000000023338       0x14 Output/Common/Obj/dw3000_api/nrfx_uart.o
 .text.nrf_gpio_pin_port_decode
                0x000000000002334c       0x2c Output/Common/Obj/dw3000_api/nrfx_uart.o
 .text.nrf_gpio_cfg
                0x0000000000023378       0x62 Output/Common/Obj/dw3000_api/nrfx_uart.o
 .text.nrf_gpio_cfg_output
                0x00000000000233da       0x22 Output/Common/Obj/dw3000_api/nrfx_uart.o
 .text.nrf_gpio_cfg_input
                0x00000000000233fc       0x2a Output/Common/Obj/dw3000_api/nrfx_uart.o
 .text.nrf_gpio_pin_set
                0x0000000000023426       0x28 Output/Common/Obj/dw3000_api/nrfx_uart.o
 .text.nrf_gpio_port_out_set
                0x000000000002344e       0x14 Output/Common/Obj/dw3000_api/nrfx_uart.o
 .text.apply_config
                0x0000000000023462       0xc6 Output/Common/Obj/dw3000_api/nrfx_uart.o
 .text.interrupts_enable
                0x0000000000023528       0x6c Output/Common/Obj/dw3000_api/nrfx_uart.o
 .text.nrfx_uart_init
                0x0000000000023594       0xc0 Output/Common/Obj/dw3000_api/nrfx_uart.o
                0x0000000000023594                nrfx_uart_init
 .text.tx_byte  0x0000000000023654       0x40 Output/Common/Obj/dw3000_api/nrfx_uart.o
 .text.tx_blocking
                0x0000000000023694       0x52 Output/Common/Obj/dw3000_api/nrfx_uart.o
 *fill*         0x00000000000236e6        0x2 
 .text.nrfx_uart_tx
                0x00000000000236e8       0xd8 Output/Common/Obj/dw3000_api/nrfx_uart.o
                0x00000000000236e8                nrfx_uart_tx
 .text.nrfx_uart_tx_in_progress
                0x00000000000237c0       0x2c Output/Common/Obj/dw3000_api/nrfx_uart.o
                0x00000000000237c0                nrfx_uart_tx_in_progress
 .text.rx_enable
                0x00000000000237ec       0x36 Output/Common/Obj/dw3000_api/nrfx_uart.o
 .text.rx_byte  0x0000000000023822       0x4e Output/Common/Obj/dw3000_api/nrfx_uart.o
 .text.nrfx_uart_rx
                0x0000000000023870      0x1d4 Output/Common/Obj/dw3000_api/nrfx_uart.o
                0x0000000000023870                nrfx_uart_rx
 .text.rx_done_event
                0x0000000000023a44       0x2e Output/Common/Obj/dw3000_api/nrfx_uart.o
 .text.tx_done_event
                0x0000000000023a72       0x34 Output/Common/Obj/dw3000_api/nrfx_uart.o
 .text.uart_irq_handler
                0x0000000000023aa6      0x1de Output/Common/Obj/dw3000_api/nrfx_uart.o
 .text.nrfx_uart_0_irq_handler
                0x0000000000023c84       0x18 Output/Common/Obj/dw3000_api/nrfx_uart.o
                0x0000000000023c84                nrfx_uart_0_irq_handler
 .text.uarte_evt_handler
                0x0000000000023c9c       0x50 Output/Common/Obj/dw3000_api/nrf_drv_uart.o
 .text.uart_evt_handler
                0x0000000000023cec       0x50 Output/Common/Obj/dw3000_api/nrf_drv_uart.o
 .text.nrf_drv_uart_init
                0x0000000000023d3c       0xc0 Output/Common/Obj/dw3000_api/nrf_drv_uart.o
                0x0000000000023d3c                nrf_drv_uart_init
 .text.__aeabi_read_tp
                0x0000000000023dfc        0x8 Output/Common/Obj/dw3000_api/thumb_crt0.o
                0x0000000000023dfc                __aeabi_read_tp
 .text.libc.__RAL_pow10
                0x0000000000023e04       0x54 /usr/local/segger_embedded_studio_V5.42a/lib/libc_v7em_fpv4_sp_d16_hard_t_le_eabi.a(libc2.o)
                0x0000000000023e04                __RAL_pow10
 .text.libc.__putc
                0x0000000000023e58       0x36 /usr/local/segger_embedded_studio_V5.42a/lib/libc_v7em_fpv4_sp_d16_hard_t_le_eabi.a(libc2.o)
                0x0000000000023e58                __putc
 .text.libc.__RAL_print_padding
                0x0000000000023e8e       0x1c /usr/local/segger_embedded_studio_V5.42a/lib/libc_v7em_fpv4_sp_d16_hard_t_le_eabi.a(libc2.o)
                0x0000000000023e8e                __RAL_print_padding
 .text.libc.__RAL_pre_padding
                0x0000000000023eaa       0x1a /usr/local/segger_embedded_studio_V5.42a/lib/libc_v7em_fpv4_sp_d16_hard_t_le_eabi.a(libc2.o)
                0x0000000000023eaa                __RAL_pre_padding
 .text.libc.abs
                0x0000000000023ec4        0x8 /usr/local/segger_embedded_studio_V5.42a/lib/libc_v7em_fpv4_sp_d16_hard_t_le_eabi.a(libc2.o)
                0x0000000000023ec4                abs
 .text.libc.__aeabi_errno_addr
                0x0000000000023ecc       0x14 /usr/local/segger_embedded_studio_V5.42a/lib/libc_v7em_fpv4_sp_d16_hard_t_le_eabi.a(libc2.o)
                0x0000000000023ecc                __aeabi_errno_addr
 .text.libc.malloc
                0x0000000000023ee0       0x90 /usr/local/segger_embedded_studio_V5.42a/lib/libc_v7em_fpv4_sp_d16_hard_t_le_eabi.a(libc2.o)
                0x0000000000023ee0                malloc
 .text.libc.rand
                0x0000000000023f70       0x20 /usr/local/segger_embedded_studio_V5.42a/lib/libc_v7em_fpv4_sp_d16_hard_t_le_eabi.a(libc2.o)
                0x0000000000023f70                rand
 .text.libc.sprintf
                0x0000000000023f90       0x2a /usr/local/segger_embedded_studio_V5.42a/lib/libc_v7em_fpv4_sp_d16_hard_t_le_eabi.a(libc2.o)
                0x0000000000023f90                sprintf
 .text.libc.strncpy
                0x0000000000023fba       0x34 /usr/local/segger_embedded_studio_V5.42a/lib/libc_v7em_fpv4_sp_d16_hard_t_le_eabi.a(libc2.o)
                0x0000000000023fba                strncpy
 .text.libc.strnlen
                0x0000000000023fee       0x22 /usr/local/segger_embedded_studio_V5.42a/lib/libc_v7em_fpv4_sp_d16_hard_t_le_eabi.a(libc2.o)
                0x0000000000023fee                strnlen
 .text.libc.vsnprintf
                0x0000000000024010       0x1c /usr/local/segger_embedded_studio_V5.42a/lib/libc_v7em_fpv4_sp_d16_hard_t_le_eabi.a(libc2.o)
                0x0000000000024010                vsnprintf
 .text.libc.memcpy
                0x000000000002402c       0x52 /usr/local/segger_embedded_studio_V5.42a/lib/libc_v7em_fpv4_sp_d16_hard_t_le_eabi.a(libc2_asm.o)
                0x000000000002402c                memcpy
                0x000000000002402c                __aeabi_memcpy
                0x0000000000024038                __aeabi_memcpy4
                0x0000000000024038                __aeabi_memcpy8
 .text.libc.memset
                0x000000000002407e       0x66 /usr/local/segger_embedded_studio_V5.42a/lib/libc_v7em_fpv4_sp_d16_hard_t_le_eabi.a(libc2_asm.o)
                0x000000000002407e                memset
 .text.libc.strcpy
                0x00000000000240e4       0x44 /usr/local/segger_embedded_studio_V5.42a/lib/libc_v7em_fpv4_sp_d16_hard_t_le_eabi.a(libc2_asm.o)
                0x00000000000240e4                strcpy
 .text.libc.strlen
                0x0000000000024128       0x60 /usr/local/segger_embedded_studio_V5.42a/lib/libc_v7em_fpv4_sp_d16_hard_t_le_eabi.a(libc2_asm.o)
                0x0000000000024128                strlen
 .text.libc.__vfprintf_float_long
                0x0000000000024188     0x10e8 /usr/local/segger_embedded_studio_V5.42a/lib/libc_v7em_fpv4_sp_d16_hard_t_le_eabi.a(libvfprintf.o)
                0x0000000000024188                __vfprintf_float_long
 .text.libc.__heap_lock
                0x0000000000025270        0x2 /usr/local/segger_embedded_studio_V5.42a/lib/libc_v7em_fpv4_sp_d16_hard_t_le_eabi.a(libc.o)
                0x0000000000025270                __heap_lock
 .text.libc.__heap_unlock
                0x0000000000025272        0x2 /usr/local/segger_embedded_studio_V5.42a/lib/libc_v7em_fpv4_sp_d16_hard_t_le_eabi.a(libc.o)
                0x0000000000025272                __heap_unlock
 .text.libc.__int64_udivmod
                0x0000000000025274       0xce /usr/local/segger_embedded_studio_V5.42a/lib/libc_v7em_fpv4_sp_d16_hard_t_le_eabi.a(libc_asm.o)
                0x0000000000025274                __int64_udivmod
                0x0000000000025274                __aeabi_uldivmod
                0x0000000000025274                __int64_udiv
                0x0000000000025274                __udivdi3
 *fill*         0x0000000000025342        0x2 
 .text.__aeabi_dadd
                0x0000000000025344      0x244 /usr/local/segger_embedded_studio_V5.42a/lib/libm_v7em_fpv4_sp_d16_hard_t_le_eabi.a(libm_asm.o)
                0x0000000000025344                __aeabi_dadd
 .text.__aeabi_dsub
                0x0000000000025588        0x8 /usr/local/segger_embedded_studio_V5.42a/lib/libm_v7em_fpv4_sp_d16_hard_t_le_eabi.a(libm_asm.o)
                0x0000000000025588                __aeabi_dsub
 .text.__aeabi_dmul
                0x0000000000025590      0x138 /usr/local/segger_embedded_studio_V5.42a/lib/libm_v7em_fpv4_sp_d16_hard_t_le_eabi.a(libm_asm.o)
                0x0000000000025590                __aeabi_dmul
 .text.__aeabi_ddiv
                0x00000000000256c8      0x1cc /usr/local/segger_embedded_studio_V5.42a/lib/libm_v7em_fpv4_sp_d16_hard_t_le_eabi.a(libm_asm.o)
                0x00000000000256c8                __aeabi_ddiv
 .text.__aeabi_dcmple
                0x0000000000025894       0x3c /usr/local/segger_embedded_studio_V5.42a/lib/libm_v7em_fpv4_sp_d16_hard_t_le_eabi.a(libm_asm.o)
                0x0000000000025894                __aeabi_dcmple
 .text.__aeabi_dcmpeq
                0x00000000000258d0       0x34 /usr/local/segger_embedded_studio_V5.42a/lib/libm_v7em_fpv4_sp_d16_hard_t_le_eabi.a(libm_asm.o)
                0x00000000000258d0                __aeabi_dcmpeq
 .text.__aeabi_dcmpge
                0x0000000000025904       0x3c /usr/local/segger_embedded_studio_V5.42a/lib/libm_v7em_fpv4_sp_d16_hard_t_le_eabi.a(libm_asm.o)
                0x0000000000025904                __aeabi_dcmpge
 .text.__aeabi_dcmpgt
                0x0000000000025940       0x38 /usr/local/segger_embedded_studio_V5.42a/lib/libm_v7em_fpv4_sp_d16_hard_t_le_eabi.a(libm_asm.o)
                0x0000000000025940                __aeabi_dcmpgt
 .text.__aeabi_dcmplt
                0x0000000000025978       0x38 /usr/local/segger_embedded_studio_V5.42a/lib/libm_v7em_fpv4_sp_d16_hard_t_le_eabi.a(libm_asm.o)
                0x0000000000025978                __aeabi_dcmplt
 .text.__aeabi_d2ulz
                0x00000000000259b0       0x40 /usr/local/segger_embedded_studio_V5.42a/lib/libm_v7em_fpv4_sp_d16_hard_t_le_eabi.a(libm_asm.o)
                0x00000000000259b0                __aeabi_d2ulz
 .text.__aeabi_ul2d
                0x00000000000259f0       0x5c /usr/local/segger_embedded_studio_V5.42a/lib/libm_v7em_fpv4_sp_d16_hard_t_le_eabi.a(libm_asm.o)
                0x00000000000259f0                __aeabi_ul2d
 .text.__float64_isinf
                0x0000000000025a4c       0x14 /usr/local/segger_embedded_studio_V5.42a/lib/libm_v7em_fpv4_sp_d16_hard_t_le_eabi.a(libm_asm.o)
                0x0000000000025a4c                __float64_isinf
 .text.__float64_isnan
                0x0000000000025a60       0x14 /usr/local/segger_embedded_studio_V5.42a/lib/libm_v7em_fpv4_sp_d16_hard_t_le_eabi.a(libm_asm.o)
                0x0000000000025a60                __float64_isnan
 .text.__float64_signbit
                0x0000000000025a74        0xc /usr/local/segger_embedded_studio_V5.42a/lib/libm_v7em_fpv4_sp_d16_hard_t_le_eabi.a(libm_asm.o)
                0x0000000000025a74                __float64_signbit
 .text.fabs     0x0000000000025a80       0x10 /usr/local/segger_embedded_studio_V5.42a/lib/libm_v7em_fpv4_sp_d16_hard_t_le_eabi.a(libm_asm.o)
                0x0000000000025a80                fabs
                0x0000000000025a80                fabs(double)
 .text.libc.frexp
                0x0000000000025a90       0x50 /usr/local/segger_embedded_studio_V5.42a/lib/libm_v7em_fpv4_sp_d16_hard_t_le_eabi.a(libm2.o)
                0x0000000000025a90                frexp(double, int*)
                0x0000000000025a90                frexpl(long double, int*)
                0x0000000000025a90                frexpl
                0x0000000000025a90                frexp
 .text.libc.ldexp
                0x0000000000025ae0       0x7c /usr/local/segger_embedded_studio_V5.42a/lib/libm_v7em_fpv4_sp_d16_hard_t_le_eabi.a(libm2.o)
                0x0000000000025ae0                ldexp(double, int)
                0x0000000000025ae0                ldexpl(long double, int)
                0x0000000000025ae0                ldexp
                0x0000000000025ae0                ldexpl
 .text.libc.modf
                0x0000000000025b5c       0x94 /usr/local/segger_embedded_studio_V5.42a/lib/libm_v7em_fpv4_sp_d16_hard_t_le_eabi.a(libm2.o)
                0x0000000000025b5c                modfl
                0x0000000000025b5c                modf
                0x0000000000025b5c                modf(double, double*)
                0x0000000000025b5c                modfl(long double, long double*)
 .text.libc.floor
                0x0000000000025bf0       0xa8 /usr/local/segger_embedded_studio_V5.42a/lib/libm_v7em_fpv4_sp_d16_hard_t_le_eabi.a(libm2.o)
                0x0000000000025bf0                floor
                0x0000000000025bf0                floorl
                0x0000000000025bf0                floorl(long double)
                0x0000000000025bf0                floor(double)
 .text.libc.fmod
                0x0000000000025c98      0x1a4 /usr/local/segger_embedded_studio_V5.42a/lib/libm_v7em_fpv4_sp_d16_hard_t_le_eabi.a(libm2.o)
                0x0000000000025c98                fmod(double, double)
                0x0000000000025c98                fmod
                0x0000000000025c98                fmodl
                0x0000000000025c98                fmodl(long double, long double)
 .text.interface_tx_frame
                0x0000000000025e3c       0x92 Shared/dwt_uwb_driver/lib/libdwt_uwb_driver-m4-hfp-6.0.7.a(deca_interface.c.obj)
                0x0000000000025e3c                interface_tx_frame
 .text.interface_get_timestamp
                0x0000000000025ece       0x22 Shared/dwt_uwb_driver/lib/libdwt_uwb_driver-m4-hfp-6.0.7.a(deca_interface.c.obj)
                0x0000000000025ece                interface_get_timestamp
 .text.interface_rx_disable
                0x0000000000025ef0       0x12 Shared/dwt_uwb_driver/lib/libdwt_uwb_driver-m4-hfp-6.0.7.a(deca_interface.c.obj)
                0x0000000000025ef0                interface_rx_disable
 *fill*         0x0000000000025f02        0x2 
 .text.interface_rx_enable
                0x0000000000025f04      0x1d8 Shared/dwt_uwb_driver/lib/libdwt_uwb_driver-m4-hfp-6.0.7.a(deca_interface.c.obj)
                0x0000000000025f04                interface_rx_enable
 .text.interface_read_rx_frame
                0x00000000000260dc       0x20 Shared/dwt_uwb_driver/lib/libdwt_uwb_driver-m4-hfp-6.0.7.a(deca_interface.c.obj)
                0x00000000000260dc                interface_read_rx_frame
 .text.dwt_forcetrxoff
                0x00000000000260fc       0x1c Shared/dwt_uwb_driver/lib/libdwt_uwb_driver-m4-hfp-6.0.7.a(deca_compat.c.obj)
                0x00000000000260fc                dwt_forcetrxoff
 .text.dwt_rxenable
                0x0000000000026118       0x18 Shared/dwt_uwb_driver/lib/libdwt_uwb_driver-m4-hfp-6.0.7.a(deca_compat.c.obj)
                0x0000000000026118                dwt_rxenable
 .text.dwt_generatecrc8
                0x0000000000026130       0x28 Shared/dwt_uwb_driver/lib/libdwt_uwb_driver-m4-hfp-6.0.7.a(deca_compat.c.obj)
                0x0000000000026130                dwt_generatecrc8
 .text.dwt_dbg_fn
                0x0000000000026158       0x10 Shared/dwt_uwb_driver/lib/libdwt_uwb_driver-m4-hfp-6.0.7.a(dw3000_device.c.obj)
 .text._deinit  0x0000000000026168        0x2 Shared/dwt_uwb_driver/lib/libdwt_uwb_driver-m4-hfp-6.0.7.a(dw3000_device.c.obj)
 .text.dwt_xfer3xxx
                0x000000000002616a      0x106 Shared/dwt_uwb_driver/lib/libdwt_uwb_driver-m4-hfp-6.0.7.a(dw3000_device.c.obj)
 .text.dwt_readfromdevice
                0x0000000000026270       0x14 Shared/dwt_uwb_driver/lib/libdwt_uwb_driver-m4-hfp-6.0.7.a(dw3000_device.c.obj)
 .text.dwt_read32bitoffsetreg
                0x0000000000026284       0x2c Shared/dwt_uwb_driver/lib/libdwt_uwb_driver-m4-hfp-6.0.7.a(dw3000_device.c.obj)
 .text.dwt_read16bitoffsetreg
                0x00000000000262b0       0x24 Shared/dwt_uwb_driver/lib/libdwt_uwb_driver-m4-hfp-6.0.7.a(dw3000_device.c.obj)
 .text.dwt_read8bitoffsetreg
                0x00000000000262d4       0x1c Shared/dwt_uwb_driver/lib/libdwt_uwb_driver-m4-hfp-6.0.7.a(dw3000_device.c.obj)
 .text.ull_readdiagnostics
                0x00000000000262f0      0x718 Shared/dwt_uwb_driver/lib/libdwt_uwb_driver-m4-hfp-6.0.7.a(dw3000_device.c.obj)
 .text.ull_readrxtimestamp
                0x0000000000026a08       0x44 Shared/dwt_uwb_driver/lib/libdwt_uwb_driver-m4-hfp-6.0.7.a(dw3000_device.c.obj)
 .text.dwt_writetodevice
                0x0000000000026a4c       0x16 Shared/dwt_uwb_driver/lib/libdwt_uwb_driver-m4-hfp-6.0.7.a(dw3000_device.c.obj)
 .text.dwt_write8bitoffsetreg
                0x0000000000026a62       0x18 Shared/dwt_uwb_driver/lib/libdwt_uwb_driver-m4-hfp-6.0.7.a(dw3000_device.c.obj)
 *fill*         0x0000000000026a7a        0x2 
 .text.ull_getframelength
                0x0000000000026a7c       0x64 Shared/dwt_uwb_driver/lib/libdwt_uwb_driver-m4-hfp-6.0.7.a(dw3000_device.c.obj)
 .text.ull_configeventcounters
                0x0000000000026ae0       0x26 Shared/dwt_uwb_driver/lib/libdwt_uwb_driver-m4-hfp-6.0.7.a(dw3000_device.c.obj)
 .text.dwt_write16bitoffsetreg
                0x0000000000026b06       0x20 Shared/dwt_uwb_driver/lib/libdwt_uwb_driver-m4-hfp-6.0.7.a(dw3000_device.c.obj)
 *fill*         0x0000000000026b26        0x2 
 .text.ull_clearaonconfig
                0x0000000000026b28       0x40 Shared/dwt_uwb_driver/lib/libdwt_uwb_driver-m4-hfp-6.0.7.a(dw3000_device.c.obj)
 .text.ull_force_clocks
                0x0000000000026b68       0x2c Shared/dwt_uwb_driver/lib/libdwt_uwb_driver-m4-hfp-6.0.7.a(dw3000_device.c.obj)
 .text.__dwt_otp_write_wdata_id_reg
                0x0000000000026b94       0x26 Shared/dwt_uwb_driver/lib/libdwt_uwb_driver-m4-hfp-6.0.7.a(dw3000_device.c.obj)
 *fill*         0x0000000000026bba        0x2 
 .text._dwt_otpread
                0x0000000000026bbc       0x44 Shared/dwt_uwb_driver/lib/libdwt_uwb_driver-m4-hfp-6.0.7.a(dw3000_device.c.obj)
 .text.ull_aon_read
                0x0000000000026c00       0x40 Shared/dwt_uwb_driver/lib/libdwt_uwb_driver-m4-hfp-6.0.7.a(dw3000_device.c.obj)
 .text.ull_aon_write
                0x0000000000026c40       0x50 Shared/dwt_uwb_driver/lib/libdwt_uwb_driver-m4-hfp-6.0.7.a(dw3000_device.c.obj)
 .text.ull_configuresleep
                0x0000000000026c90       0x54 Shared/dwt_uwb_driver/lib/libdwt_uwb_driver-m4-hfp-6.0.7.a(dw3000_device.c.obj)
 .text.ull_signal_rx_buff_free
                0x0000000000026ce4       0x24 Shared/dwt_uwb_driver/lib/libdwt_uwb_driver-m4-hfp-6.0.7.a(dw3000_device.c.obj)
 .text.dwt_write32bitoffsetreg
                0x0000000000026d08       0x2a Shared/dwt_uwb_driver/lib/libdwt_uwb_driver-m4-hfp-6.0.7.a(dw3000_device.c.obj)
 *fill*         0x0000000000026d32        0x2 
 .text.ull_isr  0x0000000000026d34      0x2bc Shared/dwt_uwb_driver/lib/libdwt_uwb_driver-m4-hfp-6.0.7.a(dw3000_device.c.obj)
 .text._dwt_adjust_delaytime
                0x0000000000026ff0       0x50 Shared/dwt_uwb_driver/lib/libdwt_uwb_driver-m4-hfp-6.0.7.a(dw3000_device.c.obj)
 .text.ull_setrxaftertxdelay
                0x0000000000027040       0x2c Shared/dwt_uwb_driver/lib/libdwt_uwb_driver-m4-hfp-6.0.7.a(dw3000_device.c.obj)
 .text.ull_setlnapamode
                0x000000000002706c       0x44 Shared/dwt_uwb_driver/lib/libdwt_uwb_driver-m4-hfp-6.0.7.a(dw3000_device.c.obj)
 .text.ull_configurestskey
                0x00000000000270b0       0x48 Shared/dwt_uwb_driver/lib/libdwt_uwb_driver-m4-hfp-6.0.7.a(dw3000_device.c.obj)
 .text.ull_configurestsiv
                0x00000000000270f8       0x48 Shared/dwt_uwb_driver/lib/libdwt_uwb_driver-m4-hfp-6.0.7.a(dw3000_device.c.obj)
 .text.ull_configmrxlut
                0x0000000000027140      0x104 Shared/dwt_uwb_driver/lib/libdwt_uwb_driver-m4-hfp-6.0.7.a(dw3000_device.c.obj)
 .text.ull_disable_rftx_blocks
                0x0000000000027244       0x14 Shared/dwt_uwb_driver/lib/libdwt_uwb_driver-m4-hfp-6.0.7.a(dw3000_device.c.obj)
 .text.ull_disable_rf_tx
                0x0000000000027258       0x3c Shared/dwt_uwb_driver/lib/libdwt_uwb_driver-m4-hfp-6.0.7.a(dw3000_device.c.obj)
 .text.ull_readrxdata
                0x0000000000027294       0x6c Shared/dwt_uwb_driver/lib/libdwt_uwb_driver-m4-hfp-6.0.7.a(dw3000_device.c.obj)
 .text.ull_rxenable
                0x0000000000027300       0xc8 Shared/dwt_uwb_driver/lib/libdwt_uwb_driver-m4-hfp-6.0.7.a(dw3000_device.c.obj)
 .text.ull_writetxdata
                0x00000000000273c8       0x64 Shared/dwt_uwb_driver/lib/libdwt_uwb_driver-m4-hfp-6.0.7.a(dw3000_device.c.obj)
 .text.dwt_modify32bitoffsetreg
                0x000000000002742c       0x48 Shared/dwt_uwb_driver/lib/libdwt_uwb_driver-m4-hfp-6.0.7.a(dw3000_device.c.obj)
 .text._dwt_kick_dgc_on_wakeup
                0x0000000000027474       0x3c Shared/dwt_uwb_driver/lib/libdwt_uwb_driver-m4-hfp-6.0.7.a(dw3000_device.c.obj)
 .text.ull_enable_rf_tx
                0x00000000000274b0       0x68 Shared/dwt_uwb_driver/lib/libdwt_uwb_driver-m4-hfp-6.0.7.a(dw3000_device.c.obj)
 .text.ull_enable_rftx_blocks
                0x0000000000027518       0x24 Shared/dwt_uwb_driver/lib/libdwt_uwb_driver-m4-hfp-6.0.7.a(dw3000_device.c.obj)
 .text._dwt_otpprogword32
                0x000000000002753c      0x170 Shared/dwt_uwb_driver/lib/libdwt_uwb_driver-m4-hfp-6.0.7.a(dw3000_device.c.obj)
 .text.ull_setgpiomode
                0x00000000000276ac       0x3c Shared/dwt_uwb_driver/lib/libdwt_uwb_driver-m4-hfp-6.0.7.a(dw3000_device.c.obj)
 .text.ull_setinterrupt
                0x00000000000276e8       0xb2 Shared/dwt_uwb_driver/lib/libdwt_uwb_driver-m4-hfp-6.0.7.a(dw3000_device.c.obj)
 *fill*         0x000000000002779a        0x2 
 .text.ull_writetxfctrl
                0x000000000002779c       0x4c Shared/dwt_uwb_driver/lib/libdwt_uwb_driver-m4-hfp-6.0.7.a(dw3000_device.c.obj)
 .text.prs_sys_status_and_or
                0x00000000000277e8       0x18 Shared/dwt_uwb_driver/lib/libdwt_uwb_driver-m4-hfp-6.0.7.a(dw3000_device.c.obj)
 .text.dwt_modify8bitoffsetreg
                0x0000000000027800       0x28 Shared/dwt_uwb_driver/lib/libdwt_uwb_driver-m4-hfp-6.0.7.a(dw3000_device.c.obj)
 .text.ull_configciadiag
                0x0000000000027828       0x6c Shared/dwt_uwb_driver/lib/libdwt_uwb_driver-m4-hfp-6.0.7.a(dw3000_device.c.obj)
 .text.ull_calcbandwidthadj
                0x0000000000027894       0x84 Shared/dwt_uwb_driver/lib/libdwt_uwb_driver-m4-hfp-6.0.7.a(dw3000_device.c.obj)
 .text.ull_configuretxrf
                0x0000000000027918       0x34 Shared/dwt_uwb_driver/lib/libdwt_uwb_driver-m4-hfp-6.0.7.a(dw3000_device.c.obj)
 .text.ull_repeated_frames
                0x000000000002794c       0x30 Shared/dwt_uwb_driver/lib/libdwt_uwb_driver-m4-hfp-6.0.7.a(dw3000_device.c.obj)
 .text.ull_setdwstate
                0x000000000002797c       0xbc Shared/dwt_uwb_driver/lib/libdwt_uwb_driver-m4-hfp-6.0.7.a(dw3000_device.c.obj)
 .text.ull_configureframefilter
                0x0000000000027a38       0x46 Shared/dwt_uwb_driver/lib/libdwt_uwb_driver-m4-hfp-6.0.7.a(dw3000_device.c.obj)
 *fill*         0x0000000000027a7e        0x2 
 .text.ull_run_pgfcal
                0x0000000000027a80       0xc4 Shared/dwt_uwb_driver/lib/libdwt_uwb_driver-m4-hfp-6.0.7.a(dw3000_device.c.obj)
 .text.prs_ack_enable
                0x0000000000027b44       0x20 Shared/dwt_uwb_driver/lib/libdwt_uwb_driver-m4-hfp-6.0.7.a(dw3000_device.c.obj)
 .text.dwt_modify16bitoffsetreg
                0x0000000000027b64       0x32 Shared/dwt_uwb_driver/lib/libdwt_uwb_driver-m4-hfp-6.0.7.a(dw3000_device.c.obj)
 *fill*         0x0000000000027b96        0x2 
 .text._dwt_prog_ldo_and_bias_tune
                0x0000000000027b98       0x38 Shared/dwt_uwb_driver/lib/libdwt_uwb_driver-m4-hfp-6.0.7.a(dw3000_device.c.obj)
 .text.ull_setleds
                0x0000000000027bd0       0x9c Shared/dwt_uwb_driver/lib/libdwt_uwb_driver-m4-hfp-6.0.7.a(dw3000_device.c.obj)
 .text.ull_pgf_cal
                0x0000000000027c6c       0x60 Shared/dwt_uwb_driver/lib/libdwt_uwb_driver-m4-hfp-6.0.7.a(dw3000_device.c.obj)
 .text.ull_setgpiovalue
                0x0000000000027ccc       0x30 Shared/dwt_uwb_driver/lib/libdwt_uwb_driver-m4-hfp-6.0.7.a(dw3000_device.c.obj)
 .text.ull_readaccdata
                0x0000000000027cfc       0x88 Shared/dwt_uwb_driver/lib/libdwt_uwb_driver-m4-hfp-6.0.7.a(dw3000_device.c.obj)
 .text.ull_repeated_cw
                0x0000000000027d84       0x54 Shared/dwt_uwb_driver/lib/libdwt_uwb_driver-m4-hfp-6.0.7.a(dw3000_device.c.obj)
 .text.ull_configure
                0x0000000000027dd8      0x454 Shared/dwt_uwb_driver/lib/libdwt_uwb_driver-m4-hfp-6.0.7.a(dw3000_device.c.obj)
 .text.dwt_ioctl
                0x000000000002822c     0x1f00 Shared/dwt_uwb_driver/lib/libdwt_uwb_driver-m4-hfp-6.0.7.a(dw3000_device.c.obj)
 .text.ull_initialise
                0x000000000002a12c      0x124 Shared/dwt_uwb_driver/lib/libdwt_uwb_driver-m4-hfp-6.0.7.a(dw3000_device.c.obj)
 .text._init    0x000000000002a250      0x1b0 Shared/dwt_uwb_driver/lib/libdwt_uwb_driver-m4-hfp-6.0.7.a(dw3000_device.c.obj)
 .text.dwt_dbg_fn
                0x000000000002a400       0x10 Shared/dwt_uwb_driver/lib/libdwt_uwb_driver-m4-hfp-6.0.7.a(dw3700_device.c.obj)
 .text._deinit  0x000000000002a410        0x2 Shared/dwt_uwb_driver/lib/libdwt_uwb_driver-m4-hfp-6.0.7.a(dw3700_device.c.obj)
 .text.dwt_xfer3xxx
                0x000000000002a412       0xfc Shared/dwt_uwb_driver/lib/libdwt_uwb_driver-m4-hfp-6.0.7.a(dw3700_device.c.obj)
 .text.dwt_readfromdevice
                0x000000000002a50e       0x14 Shared/dwt_uwb_driver/lib/libdwt_uwb_driver-m4-hfp-6.0.7.a(dw3700_device.c.obj)
 .text.dwt_read32bitoffsetreg
                0x000000000002a522       0x2c Shared/dwt_uwb_driver/lib/libdwt_uwb_driver-m4-hfp-6.0.7.a(dw3700_device.c.obj)
 .text.dwt_read16bitoffsetreg
                0x000000000002a54e       0x24 Shared/dwt_uwb_driver/lib/libdwt_uwb_driver-m4-hfp-6.0.7.a(dw3700_device.c.obj)
 .text.dwt_read8bitoffsetreg
                0x000000000002a572       0x1c Shared/dwt_uwb_driver/lib/libdwt_uwb_driver-m4-hfp-6.0.7.a(dw3700_device.c.obj)
 .text.ull_readdiagnostics
                0x000000000002a58e      0x768 Shared/dwt_uwb_driver/lib/libdwt_uwb_driver-m4-hfp-6.0.7.a(dw3700_device.c.obj)
 *fill*         0x000000000002acf6        0x2 
 .text.ull_readrxtimestamp
                0x000000000002acf8       0x44 Shared/dwt_uwb_driver/lib/libdwt_uwb_driver-m4-hfp-6.0.7.a(dw3700_device.c.obj)
 .text.dwt_writetodevice
                0x000000000002ad3c       0x16 Shared/dwt_uwb_driver/lib/libdwt_uwb_driver-m4-hfp-6.0.7.a(dw3700_device.c.obj)
 .text.dwt_write16bitoffsetreg
                0x000000000002ad52       0x20 Shared/dwt_uwb_driver/lib/libdwt_uwb_driver-m4-hfp-6.0.7.a(dw3700_device.c.obj)
 *fill*         0x000000000002ad72        0x2 
 .text.ull_force_clocks
                0x000000000002ad74       0x2c Shared/dwt_uwb_driver/lib/libdwt_uwb_driver-m4-hfp-6.0.7.a(dw3700_device.c.obj)
 .text.__dwt_otp_write_wdata_id_reg
                0x000000000002ada0       0x26 Shared/dwt_uwb_driver/lib/libdwt_uwb_driver-m4-hfp-6.0.7.a(dw3700_device.c.obj)
 *fill*         0x000000000002adc6        0x2 
 .text._dwt_otpread
                0x000000000002adc8       0x44 Shared/dwt_uwb_driver/lib/libdwt_uwb_driver-m4-hfp-6.0.7.a(dw3700_device.c.obj)
 .text.dwt_write32bitoffsetreg
                0x000000000002ae0c       0x2a Shared/dwt_uwb_driver/lib/libdwt_uwb_driver-m4-hfp-6.0.7.a(dw3700_device.c.obj)
 .text._dwt_adjust_delaytime
                0x000000000002ae36       0x4c Shared/dwt_uwb_driver/lib/libdwt_uwb_driver-m4-hfp-6.0.7.a(dw3700_device.c.obj)
 .text.ull_setrxaftertxdelay
                0x000000000002ae82       0x28 Shared/dwt_uwb_driver/lib/libdwt_uwb_driver-m4-hfp-6.0.7.a(dw3700_device.c.obj)
 .text.ull_setlnapamode
                0x000000000002aeaa       0x40 Shared/dwt_uwb_driver/lib/libdwt_uwb_driver-m4-hfp-6.0.7.a(dw3700_device.c.obj)
 *fill*         0x000000000002aeea        0x2 
 .text.ull_configurestskey
                0x000000000002aeec       0x48 Shared/dwt_uwb_driver/lib/libdwt_uwb_driver-m4-hfp-6.0.7.a(dw3700_device.c.obj)
 .text.ull_configurestsiv
                0x000000000002af34       0x48 Shared/dwt_uwb_driver/lib/libdwt_uwb_driver-m4-hfp-6.0.7.a(dw3700_device.c.obj)
 .text.ull_configmrxlut
                0x000000000002af7c       0xf0 Shared/dwt_uwb_driver/lib/libdwt_uwb_driver-m4-hfp-6.0.7.a(dw3700_device.c.obj)
 .text.ull_disable_rftx_blocks
                0x000000000002b06c       0x14 Shared/dwt_uwb_driver/lib/libdwt_uwb_driver-m4-hfp-6.0.7.a(dw3700_device.c.obj)
 .text.ull_disable_rf_tx
                0x000000000002b080       0x3c Shared/dwt_uwb_driver/lib/libdwt_uwb_driver-m4-hfp-6.0.7.a(dw3700_device.c.obj)
 .text.ull_readrxdata
                0x000000000002b0bc       0x6c Shared/dwt_uwb_driver/lib/libdwt_uwb_driver-m4-hfp-6.0.7.a(dw3700_device.c.obj)
 .text.dwt_write8bitoffsetreg
                0x000000000002b128       0x18 Shared/dwt_uwb_driver/lib/libdwt_uwb_driver-m4-hfp-6.0.7.a(dw3700_device.c.obj)
 .text.ull_getframelength
                0x000000000002b140       0x64 Shared/dwt_uwb_driver/lib/libdwt_uwb_driver-m4-hfp-6.0.7.a(dw3700_device.c.obj)
 .text._dwt_clear_db_events
                0x000000000002b1a4       0x34 Shared/dwt_uwb_driver/lib/libdwt_uwb_driver-m4-hfp-6.0.7.a(dw3700_device.c.obj)
 .text.ull_clearaonconfig
                0x000000000002b1d8       0x40 Shared/dwt_uwb_driver/lib/libdwt_uwb_driver-m4-hfp-6.0.7.a(dw3700_device.c.obj)
 .text.ull_configeventcounters
                0x000000000002b218       0x26 Shared/dwt_uwb_driver/lib/libdwt_uwb_driver-m4-hfp-6.0.7.a(dw3700_device.c.obj)
 *fill*         0x000000000002b23e        0x2 
 .text.ull_aon_read
                0x000000000002b240       0x40 Shared/dwt_uwb_driver/lib/libdwt_uwb_driver-m4-hfp-6.0.7.a(dw3700_device.c.obj)
 .text.ull_aon_write
                0x000000000002b280       0x50 Shared/dwt_uwb_driver/lib/libdwt_uwb_driver-m4-hfp-6.0.7.a(dw3700_device.c.obj)
 .text.ull_configuresleep
                0x000000000002b2d0       0x54 Shared/dwt_uwb_driver/lib/libdwt_uwb_driver-m4-hfp-6.0.7.a(dw3700_device.c.obj)
 .text.ull_writetxdata
                0x000000000002b324       0x64 Shared/dwt_uwb_driver/lib/libdwt_uwb_driver-m4-hfp-6.0.7.a(dw3700_device.c.obj)
 .text.ull_signal_rx_buff_free
                0x000000000002b388       0x28 Shared/dwt_uwb_driver/lib/libdwt_uwb_driver-m4-hfp-6.0.7.a(dw3700_device.c.obj)
 .text.ull_isr  0x000000000002b3b0      0x300 Shared/dwt_uwb_driver/lib/libdwt_uwb_driver-m4-hfp-6.0.7.a(dw3700_device.c.obj)
 .text.dwt_modify32bitoffsetreg
                0x000000000002b6b0       0x48 Shared/dwt_uwb_driver/lib/libdwt_uwb_driver-m4-hfp-6.0.7.a(dw3700_device.c.obj)
 .text.ull_enable_rf_tx
                0x000000000002b6f8       0x68 Shared/dwt_uwb_driver/lib/libdwt_uwb_driver-m4-hfp-6.0.7.a(dw3700_device.c.obj)
 .text.ull_enable_rftx_blocks
                0x000000000002b760       0x24 Shared/dwt_uwb_driver/lib/libdwt_uwb_driver-m4-hfp-6.0.7.a(dw3700_device.c.obj)
 .text._dwt_otpprogword32
                0x000000000002b784      0x170 Shared/dwt_uwb_driver/lib/libdwt_uwb_driver-m4-hfp-6.0.7.a(dw3700_device.c.obj)
 .text.ull_setgpiomode
                0x000000000002b8f4       0x3c Shared/dwt_uwb_driver/lib/libdwt_uwb_driver-m4-hfp-6.0.7.a(dw3700_device.c.obj)
 .text.ull_writetxfctrl
                0x000000000002b930       0x4c Shared/dwt_uwb_driver/lib/libdwt_uwb_driver-m4-hfp-6.0.7.a(dw3700_device.c.obj)
 .text.prs_sys_status_and_or
                0x000000000002b97c       0x18 Shared/dwt_uwb_driver/lib/libdwt_uwb_driver-m4-hfp-6.0.7.a(dw3700_device.c.obj)
 .text.dwt_modify8bitoffsetreg
                0x000000000002b994       0x28 Shared/dwt_uwb_driver/lib/libdwt_uwb_driver-m4-hfp-6.0.7.a(dw3700_device.c.obj)
 .text.ull_configciadiag
                0x000000000002b9bc       0x6c Shared/dwt_uwb_driver/lib/libdwt_uwb_driver-m4-hfp-6.0.7.a(dw3700_device.c.obj)
 .text.ull_calcbandwidthadj
                0x000000000002ba28       0x84 Shared/dwt_uwb_driver/lib/libdwt_uwb_driver-m4-hfp-6.0.7.a(dw3700_device.c.obj)
 .text.ull_configuretxrf
                0x000000000002baac       0x34 Shared/dwt_uwb_driver/lib/libdwt_uwb_driver-m4-hfp-6.0.7.a(dw3700_device.c.obj)
 .text.ull_repeated_frames
                0x000000000002bae0       0x30 Shared/dwt_uwb_driver/lib/libdwt_uwb_driver-m4-hfp-6.0.7.a(dw3700_device.c.obj)
 .text.ull_setdwstate
                0x000000000002bb10       0xb8 Shared/dwt_uwb_driver/lib/libdwt_uwb_driver-m4-hfp-6.0.7.a(dw3700_device.c.obj)
 .text.ull_configureframefilter
                0x000000000002bbc8       0x46 Shared/dwt_uwb_driver/lib/libdwt_uwb_driver-m4-hfp-6.0.7.a(dw3700_device.c.obj)
 *fill*         0x000000000002bc0e        0x2 
 .text.ull_run_pgfcal
                0x000000000002bc10       0xc4 Shared/dwt_uwb_driver/lib/libdwt_uwb_driver-m4-hfp-6.0.7.a(dw3700_device.c.obj)
 .text.ull_setinterrupt
                0x000000000002bcd4       0xd8 Shared/dwt_uwb_driver/lib/libdwt_uwb_driver-m4-hfp-6.0.7.a(dw3700_device.c.obj)
 .text.prs_ack_enable
                0x000000000002bdac       0x20 Shared/dwt_uwb_driver/lib/libdwt_uwb_driver-m4-hfp-6.0.7.a(dw3700_device.c.obj)
 .text.dwt_modify16bitoffsetreg
                0x000000000002bdcc       0x32 Shared/dwt_uwb_driver/lib/libdwt_uwb_driver-m4-hfp-6.0.7.a(dw3700_device.c.obj)
 *fill*         0x000000000002bdfe        0x2 
 .text.ull_setleds
                0x000000000002be00       0x9c Shared/dwt_uwb_driver/lib/libdwt_uwb_driver-m4-hfp-6.0.7.a(dw3700_device.c.obj)
 .text.ull_pgf_cal
                0x000000000002be9c       0x60 Shared/dwt_uwb_driver/lib/libdwt_uwb_driver-m4-hfp-6.0.7.a(dw3700_device.c.obj)
 .text.ull_setgpiovalue
                0x000000000002befc       0x30 Shared/dwt_uwb_driver/lib/libdwt_uwb_driver-m4-hfp-6.0.7.a(dw3700_device.c.obj)
 .text.ull_readaccdata
                0x000000000002bf2c       0x88 Shared/dwt_uwb_driver/lib/libdwt_uwb_driver-m4-hfp-6.0.7.a(dw3700_device.c.obj)
 .text.ull_repeated_cw
                0x000000000002bfb4       0x54 Shared/dwt_uwb_driver/lib/libdwt_uwb_driver-m4-hfp-6.0.7.a(dw3700_device.c.obj)
 .text.ull_configure
                0x000000000002c008      0x480 Shared/dwt_uwb_driver/lib/libdwt_uwb_driver-m4-hfp-6.0.7.a(dw3700_device.c.obj)
 .text.ull_initialise
                0x000000000002c488      0x128 Shared/dwt_uwb_driver/lib/libdwt_uwb_driver-m4-hfp-6.0.7.a(dw3700_device.c.obj)
 .text.ull_rxenable
                0x000000000002c5b0       0xe0 Shared/dwt_uwb_driver/lib/libdwt_uwb_driver-m4-hfp-6.0.7.a(dw3700_device.c.obj)
 .text.ull_softreset_no_sema_fcmd
                0x000000000002c690       0x28 Shared/dwt_uwb_driver/lib/libdwt_uwb_driver-m4-hfp-6.0.7.a(dw3700_device.c.obj)
 .text.ull_softreset_fcmd
                0x000000000002c6b8       0x28 Shared/dwt_uwb_driver/lib/libdwt_uwb_driver-m4-hfp-6.0.7.a(dw3700_device.c.obj)
 .text.dwt_ioctl
                0x000000000002c6e0     0x20ec Shared/dwt_uwb_driver/lib/libdwt_uwb_driver-m4-hfp-6.0.7.a(dw3700_device.c.obj)
 .text._init    0x000000000002e7cc      0x1b0 Shared/dwt_uwb_driver/lib/libdwt_uwb_driver-m4-hfp-6.0.7.a(dw3700_device.c.obj)
 .text.ull_wakeup_ic
                0x000000000002e97c        0x8 Shared/dwt_uwb_driver/lib/libdwt_uwb_driver-m4-hfp-6.0.7.a(dw3720_device.c.obj)
 .text.get_sts_mnth
                0x000000000002e984       0x28 Shared/dwt_uwb_driver/lib/libdwt_uwb_driver-m4-hfp-6.0.7.a(dw3720_device.c.obj)
 .text.dwt_dbg_fn
                0x000000000002e9ac       0x10 Shared/dwt_uwb_driver/lib/libdwt_uwb_driver-m4-hfp-6.0.7.a(dw3720_device.c.obj)
 .text._deinit  0x000000000002e9bc        0x2 Shared/dwt_uwb_driver/lib/libdwt_uwb_driver-m4-hfp-6.0.7.a(dw3720_device.c.obj)
 .text.dwt_xfer3xxx
                0x000000000002e9be       0xfc Shared/dwt_uwb_driver/lib/libdwt_uwb_driver-m4-hfp-6.0.7.a(dw3720_device.c.obj)
 .text.dwt_readfromdevice
                0x000000000002eaba       0x14 Shared/dwt_uwb_driver/lib/libdwt_uwb_driver-m4-hfp-6.0.7.a(dw3720_device.c.obj)
 .text.dwt_read32bitoffsetreg
                0x000000000002eace       0x2c Shared/dwt_uwb_driver/lib/libdwt_uwb_driver-m4-hfp-6.0.7.a(dw3720_device.c.obj)
 .text.dwt_read16bitoffsetreg
                0x000000000002eafa       0x24 Shared/dwt_uwb_driver/lib/libdwt_uwb_driver-m4-hfp-6.0.7.a(dw3720_device.c.obj)
 .text.ull_getrxantennadelay
                0x000000000002eb1e        0xe Shared/dwt_uwb_driver/lib/libdwt_uwb_driver-m4-hfp-6.0.7.a(dw3720_device.c.obj)
 .text.ull_gettxantennadelay
                0x000000000002eb2c        0xc Shared/dwt_uwb_driver/lib/libdwt_uwb_driver-m4-hfp-6.0.7.a(dw3720_device.c.obj)
 .text.ull_readclockoffset
                0x000000000002eb38       0x40 Shared/dwt_uwb_driver/lib/libdwt_uwb_driver-m4-hfp-6.0.7.a(dw3720_device.c.obj)
 .text.dwt_read8bitoffsetreg
                0x000000000002eb78       0x1c Shared/dwt_uwb_driver/lib/libdwt_uwb_driver-m4-hfp-6.0.7.a(dw3720_device.c.obj)
 .text.ull_readcarrierintegrator
                0x000000000002eb94       0x40 Shared/dwt_uwb_driver/lib/libdwt_uwb_driver-m4-hfp-6.0.7.a(dw3720_device.c.obj)
 .text.ull_readdiagnostics
                0x000000000002ebd4      0x786 Shared/dwt_uwb_driver/lib/libdwt_uwb_driver-m4-hfp-6.0.7.a(dw3720_device.c.obj)
 *fill*         0x000000000002f35a        0x2 
 .text.ull_readrxtimestamp
                0x000000000002f35c       0x44 Shared/dwt_uwb_driver/lib/libdwt_uwb_driver-m4-hfp-6.0.7.a(dw3720_device.c.obj)
 .text.dwt_writetodevice
                0x000000000002f3a0       0x16 Shared/dwt_uwb_driver/lib/libdwt_uwb_driver-m4-hfp-6.0.7.a(dw3720_device.c.obj)
 .text.dwt_write16bitoffsetreg
                0x000000000002f3b6       0x20 Shared/dwt_uwb_driver/lib/libdwt_uwb_driver-m4-hfp-6.0.7.a(dw3720_device.c.obj)
 .text.ull_setrxantennadelay
                0x000000000002f3d6       0x10 Shared/dwt_uwb_driver/lib/libdwt_uwb_driver-m4-hfp-6.0.7.a(dw3720_device.c.obj)
 .text.ull_settxantennadelay
                0x000000000002f3e6        0xe Shared/dwt_uwb_driver/lib/libdwt_uwb_driver-m4-hfp-6.0.7.a(dw3720_device.c.obj)
 .text.ull_force_clocks
                0x000000000002f3f4       0x2c Shared/dwt_uwb_driver/lib/libdwt_uwb_driver-m4-hfp-6.0.7.a(dw3720_device.c.obj)
 .text.__dwt_otp_write_wdata_id_reg
                0x000000000002f420       0x26 Shared/dwt_uwb_driver/lib/libdwt_uwb_driver-m4-hfp-6.0.7.a(dw3720_device.c.obj)
 *fill*         0x000000000002f446        0x2 
 .text._dwt_otpread
                0x000000000002f448       0x44 Shared/dwt_uwb_driver/lib/libdwt_uwb_driver-m4-hfp-6.0.7.a(dw3720_device.c.obj)
 .text.dwt_write32bitoffsetreg
                0x000000000002f48c       0x2a Shared/dwt_uwb_driver/lib/libdwt_uwb_driver-m4-hfp-6.0.7.a(dw3720_device.c.obj)
 .text._dwt_adjust_delaytime
                0x000000000002f4b6       0x4c Shared/dwt_uwb_driver/lib/libdwt_uwb_driver-m4-hfp-6.0.7.a(dw3720_device.c.obj)
 .text.ull_setrxaftertxdelay
                0x000000000002f502       0x28 Shared/dwt_uwb_driver/lib/libdwt_uwb_driver-m4-hfp-6.0.7.a(dw3720_device.c.obj)
 *fill*         0x000000000002f52a        0x2 
 .text.ull_setfinegraintxseq
                0x000000000002f52c       0x28 Shared/dwt_uwb_driver/lib/libdwt_uwb_driver-m4-hfp-6.0.7.a(dw3720_device.c.obj)
 .text.ull_setlnapamode
                0x000000000002f554       0x40 Shared/dwt_uwb_driver/lib/libdwt_uwb_driver-m4-hfp-6.0.7.a(dw3720_device.c.obj)
 .text.ull_configurestskey
                0x000000000002f594       0x48 Shared/dwt_uwb_driver/lib/libdwt_uwb_driver-m4-hfp-6.0.7.a(dw3720_device.c.obj)
 .text.ull_configurestsiv
                0x000000000002f5dc       0x48 Shared/dwt_uwb_driver/lib/libdwt_uwb_driver-m4-hfp-6.0.7.a(dw3720_device.c.obj)
 .text.ull_configmrxlut
                0x000000000002f624      0x12c Shared/dwt_uwb_driver/lib/libdwt_uwb_driver-m4-hfp-6.0.7.a(dw3720_device.c.obj)
 .text.ull_disable_rftx_blocks
                0x000000000002f750       0x14 Shared/dwt_uwb_driver/lib/libdwt_uwb_driver-m4-hfp-6.0.7.a(dw3720_device.c.obj)
 .text.ull_disable_rf_tx
                0x000000000002f764       0x3c Shared/dwt_uwb_driver/lib/libdwt_uwb_driver-m4-hfp-6.0.7.a(dw3720_device.c.obj)
 .text.ull_repeated_cw
                0x000000000002f7a0       0x48 Shared/dwt_uwb_driver/lib/libdwt_uwb_driver-m4-hfp-6.0.7.a(dw3720_device.c.obj)
 .text.ull_readrxdata
                0x000000000002f7e8       0x6c Shared/dwt_uwb_driver/lib/libdwt_uwb_driver-m4-hfp-6.0.7.a(dw3720_device.c.obj)
 .text.dwt_write8bitoffsetreg
                0x000000000002f854       0x18 Shared/dwt_uwb_driver/lib/libdwt_uwb_driver-m4-hfp-6.0.7.a(dw3720_device.c.obj)
 .text.ull_getframelength
                0x000000000002f86c       0x64 Shared/dwt_uwb_driver/lib/libdwt_uwb_driver-m4-hfp-6.0.7.a(dw3720_device.c.obj)
 .text._dwt_clear_db_events
                0x000000000002f8d0       0x34 Shared/dwt_uwb_driver/lib/libdwt_uwb_driver-m4-hfp-6.0.7.a(dw3720_device.c.obj)
 .text.ull_clearaonconfig
                0x000000000002f904       0x40 Shared/dwt_uwb_driver/lib/libdwt_uwb_driver-m4-hfp-6.0.7.a(dw3720_device.c.obj)
 .text.ull_configeventcounters
                0x000000000002f944       0x26 Shared/dwt_uwb_driver/lib/libdwt_uwb_driver-m4-hfp-6.0.7.a(dw3720_device.c.obj)
 *fill*         0x000000000002f96a        0x2 
 .text.ull_aon_read
                0x000000000002f96c       0x40 Shared/dwt_uwb_driver/lib/libdwt_uwb_driver-m4-hfp-6.0.7.a(dw3720_device.c.obj)
 .text.ull_aon_write
                0x000000000002f9ac       0x50 Shared/dwt_uwb_driver/lib/libdwt_uwb_driver-m4-hfp-6.0.7.a(dw3720_device.c.obj)
 .text.ull_configuresleep
                0x000000000002f9fc       0x64 Shared/dwt_uwb_driver/lib/libdwt_uwb_driver-m4-hfp-6.0.7.a(dw3720_device.c.obj)
 .text.ull_setplenfine
                0x000000000002fa60        0xe Shared/dwt_uwb_driver/lib/libdwt_uwb_driver-m4-hfp-6.0.7.a(dw3720_device.c.obj)
 *fill*         0x000000000002fa6e        0x2 
 .text.ull_update_nonce_GCM
                0x000000000002fa70       0x1c Shared/dwt_uwb_driver/lib/libdwt_uwb_driver-m4-hfp-6.0.7.a(dw3720_device.c.obj)
 .text.ull_update_nonce_CCM
                0x000000000002fa8c       0x7c Shared/dwt_uwb_driver/lib/libdwt_uwb_driver-m4-hfp-6.0.7.a(dw3720_device.c.obj)
 .text.ull_writetxdata
                0x000000000002fb08       0x64 Shared/dwt_uwb_driver/lib/libdwt_uwb_driver-m4-hfp-6.0.7.a(dw3720_device.c.obj)
 .text.ull_signal_rx_buff_free
                0x000000000002fb6c       0x28 Shared/dwt_uwb_driver/lib/libdwt_uwb_driver-m4-hfp-6.0.7.a(dw3720_device.c.obj)
 .text.ull_isr  0x000000000002fb94      0x304 Shared/dwt_uwb_driver/lib/libdwt_uwb_driver-m4-hfp-6.0.7.a(dw3720_device.c.obj)
 .text.dwt_modify32bitoffsetreg
                0x000000000002fe98       0x48 Shared/dwt_uwb_driver/lib/libdwt_uwb_driver-m4-hfp-6.0.7.a(dw3720_device.c.obj)
 .text.ull_enablegpioclocks
                0x000000000002fee0       0x20 Shared/dwt_uwb_driver/lib/libdwt_uwb_driver-m4-hfp-6.0.7.a(dw3720_device.c.obj)
 .text.ull_enable_rf_tx
                0x000000000002ff00       0x68 Shared/dwt_uwb_driver/lib/libdwt_uwb_driver-m4-hfp-6.0.7.a(dw3720_device.c.obj)
 .text.ull_enable_rftx_blocks
                0x000000000002ff68       0x24 Shared/dwt_uwb_driver/lib/libdwt_uwb_driver-m4-hfp-6.0.7.a(dw3720_device.c.obj)
 .text._dwt_otpprogword32
                0x000000000002ff8c      0x170 Shared/dwt_uwb_driver/lib/libdwt_uwb_driver-m4-hfp-6.0.7.a(dw3720_device.c.obj)
 .text.ull_setgpiomode
                0x00000000000300fc       0x3c Shared/dwt_uwb_driver/lib/libdwt_uwb_driver-m4-hfp-6.0.7.a(dw3720_device.c.obj)
 .text.ull_writetxfctrl
                0x0000000000030138       0x28 Shared/dwt_uwb_driver/lib/libdwt_uwb_driver-m4-hfp-6.0.7.a(dw3720_device.c.obj)
 .text.prs_sys_status_and_or
                0x0000000000030160       0x18 Shared/dwt_uwb_driver/lib/libdwt_uwb_driver-m4-hfp-6.0.7.a(dw3720_device.c.obj)
 .text.dwt_modify8bitoffsetreg
                0x0000000000030178       0x28 Shared/dwt_uwb_driver/lib/libdwt_uwb_driver-m4-hfp-6.0.7.a(dw3720_device.c.obj)
 .text.ull_enablespicrccheck
                0x00000000000301a0       0x36 Shared/dwt_uwb_driver/lib/libdwt_uwb_driver-m4-hfp-6.0.7.a(dw3720_device.c.obj)
 *fill*         0x00000000000301d6        0x2 
 .text.ull_configciadiag
                0x00000000000301d8       0x6c Shared/dwt_uwb_driver/lib/libdwt_uwb_driver-m4-hfp-6.0.7.a(dw3720_device.c.obj)
 .text.ull_configurestsloadiv
                0x0000000000030244       0x1c Shared/dwt_uwb_driver/lib/libdwt_uwb_driver-m4-hfp-6.0.7.a(dw3720_device.c.obj)
 .text.ull_adcoffsetscalibration
                0x0000000000030260      0x230 Shared/dwt_uwb_driver/lib/libdwt_uwb_driver-m4-hfp-6.0.7.a(dw3720_device.c.obj)
 .text.ull_restoreconfig
                0x0000000000030490       0x60 Shared/dwt_uwb_driver/lib/libdwt_uwb_driver-m4-hfp-6.0.7.a(dw3720_device.c.obj)
 .text.ull_calcbandwidthadj
                0x00000000000304f0       0x84 Shared/dwt_uwb_driver/lib/libdwt_uwb_driver-m4-hfp-6.0.7.a(dw3720_device.c.obj)
 .text.ull_configuretxrf
                0x0000000000030574       0x34 Shared/dwt_uwb_driver/lib/libdwt_uwb_driver-m4-hfp-6.0.7.a(dw3720_device.c.obj)
 .text.ull_repeated_frames
                0x00000000000305a8       0x30 Shared/dwt_uwb_driver/lib/libdwt_uwb_driver-m4-hfp-6.0.7.a(dw3720_device.c.obj)
 .text.ull_setdwstate
                0x00000000000305d8       0xbc Shared/dwt_uwb_driver/lib/libdwt_uwb_driver-m4-hfp-6.0.7.a(dw3720_device.c.obj)
 .text.ull_configureframefilter
                0x0000000000030694       0x46 Shared/dwt_uwb_driver/lib/libdwt_uwb_driver-m4-hfp-6.0.7.a(dw3720_device.c.obj)
 *fill*         0x00000000000306da        0x2 
 .text.ull_run_pgfcal
                0x00000000000306dc       0xc4 Shared/dwt_uwb_driver/lib/libdwt_uwb_driver-m4-hfp-6.0.7.a(dw3720_device.c.obj)
 .text.ull_setinterrupt
                0x00000000000307a0       0xd8 Shared/dwt_uwb_driver/lib/libdwt_uwb_driver-m4-hfp-6.0.7.a(dw3720_device.c.obj)
 .text.prs_ack_enable
                0x0000000000030878       0x20 Shared/dwt_uwb_driver/lib/libdwt_uwb_driver-m4-hfp-6.0.7.a(dw3720_device.c.obj)
 .text.dwt_modify16bitoffsetreg
                0x0000000000030898       0x32 Shared/dwt_uwb_driver/lib/libdwt_uwb_driver-m4-hfp-6.0.7.a(dw3720_device.c.obj)
 *fill*         0x00000000000308ca        0x2 
 .text.ull_configurestsmode
                0x00000000000308cc       0x48 Shared/dwt_uwb_driver/lib/libdwt_uwb_driver-m4-hfp-6.0.7.a(dw3720_device.c.obj)
 .text.ull_setleds
                0x0000000000030914       0x9c Shared/dwt_uwb_driver/lib/libdwt_uwb_driver-m4-hfp-6.0.7.a(dw3720_device.c.obj)
 .text.ull_pgf_cal
                0x00000000000309b0       0x60 Shared/dwt_uwb_driver/lib/libdwt_uwb_driver-m4-hfp-6.0.7.a(dw3720_device.c.obj)
 .text.ull_setgpiovalue
                0x0000000000030a10       0x30 Shared/dwt_uwb_driver/lib/libdwt_uwb_driver-m4-hfp-6.0.7.a(dw3720_device.c.obj)
 .text.ull_readaccdata
                0x0000000000030a40       0x88 Shared/dwt_uwb_driver/lib/libdwt_uwb_driver-m4-hfp-6.0.7.a(dw3720_device.c.obj)
 .text.ull_configure
                0x0000000000030ac8      0x49c Shared/dwt_uwb_driver/lib/libdwt_uwb_driver-m4-hfp-6.0.7.a(dw3720_device.c.obj)
 .text.ull_initialise
                0x0000000000030f64      0x13c Shared/dwt_uwb_driver/lib/libdwt_uwb_driver-m4-hfp-6.0.7.a(dw3720_device.c.obj)
 .text.ull_rxenable
                0x00000000000310a0       0xe0 Shared/dwt_uwb_driver/lib/libdwt_uwb_driver-m4-hfp-6.0.7.a(dw3720_device.c.obj)
 .text.ull_softreset_no_sema_fcmd
                0x0000000000031180       0x28 Shared/dwt_uwb_driver/lib/libdwt_uwb_driver-m4-hfp-6.0.7.a(dw3720_device.c.obj)
 .text.ull_softreset_fcmd
                0x00000000000311a8       0x28 Shared/dwt_uwb_driver/lib/libdwt_uwb_driver-m4-hfp-6.0.7.a(dw3720_device.c.obj)
 .text.dwt_ioctl
                0x00000000000311d0     0x2044 Shared/dwt_uwb_driver/lib/libdwt_uwb_driver-m4-hfp-6.0.7.a(dw3720_device.c.obj)
 .text._init    0x0000000000033214      0x198 Shared/dwt_uwb_driver/lib/libdwt_uwb_driver-m4-hfp-6.0.7.a(dw3720_device.c.obj)
                0x00000000000333ac                __text_end__ = (__text_start__ + SIZEOF (.text))
                0x00000000000141dc                __text_size__ = SIZEOF (.text)
                0x00000000000333ac                __text_load_end__ = __text_end__

.vfp11_veneer   0x0000000100000000        0x0
 .vfp11_veneer  0x0000000100000000        0x0 linker stubs

.v4_bx          0x0000000100000000        0x0
 .v4_bx         0x0000000100000000        0x0 linker stubs

.iplt           0x0000000100000000        0x0